Component: ARM Compiler 5.06 update 7 (build 960) Tool: armlink [4d3601]

==============================================================================

Section Cross References

    startup_stm32f030x8.o(STACK) refers (Special) to heapauxi.o(.text) for __use_two_region_memory
    startup_stm32f030x8.o(HEAP) refers (Special) to heapauxi.o(.text) for __use_two_region_memory
    startup_stm32f030x8.o(RESET) refers (Special) to heapauxi.o(.text) for __use_two_region_memory
    startup_stm32f030x8.o(RESET) refers to startup_stm32f030x8.o(STACK) for __initial_sp
    startup_stm32f030x8.o(RESET) refers to startup_stm32f030x8.o(.text) for Reset_Handler
    startup_stm32f030x8.o(RESET) refers to stm32f0xx_it.o(i.NMI_Handler) for NMI_Handler
    startup_stm32f030x8.o(RESET) refers to stm32f0xx_it.o(i.HardFault_Handler) for HardFault_Handler
    startup_stm32f030x8.o(RESET) refers to stm32f0xx_it.o(i.SVC_Handler) for SVC_Handler
    startup_stm32f030x8.o(RESET) refers to stm32f0xx_it.o(i.PendSV_Handler) for PendSV_Handler
    startup_stm32f030x8.o(RESET) refers to stm32f0xx_it.o(i.SysTick_Handler) for SysTick_Handler
    startup_stm32f030x8.o(RESET) refers to stm32f0xx_it.o(i.USART1_IRQHandler) for USART1_IRQHandler
    startup_stm32f030x8.o(RESET) refers to stm32f0xx_it.o(i.USART2_IRQHandler) for USART2_IRQHandler
    startup_stm32f030x8.o(.text) refers (Special) to heapauxi.o(.text) for __use_two_region_memory
    startup_stm32f030x8.o(.text) refers to system_stm32f0xx.o(i.SystemInit) for SystemInit
    startup_stm32f030x8.o(.text) refers to __main.o(!!!main) for __main
    startup_stm32f030x8.o(.text) refers to startup_stm32f030x8.o(HEAP) for Heap_Mem
    startup_stm32f030x8.o(.text) refers to startup_stm32f030x8.o(STACK) for Stack_Mem
    main.o(i.SystemClock_Config) refers to rt_memclr.o(.text) for __aeabi_memclr4
    main.o(i.SystemClock_Config) refers to stm32f0xx_hal_rcc.o(i.HAL_RCC_OscConfig) for HAL_RCC_OscConfig
    main.o(i.SystemClock_Config) refers to stm32f0xx_hal_rcc.o(i.HAL_RCC_ClockConfig) for HAL_RCC_ClockConfig
    main.o(i.SystemClock_Config) refers to stm32f0xx_hal_rcc_ex.o(i.HAL_RCCEx_PeriphCLKConfig) for HAL_RCCEx_PeriphCLKConfig
    main.o(i.main) refers to stm32f0xx_hal.o(i.HAL_Init) for HAL_Init
    main.o(i.main) refers to main.o(i.SystemClock_Config) for SystemClock_Config
    main.o(i.main) refers to gpio.o(i.MX_GPIO_Init) for MX_GPIO_Init
    main.o(i.main) refers to i2c.o(i.MX_I2C1_Init) for MX_I2C1_Init
    main.o(i.main) refers to i2c.o(i.MX_I2C2_Init) for MX_I2C2_Init
    main.o(i.main) refers to usart.o(i.MX_USART1_UART_Init) for MX_USART1_UART_Init
    main.o(i.main) refers to usart.o(i.MX_USART2_UART_Init) for MX_USART2_UART_Init
    main.o(i.main) refers to main_run.o(i.main_run) for main_run
    gpio.o(i.MX_GPIO_Init) refers to rt_memclr.o(.text) for __aeabi_memclr4
    gpio.o(i.MX_GPIO_Init) refers to stm32f0xx_hal_gpio.o(i.HAL_GPIO_WritePin) for HAL_GPIO_WritePin
    gpio.o(i.MX_GPIO_Init) refers to stm32f0xx_hal_gpio.o(i.HAL_GPIO_Init) for HAL_GPIO_Init
    i2c.o(i.HAL_I2C_MspDeInit) refers to stm32f0xx_hal_gpio.o(i.HAL_GPIO_DeInit) for HAL_GPIO_DeInit
    i2c.o(i.HAL_I2C_MspInit) refers to rt_memclr.o(.text) for __aeabi_memclr4
    i2c.o(i.HAL_I2C_MspInit) refers to stm32f0xx_hal_gpio.o(i.HAL_GPIO_Init) for HAL_GPIO_Init
    i2c.o(i.MX_I2C1_Init) refers to stm32f0xx_hal_i2c.o(i.HAL_I2C_Init) for HAL_I2C_Init
    i2c.o(i.MX_I2C1_Init) refers to main.o(i.Error_Handler) for Error_Handler
    i2c.o(i.MX_I2C1_Init) refers to stm32f0xx_hal_i2c_ex.o(i.HAL_I2CEx_ConfigAnalogFilter) for HAL_I2CEx_ConfigAnalogFilter
    i2c.o(i.MX_I2C1_Init) refers to stm32f0xx_hal_i2c_ex.o(i.HAL_I2CEx_ConfigDigitalFilter) for HAL_I2CEx_ConfigDigitalFilter
    i2c.o(i.MX_I2C1_Init) refers to i2c.o(.bss) for .bss
    i2c.o(i.MX_I2C2_Init) refers to stm32f0xx_hal_i2c.o(i.HAL_I2C_Init) for HAL_I2C_Init
    i2c.o(i.MX_I2C2_Init) refers to main.o(i.Error_Handler) for Error_Handler
    i2c.o(i.MX_I2C2_Init) refers to stm32f0xx_hal_i2c_ex.o(i.HAL_I2CEx_ConfigAnalogFilter) for HAL_I2CEx_ConfigAnalogFilter
    i2c.o(i.MX_I2C2_Init) refers to stm32f0xx_hal_i2c_ex.o(i.HAL_I2CEx_ConfigDigitalFilter) for HAL_I2CEx_ConfigDigitalFilter
    i2c.o(i.MX_I2C2_Init) refers to i2c.o(.bss) for .bss
    usart.o(i.HAL_UART_MspDeInit) refers to stm32f0xx_hal_gpio.o(i.HAL_GPIO_DeInit) for HAL_GPIO_DeInit
    usart.o(i.HAL_UART_MspDeInit) refers to stm32f0xx_hal_cortex.o(i.HAL_NVIC_DisableIRQ) for HAL_NVIC_DisableIRQ
    usart.o(i.HAL_UART_MspInit) refers to rt_memclr.o(.text) for __aeabi_memclr4
    usart.o(i.HAL_UART_MspInit) refers to stm32f0xx_hal_gpio.o(i.HAL_GPIO_Init) for HAL_GPIO_Init
    usart.o(i.HAL_UART_MspInit) refers to stm32f0xx_hal_cortex.o(i.HAL_NVIC_SetPriority) for HAL_NVIC_SetPriority
    usart.o(i.HAL_UART_MspInit) refers to stm32f0xx_hal_cortex.o(i.HAL_NVIC_EnableIRQ) for HAL_NVIC_EnableIRQ
    usart.o(i.MX_USART1_UART_Init) refers to stm32f0xx_hal_uart.o(i.HAL_UART_Init) for HAL_UART_Init
[...]
    i.version_build_time                     0x08004374   Section        0  version.o(i.version_build_time)
    i.version_info                           0x0800437c   Section        0  version.o(i.version_info)
    i.version_software_name                  0x08004384   Section        0  version.o(i.version_software_name)
    i.version_str                            0x08004398   Section        0  version.o(i.version_str)
    locale$$code                             0x080043a0   Section       44  lc_ctype_c.o(locale$$code)
    x$fpl$fmul                               0x080043cc   Section      176  fmul.o(x$fpl$fmul)
    .constdata                               0x0800447c   Section       32  stm32f0xx_hal_rcc.o(.constdata)
    x$fpl$usenofp                            0x0800447c   Section        0  usenofp.o(x$fpl$usenofp)
    aPLLMULFactorTable                       0x0800447c   Data          16  stm32f0xx_hal_rcc.o(.constdata)
    aPredivFactorTable                       0x0800448c   Data          16  stm32f0xx_hal_rcc.o(.constdata)
    .constdata                               0x0800449c   Section       16  system_stm32f0xx.o(.constdata)
    .constdata                               0x080044ac   Section        8  system_stm32f0xx.o(.constdata)
    .constdata                               0x080044b4   Section      136  app_cmd.o(.constdata)
    g_app_cmd_cmd_return_id                  0x080044b4   Data           1  app_cmd.o(.constdata)
    g_app_cmd_info                           0x080044b8   Data         132  app_cmd.o(.constdata)
    .constdata                               0x0800453c   Section       16  drv_18b20.o(.constdata)
    .constdata                               0x0800454c   Section       16  drv_com.o(.constdata)
    .constdata                               0x0800455c   Section       24  drv_key.o(.constdata)
    g_key_gpios                              0x0800455c   Data          24  drv_key.o(.constdata)
    .constdata                               0x08004574   Section       68  version.o(.constdata)
    g_version_info                           0x08004574   Data          16  version.o(.constdata)
    g_version_str                            0x08004584   Data          24  version.o(.constdata)
    g_version_build_time                     0x0800459c   Data          28  version.o(.constdata)
    .constdata                               0x080045b8   Section       17  __printf_flags_ss_wp.o(.constdata)
    maptable                                 0x080045b8   Data          17  __printf_flags_ss_wp.o(.constdata)
    .constdata                               0x080045c9   Section       64  fdiv.o(.constdata)
    fdiv_tab                                 0x080045c9   Data          64  fdiv.o(.constdata)
    .conststring                             0x0800460c   Section      513  app_cmd.o(.conststring)
    .conststring                             0x08004810   Section      105  key.o(.conststring)
    .conststring                             0x0800487c   Section       84  main_run.o(.conststring)
    .conststring                             0x080048d0   Section       58  common.o(.conststring)
    locale$$data                             0x0800492c   Section      272  lc_ctype_c.o(locale$$data)
    __lcctype_c_name                         0x08004930   Data           2  lc_ctype_c.o(locale$$data)
    __lcctype_c_start                        0x08004938   Data           0  lc_ctype_c.o(locale$$data)
    __lcctype_c_end                          0x08004a3c   Data           0  lc_ctype_c.o(locale$$data)
    .data                                    0x20000000   Section       12  stm32f0xx_hal.o(.data)
    .data                                    0x2000000c   Section        4  system_stm32f0xx.o(.data)
    .data                                    0x20000010   Section       12  app_cmd.o(.data)
    g_app_cmd_is_enable_cmd                  0x20000010   Data           1  app_cmd.o(.data)
    g_app_cmd_is_enable_show_input           0x20000011   Data           1  app_cmd.o(.data)
    g_app_cmd_wait_line_end                  0x20000012   Data           1  app_cmd.o(.data)
    g_app_cmd_receive_index                  0x20000014   Data           4  app_cmd.o(.data)
    g_app_cmd_info_ptr                       0x20000018   Data           4  app_cmd.o(.data)
    .data                                    0x2000001c   Section        4  com.o(.data)
    g_com_files                              0x2000001c   Data           4  com.o(.data)
    .data                                    0x20000020   Section        8  drv_com.o(.data)
    g_drv_com_file                           0x20000020   Data           8  drv_com.o(.data)
    .data                                    0x20000028   Section       24  key.o(.data)
    g_key_current_key_is_handled             0x20000028   Data           1  key.o(.data)
    g_key_current_key_is_need_handle         0x20000029   Data           1  key.o(.data)
    g_key_last_read_time                     0x2000002c   Data           4  key.o(.data)
    g_key_monitor_funs                       0x20000030   Data           8  key.o(.data)
    g_combination_key_monitor_funs           0x20000038   Data           8  key.o(.data)
    .data                                    0x20000040   Section       20  main_run.o(.data)
    .data                                    0x20000054   Section       12  msg.o(.data)
    g_msg_queue                              0x20000054   Data           4  msg.o(.data)
    g_msg_handler_arr                        0x20000058   Data           8  msg.o(.data)
    .data                                    0x20000060   Section       12  ssz_tick_time.o(.data)
    g_tick_time_now_ms                       0x20000060   Data           4  ssz_tick_time.o(.data)
    g_tick_time_last_read_str_ms             0x20000064   Data           4  ssz_tick_time.o(.data)
    g_tick_time_new_tick_flag                0x20000068   Data           4  ssz_tick_time.o(.data)
    .data                                    0x2000006c   Section        4  uart_port.o(.data)
    .data                                    0x20000070   Section       40  common.o(.data)
    g_module_output_info                     0x20000070   Data          40  common.o(.data)
    .bss                                     0x20000098   Section      168  i2c.o(.bss)
    .bss                                     0x20000140   Section      272  usart.o(.bss)
    .bss                                     0x20000250   Section      120  app_cmd.o(.bss)
    g_app_cmd_receive_str                    0x20000250   Data          60  app_cmd.o(.bss)
    g_app_cmd_last_receive_str               0x2000028c   Data          60  app_cmd.o(.bss)
    .bss                                     0x200002c8   Section       12  com.o(.bss)
    g_com_receive_handlers                   0x200002c8   Data          12  com.o(.bss)
    .bss                                     0x200002d4   Section      100  drv_com.o(.bss)
    g_drv_pc_uart_recv_buff                  0x200002d4   Data          64  drv_com.o(.bss)
    g_drv_com_info                           0x20000314   Data          36  drv_com.o(.bss)
    .bss                                     0x20000338   Section       24  event.o(.bss)
    g_event_handlers                         0x20000338   Data          12  event.o(.bss)
    .bss                                     0x20000350   Section      132  key.o(.bss)
    g_key_infos                              0x20000350   Data          84  key.o(.bss)
    g_combination_key_infos                  0x200003a4   Data          48  key.o(.bss)
    .bss                                     0x200003d4   Section      160  msg.o(.bss)
    g_msg_nodes                              0x200003d4   Data         160  msg.o(.bss)
    .bss                                     0x20000474   Section       16  msg.o(.bss)
    g_msg_queue_inter                        0x20000474   Data          16  msg.o(.bss)
    .bss                                     0x20000484   Section       80  timer.o(.bss)
    g_timer_mgr                              0x20000484   Data          80  timer.o(.bss)
    .bss                                     0x200004d4   Section       96  libspace.o(.bss)
    HEAP                                     0x20000538   Section      512  startup_stm32f030x8.o(HEAP)
    Heap_Mem                                 0x20000538   Data         512  startup_stm32f030x8.o(HEAP)
    STACK                                    0x20000738   Section     1024  startup_stm32f030x8.o(STACK)
    Stack_Mem                                0x20000738   Data        1024  startup_stm32f030x8.o(STACK)
    __initial_sp                             0x20000b38   Data           0  startup_stm32f030x8.o(STACK)

    Global Symbols

    Symbol Name                              Value     Ov Type        Size  Object(Section)

    BuildAttributes$$THM_ISAv3M$S$PE$A:L22$X:L11$S22$IEEE1$IW$USESV6$~STKCKD$USESV7$~SHL$OSPACE$ROPI$EBA8$UX$STANDARDLIB$REQ8$PRES8$EABIv2 0x00000000   Number         0  anon$$obj.o ABSOLUTE
    __ARM_use_no_argv                        0x00000000   Number         0  main.o ABSOLUTE
    _printf_flags                            0x00000000   Number         0  printf_stubs.o ABSOLUTE
    _printf_return_value                     0x00000000   Number         0  printf_stubs.o ABSOLUTE
    _printf_sizespec                         0x00000000   Number         0  printf_stubs.o ABSOLUTE
    _printf_widthprec                        0x00000000   Number         0  printf_stubs.o ABSOLUTE
    __ARM_exceptions_init                     - Undefined Weak Reference
    __alloca_initialize                       - Undefined Weak Reference
    __arm_fini_                               - Undefined Weak Reference
    __arm_preinit_                            - Undefined Weak Reference
    __cpp_initialize__aeabi_                  - Undefined Weak Reference
    __cxa_finalize                            - Undefined Weak Reference
    __sigvec_lookup                           - Undefined Weak Reference
    _atexit_init                              - Undefined Weak Reference
    _call_atexit_fns                          - Undefined Weak Reference
    _clock_init                               - Undefined Weak Reference
    _fp_trap_init                             - Undefined Weak Reference
    _fp_trap_shutdown                         - Undefined Weak Reference
    _get_lc_collate                           - Undefined Weak Reference
    _get_lc_monetary                          - Undefined Weak Reference
    _get_lc_numeric                           - Undefined Weak Reference
    _get_lc_time                              - Undefined Weak Reference
    _getenv_init                              - Undefined Weak Reference
    _handle_redirection                       - Undefined Weak Reference
    _init_alloc                               - Undefined Weak Reference
    _init_user_alloc                          - Undefined Weak Reference
    _initio                                   - Undefined Weak Reference
    _mutex_acquire                            - Undefined Weak Reference
    _mutex_release                            - Undefined Weak Reference
    _printf_mbtowc                            - Undefined Weak Reference
    _printf_truncate_signed                   - Undefined Weak Reference
    _printf_truncate_unsigned                 - Undefined Weak Reference
    _rand_init                                - Undefined Weak Reference
    _signal_finish                            - Undefined Weak Reference
    _signal_init                              - Undefined Weak Reference
    _terminate_alloc                          - Undefined Weak Reference
    _terminate_user_alloc                     - Undefined Weak Reference
    _terminateio                              - Undefined Weak Reference
    __Vectors_Size                           0x000000b4   Number         0  startup_stm32f030x8.o ABSOLUTE
    __Vectors                                0x08000000   Data           4  startup_stm32f030x8.o(RESET)
    __Vectors_End                            0x080000b4   Data           0  startup_stm32f030x8.o(RESET)
    __main                                   0x080000b5   Thumb Code     8  __main.o(!!!main)
    __scatterload                            0x080000bd   Thumb Code     0  __scatter.o(!!!scatter)
    __scatterload_rt2                        0x080000bd   Thumb Code    52  __scatter.o(!!!scatter)
    __scatterload_rt2_thumb_only             0x080000bd   Thumb Code     0  __scatter.o(!!!scatter)
    __scatterload_null                       0x080000cd   Thumb Code     0  __scatter.o(!!!scatter)
    __scatterload_copy                       0x080000f9   Thumb Code    26  __scatter_copy.o(!!handler_copy)
    __scatterload_zeroinit                   0x08000115   Thumb Code    28  __scatter_zi.o(!!handler_zi)
    _printf_percent                          0x08000131   Thumb Code     0  _printf_percent.o(.ARM.Collect$$_printf_percent$$00000000)
    _printf_d                                0x08000133   Thumb Code     0  _printf_d.o(.ARM.Collect$$_printf_percent$$00000009)
    _printf_u                                0x0800013d   Thumb Code     0  _printf_u.o(.ARM.Collect$$_printf_percent$$0000000A)
    _printf_s                                0x08000147   Thumb Code     0  _printf_s.o(.ARM.Collect$$_printf_percent$$00000014)
    _printf_percent_end                      0x08000151   Thumb Code     0  _printf_percent_end.o(.ARM.Collect$$_printf_percent$$00000017)
    __rt_lib_init                            0x08000155   Thumb Code     0  libinit.o(.ARM.Collect$$libinit$$00000000)
    __rt_lib_init_fp_1                       0x08000157   Thumb Code     0  libinit2.o(.ARM.Collect$$libinit$$00000002)
    __rt_lib_init_heap_1                     0x08000157   Thumb Code     0  libinit2.o(.ARM.Collect$$libinit$$0000000A)
    __rt_lib_init_lc_common                  0x08000157   Thumb Code     0  libinit2.o(.ARM.Collect$$libinit$$0000000F)
    __rt_lib_init_preinit_1                  0x08000157   Thumb Code     0  libinit2.o(.ARM.Collect$$libinit$$00000004)
    __rt_lib_init_rand_1                     0x08000157   Thumb Code     0  libinit2.o(.ARM.Collect$$libinit$$0000000E)
    __rt_lib_init_user_alloc_1               0x08000157   Thumb Code     0  libinit2.o(.ARM.Collect$$libinit$$0000000C)
    __rt_lib_init_lc_collate_1               0x0800015d   Thumb Code     0  libinit2.o(.ARM.Collect$$libinit$$00000011)
    __rt_lib_init_lc_ctype_2                 0x0800015d   Thumb Code     0  libinit2.o(.ARM.Collect$$libinit$$00000012)
    __rt_lib_init_alloca_1                   0x08000169   Thumb Code     0  libinit2.o(.ARM.Collect$$libinit$$0000002E)
    __rt_lib_init_argv_1                     0x08000169   Thumb Code     0  libinit2.o(.ARM.Collect$$libinit$$0000002C)
    __rt_lib_init_atexit_1                   0x08000169   Thumb Code     0  libinit2.o(.ARM.Collect$$libinit$$0000001B)
    __rt_lib_init_clock_1                    0x08000169   Thumb Code     0  libinit2.o(.ARM.Collect$$libinit$$00000021)
    __rt_lib_init_cpp_1                      0x08000169   Thumb Code     0  libinit2.o(.ARM.Collect$$libinit$$00000032)
    __rt_lib_init_exceptions_1               0x08000169   Thumb Code     0  libinit2.o(.ARM.Collect$$libinit$$00000030)
    __rt_lib_init_fp_trap_1                  0x08000169   Thumb Code     0  libinit2.o(.ARM.Collect$$libinit$$0000001F)
    __rt_lib_init_getenv_1                   0x08000169   Thumb Code     0  libinit2.o(.ARM.Collect$$libinit$$00000023)
    __rt_lib_init_lc_ctype_1                 0x08000169   Thumb Code     0  libinit2.o(.ARM.Collect$$libinit$$00000013)
    __rt_lib_init_lc_monetary_1              0x08000169   Thumb Code     0  libinit2.o(.ARM.Collect$$libinit$$00000015)
    __rt_lib_init_lc_numeric_1               0x08000169   Thumb Code     0  libinit2.o(.ARM.Collect$$libinit$$00000017)
    __rt_lib_init_lc_time_1                  0x08000169   Thumb Code     0  libinit2.o(.ARM.Collect$$libinit$$00000019)
    __rt_lib_init_return                     0x08000169   Thumb Code     0  libinit2.o(.ARM.Collect$$libinit$$00000033)
    __rt_lib_init_signal_1                   0x08000169   Thumb Code     0  libinit2.o(.ARM.Collect$$libinit$$0000001D)
    __rt_lib_init_stdio_1                    0x08000169   Thumb Code     0  libinit2.o(.ARM.Collect$$libinit$$00000025)
    __rt_lib_shutdown                        0x0800016b   Thumb Code     0  libshutdown.o(.ARM.Collect$$libshutdown$$00000000)
    __rt_lib_shutdown_cpp_1                  0x0800016d   Thumb Code     0  libshutdown2.o(.ARM.Collect$$libshutdown$$00000004)
    __rt_lib_shutdown_fini_1                 0x0800016d   Thumb Code     0  libshutdown2.o(.ARM.Collect$$libshutdown$$00000002)
    __rt_lib_shutdown_fp_trap_1              0x0800016d   Thumb Code     0  libshutdown2.o(.ARM.Collect$$libshutdown$$00000009)
    __rt_lib_shutdown_heap_1                 0x0800016d   Thumb Code     0  libshutdown2.o(.ARM.Collect$$libshutdown$$00000011)
    __rt_lib_shutdown_return                 0x0800016d   Thumb Code     0  libshutdown2.o(.ARM.Collect$$libshutdown$$00000012)
    __rt_lib_shutdown_signal_1               0x0800016d   Thumb Code     0  libshutdown2.o(.ARM.Collect$$libshutdown$$0000000C)
    __rt_lib_shutdown_stdio_1                0x0800016d   Thumb Code     0  libshutdown2.o(.ARM.Collect$$libshutdown$$00000006)
    __rt_lib_shutdown_user_alloc_1           0x0800016d   Thumb Code     0  libshutdown2.o(.ARM.Collect$$libshutdown$$0000000E)
    __rt_entry                               0x0800016f   Thumb Code     0  __rtentry.o(.ARM.Collect$$rtentry$$00000000)
    __rt_entry_presh_1                       0x0800016f   Thumb Code     0  __rtentry2.o(.ARM.Collect$$rtentry$$00000002)
    __rt_entry_sh                            0x0800016f   Thumb Code     0  __rtentry4.o(.ARM.Collect$$rtentry$$00000004)
    __rt_entry_li                            0x08000175   Thumb Code     0  __rtentry2.o(.ARM.Collect$$rtentry$$0000000A)
    __rt_entry_postsh_1                      0x08000175   Thumb Code     0  __rtentry2.o(.ARM.Collect$$rtentry$$00000009)
    __rt_entry_main                          0x08000179   Thumb Code     0  __rtentry2.o(.ARM.Collect$$rtentry$$0000000D)
    __rt_entry_postli_1                      0x08000179   Thumb Code     0  __rtentry2.o(.ARM.Collect$$rtentry$$0000000C)
    __rt_exit                                0x08000181   Thumb Code     0  rtexit.o(.ARM.Collect$$rtexit$$00000000)
    __rt_exit_ls                             0x08000183   Thumb Code     0  rtexit2.o(.ARM.Collect$$rtexit$$00000003)
    __rt_exit_prels_1                        0x08000183   Thumb Code     0  rtexit2.o(.ARM.Collect$$rtexit$$00000002)
    __rt_exit_exit                           0x08000187   Thumb Code     0  rtexit2.o(.ARM.Collect$$rtexit$$00000004)
    __aeabi_memcpy4                          0x0800018d   Thumb Code    56  rt_memcpy.o(.emb_text)
    __aeabi_memcpy8                          0x0800018d   Thumb Code     0  rt_memcpy.o(.emb_text)
    Reset_Handler                            0x080001c5   Thumb Code     8  startup_stm32f030x8.o(.text)
    ADC1_IRQHandler                          0x080001d7   Thumb Code     0  startup_stm32f030x8.o(.text)
    DMA1_Channel1_IRQHandler                 0x080001d7   Thumb Code     0  startup_stm32f030x8.o(.text)
    DMA1_Channel2_3_IRQHandler               0x080001d7   Thumb Code     0  startup_stm32f030x8.o(.text)
    DMA1_Channel4_5_IRQHandler               0x080001d7   Thumb Code     0  startup_stm32f030x8.o(.text)
    EXTI0_1_IRQHandler                       0x080001d7   Thumb Code     0  startup_stm32f030x8.o(.text)
    EXTI2_3_IRQHandler                       0x080001d7   Thumb Code     0  startup_stm32f030x8.o(.text)
    EXTI4_15_IRQHandler                      0x080001d7   Thumb Code     0  startup_stm32f030x8.o(.text)
    FLASH_IRQHandler                         0x080001d7   Thumb Code     0  startup_stm32f030x8.o(.text)
    I2C1_IRQHandler                          0x080001d7   Thumb Code     0  startup_stm32f030x8.o(.text)
    I2C2_IRQHandler                          0x080001d7   Thumb Code     0  startup_stm32f030x8.o(.text)
    RCC_IRQHandler                           0x080001d7   Thumb Code     0  startup_stm32f030x8.o(.text)
    RTC_IRQHandler                           0x080001d7   Thumb Code     0  startup_stm32f030x8.o(.text)
    SPI1_IRQHandler                          0x080001d7   Thumb Code     0  startup_stm32f030x8.o(.text)
    SPI2_IRQHandler                          0x080001d7   Thumb Code     0  startup_stm32f030x8.o(.text)
    TIM14_IRQHandler                         0x080001d7   Thumb Code     0  startup_stm32f030x8.o(.text)
    TIM15_IRQHandler                         0x080001d7   Thumb Code     0  startup_stm32f030x8.o(.text)
    TIM16_IRQHandler                         0x080001d7   Thumb Code     0  startup_stm32f030x8.o(.text)
    TIM17_IRQHandler                         0x080001d7   Thumb Code     0  startup_stm32f030x8.o(.text)
    TIM1_BRK_UP_TRG_COM_IRQHandler           0x080001d7   Thumb Code     0  startup_stm32f030x8.o(.text)
    TIM1_CC_IRQHandler                       0x080001d7   Thumb Code     0  startup_stm32f030x8.o(.text)
    TIM3_IRQHandler                          0x080001d7   Thumb Code     0  startup_stm32f030x8.o(.text)
    TIM6_IRQHandler                          0x080001d7   Thumb Code     0  startup_stm32f030x8.o(.text)
    WWDG_IRQHandler                          0x080001d7   Thumb Code     0  startup_stm32f030x8.o(.text)
    __user_initial_stackheap                 0x080001d9   Thumb Code     0  startup_stm32f030x8.o(.text)
    __use_no_semihosting                     0x080001fd   Thumb Code     2  use_no_semi_2.o(.text)
    __rt_ctype_table                         0x08000201   Thumb Code    16  rt_ctype_table.o(.text)
    __aeabi_uldivmod                         0x08000211   Thumb Code   258  lludiv.o(.text)
    _ll_udiv                                 0x08000211   Thumb Code     0  lludiv.o(.text)
    __2printf                                0x08000315   Thumb Code    22  noretval__2printf.o(.text)
    _printf_pre_padding                      0x08000331   Thumb Code    44  _printf_pad.o(.text)
    _printf_post_padding                     0x0800035d   Thumb Code    34  _printf_pad.o(.text)
    _printf_str                              0x0800037f   Thumb Code    82  _printf_str.o(.text)
    _printf_int_dec                          0x080003d1   Thumb Code    90  _printf_dec.o(.text)
    __printf                                 0x0800043d   Thumb Code   386  __printf_flags_ss_wp.o(.text)
    atoi                                     0x080005c5   Thumb Code    26  atoi.o(.text)
    putc                                     0x080005df   Thumb Code     8  putc.o(.text)
    puts                                     0x080005e9   Thumb Code    38  puts.o(.text)
    abort                                    0x08000615   Thumb Code    20  abort.o(.text)
    strchr                                   0x08000629   Thumb Code    20  strchr.o(.text)
    strcpy                                   0x0800063d   Thumb Code    70  strcpy.o(.text)
    strlen                                   0x08000689   Thumb Code    62  strlen.o(.text)
    strncmp                                  0x080006cd   Thumb Code   154  strncmp.o(.text)
    __aeabi_memcpy                           0x0800076d   Thumb Code   130  rt_memcpy.o(.text)
    __rt_memcpy                              0x0800076d   Thumb Code     0  rt_memcpy.o(.text)
    _memset_w                                0x080007ef   Thumb Code    26  rt_memclr.o(.text)
    _memset                                  0x08000809   Thumb Code    30  rt_memclr.o(.text)
    __aeabi_memclr                           0x08000827   Thumb Code     4  rt_memclr.o(.text)
    __rt_memclr                              0x08000827   Thumb Code     0  rt_memclr.o(.text)
    __aeabi_memclr4                          0x0800082b   Thumb Code     0  rt_memclr.o(.text)
    __aeabi_memclr8                          0x0800082b   Thumb Code     0  rt_memclr.o(.text)
    __rt_memclr_w                            0x0800082b   Thumb Code     4  rt_memclr.o(.text)
    strcmp                                   0x08000831   Thumb Code   132  strcmp.o(.text)
    __aeabi_uidiv                            0x080008b9   Thumb Code     0  aeabi_sdiv.o(.text)
    __aeabi_uidivmod                         0x080008b9   Thumb Code    20  aeabi_sdiv.o(.text)
    __aeabi_idiv                             0x080008cd   Thumb Code     0  aeabi_sdiv.o(.text)
    __aeabi_idivmod                          0x080008cd   Thumb Code   326  aeabi_sdiv.o(.text)
    __use_two_region_memory                  0x08000a13   Thumb Code     2  heapauxi.o(.text)
    __rt_heap_escrow$2region                 0x08000a15   Thumb Code     2  heapauxi.o(.text)
    __rt_heap_expand$2region                 0x08000a17   Thumb Code     2  heapauxi.o(.text)
    __aeabi_fdiv                             0x08000a19   Thumb Code     0  fdiv.o(.text)
    _fdiv                                    0x08000a19   Thumb Code   334  fdiv.o(.text)
    _frdiv                                   0x08000b67   Thumb Code     8  fdiv.o(.text)
    __aeabi_f2uiz                            0x08000b79   Thumb Code     0  ffixui.o(.text)
    _ffixu                                   0x08000b79   Thumb Code    48  ffixui.o(.text)
    __aeabi_i2f_normalise                    0x08000ba9   Thumb Code    72  fflti.o(.text)
    __aeabi_i2f                              0x08000bf1   Thumb Code    16  fflti.o(.text)
    _fflt                                    0x08000bf1   Thumb Code     0  fflti.o(.text)
    __aeabi_ui2f                             0x08000c01   Thumb Code     6  fflti.o(.text)
    _ffltu                                   0x08000c01   Thumb Code     0  fflti.o(.text)
    __I$use$semihosting                      0x08000c07   Thumb Code     0  use_no_semi.o(.text)
    __use_no_semihosting_swi                 0x08000c07   Thumb Code     2  use_no_semi.o(.text)
    __rt_locale                              0x08000c09   Thumb Code     8  rt_locale_intlibspace.o(.text)
    __aeabi_errno_addr                       0x08000c11   Thumb Code     8  rt_errno_addr_intlibspace.o(.text)
    __errno$intlibspace                      0x08000c11   Thumb Code     0  rt_errno_addr_intlibspace.o(.text)
    __rt_errno_addr$intlibspace              0x08000c11   Thumb Code     0  rt_errno_addr_intlibspace.o(.text)
    _printf_int_common                       0x08000c19   Thumb Code   176  _printf_intcommon.o(.text)
    _printf_char_common                      0x08000cd3   Thumb Code    32  _printf_char_common.o(.text)
    _printf_cs_common                        0x08000cf9   Thumb Code    22  _printf_char.o(.text)
    _printf_char                             0x08000d0f   Thumb Code    16  _printf_char.o(.text)
    _printf_string                           0x08000d1f   Thumb Code     8  _printf_char.o(.text)
    _printf_char_file                        0x08000d29   Thumb Code    34  _printf_char_file.o(.text)
    strtol                                   0x08000d51   Thumb Code   108  strtol.o(.text)
    __rt_SIGABRT                             0x08000dc1   Thumb Code    12  defsig_abrt_outer.o(.text)
    __rt_udiv10                              0x08000dcd   Thumb Code    40  rtudiv10.o(.text)
    __user_libspace                          0x08000df5   Thumb Code     8  libspace.o(.text)
    __user_perproc_libspace                  0x08000df5   Thumb Code     0  libspace.o(.text)
    __user_perthread_libspace                0x08000df5   Thumb Code     0  libspace.o(.text)
    _strtoul                                 0x08000dfd   Thumb Code   166  _strtoul.o(.text)
    ferror                                   0x08000ea3   Thumb Code     8  ferror.o(.text)
    __sig_exit                               0x08000eab   Thumb Code    12  defsig_exit.o(.text)
    __rt_SIGABRT_inner                       0x08000eb9   Thumb Code    14  defsig_abrt_inner.o(.text)
    __user_setup_stackheap                   0x08000ee9   Thumb Code    62  sys_stackheap_outer.o(.text)
    _chval                                   0x08000f27   Thumb Code    30  _chval.o(.text)
    exit                                     0x08000f45   Thumb Code    16  exit.o(.text)
    __default_signal_display                 0x08000f55   Thumb Code    52  defsig_general.o(.text)
    DS18B20_check_ack                        0x08000f89   Thumb Code    88  drv_18b20.o(i.DS18B20_check_ack)
    Error_Handler                            0x08000fe1   Thumb Code     4  main.o(i.Error_Handler)
    HAL_DMA_Abort                            0x08000fe5   Thumb Code    64  stm32f0xx_hal_dma.o(i.HAL_DMA_Abort)
    HAL_DMA_Abort_IT                         0x08001025   Thumb Code    72  stm32f0xx_hal_dma.o(i.HAL_DMA_Abort_IT)
    HAL_GPIO_Init                            0x0800106d   Thumb Code   396  stm32f0xx_hal_gpio.o(i.HAL_GPIO_Init)
    HAL_GPIO_ReadPin                         0x08001211   Thumb Code    10  stm32f0xx_hal_gpio.o(i.HAL_GPIO_ReadPin)
    HAL_GPIO_WritePin                        0x0800121b   Thumb Code    12  stm32f0xx_hal_gpio.o(i.HAL_GPIO_WritePin)
    HAL_GetTick                              0x08001229   Thumb Code     6  stm32f0xx_hal.o(i.HAL_GetTick)
    HAL_I2CEx_ConfigAnalogFilter             0x08001235   Thumb Code    74  stm32f0xx_hal_i2c_ex.o(i.HAL_I2CEx_ConfigAnalogFilter)
    HAL_I2CEx_ConfigDigitalFilter            0x0800127f   Thumb Code    72  stm32f0xx_hal_i2c_ex.o(i.HAL_I2CEx_ConfigDigitalFilter)
    HAL_I2C_Init                             0x080012c9   Thumb Code   176  stm32f0xx_hal_i2c.o(i.HAL_I2C_Init)
    HAL_I2C_MspInit                          0x0800137d   Thumb Code   126  i2c.o(i.HAL_I2C_MspInit)
    HAL_IncTick                              0x0800140d   Thumb Code    12  stm32f0xx_hal.o(i.HAL_IncTick)
    HAL_Init                                 0x0800141d   Thumb Code    26  stm32f0xx_hal.o(i.HAL_Init)
    HAL_InitTick                             0x0800143d   Thumb Code    58  stm32f0xx_hal.o(i.HAL_InitTick)
    HAL_MspInit                              0x08001481   Thumb Code    34  stm32f0xx_hal_msp.o(i.HAL_MspInit)
    HAL_NVIC_EnableIRQ                       0x080014a9   Thumb Code    18  stm32f0xx_hal_cortex.o(i.HAL_NVIC_EnableIRQ)
    HAL_NVIC_SetPriority                     0x080014c1   Thumb Code     8  stm32f0xx_hal_cortex.o(i.HAL_NVIC_SetPriority)
    HAL_RCCEx_PeriphCLKConfig                0x080014c9   Thumb Code   218  stm32f0xx_hal_rcc_ex.o(i.HAL_RCCEx_PeriphCLKConfig)
    HAL_RCC_ClockConfig                      0x080015b1   Thumb Code   242  stm32f0xx_hal_rcc.o(i.HAL_RCC_ClockConfig)
    HAL_RCC_GetPCLK1Freq                     0x080016b9   Thumb Code    20  stm32f0xx_hal_rcc.o(i.HAL_RCC_GetPCLK1Freq)
    HAL_RCC_GetSysClockFreq                  0x080016d9   Thumb Code    68  stm32f0xx_hal_rcc.o(i.HAL_RCC_GetSysClockFreq)
    HAL_RCC_OscConfig                        0x0800172d   Thumb Code   890  stm32f0xx_hal_rcc.o(i.HAL_RCC_OscConfig)
    HAL_SYSTICK_Config                       0x08001ab5   Thumb Code    38  stm32f0xx_hal_cortex.o(i.HAL_SYSTICK_Config)
    HAL_UARTEx_RxEventCallback               0x08001ae5   Thumb Code     2  stm32f0xx_hal_uart.o(i.HAL_UARTEx_RxEventCallback)
    HAL_UART_ErrorCallback                   0x08001ae7   Thumb Code     2  stm32f0xx_hal_uart.o(i.HAL_UART_ErrorCallback)
    HAL_UART_IRQHandler                      0x08001ae9   Thumb Code   648  stm32f0xx_hal_uart.o(i.HAL_UART_IRQHandler)
    HAL_UART_Init                            0x08001d7d   Thumb Code   106  stm32f0xx_hal_uart.o(i.HAL_UART_Init)
    HAL_UART_MspInit                         0x08001de9   Thumb Code   166  usart.o(i.HAL_UART_MspInit)
    HAL_UART_Transmit                        0x08001e9d   Thumb Code   192  stm32f0xx_hal_uart.o(i.HAL_UART_Transmit)
    HAL_UART_TxCpltCallback                  0x08001f5d   Thumb Code     2  stm32f0xx_hal_uart.o(i.HAL_UART_TxCpltCallback)
    HardFault_Handler                        0x08001f5f   Thumb Code     2  stm32f0xx_it.o(i.HardFault_Handler)
    MX_GPIO_Init                             0x08001f61   Thumb Code   204  gpio.o(i.MX_GPIO_Init)
    MX_I2C1_Init                             0x0800203d   Thumb Code    76  i2c.o(i.MX_I2C1_Init)
    MX_I2C2_Init                             0x08002095   Thumb Code    76  i2c.o(i.MX_I2C2_Init)
    MX_USART1_UART_Init                      0x080020ed   Thumb Code    48  usart.o(i.MX_USART1_UART_Init)
    MX_USART2_UART_Init                      0x08002125   Thumb Code    48  usart.o(i.MX_USART2_UART_Init)
    NMI_Handler                              0x0800215d   Thumb Code     2  stm32f0xx_it.o(i.NMI_Handler)
    PendSV_Handler                           0x0800215f   Thumb Code     2  stm32f0xx_it.o(i.PendSV_Handler)
    SVC_Handler                              0x08002161   Thumb Code     2  stm32f0xx_it.o(i.SVC_Handler)
    SysTick_Handler                          0x08002165   Thumb Code    20  stm32f0xx_it.o(i.SysTick_Handler)
    SystemClock_Config                       0x0800217d   Thumb Code   120  main.o(i.SystemClock_Config)
    SystemInit                               0x080021f5   Thumb Code     2  system_stm32f0xx.o(i.SystemInit)
    UART_AdvFeatureConfig                    0x080021f7   Thumb Code   202  stm32f0xx_hal_uart.o(i.UART_AdvFeatureConfig)
    UART_CheckIdleState                      0x080022c1   Thumb Code   190  stm32f0xx_hal_uart.o(i.UART_CheckIdleState)
    UART_SetConfig                           0x080023f9   Thumb Code   280  stm32f0xx_hal_uart.o(i.UART_SetConfig)
    UART_WaitOnFlagUntilTimeout              0x08002529   Thumb Code   138  stm32f0xx_hal_uart.o(i.UART_WaitOnFlagUntilTimeout)
    USART1_IRQHandler                        0x080025b5   Thumb Code    32  stm32f0xx_it.o(i.USART1_IRQHandler)
    USART2_IRQHandler                        0x080025d9   Thumb Code    10  stm32f0xx_it.o(i.USART2_IRQHandler)
    __ARM_common_ll_muluu                    0x080025e9   Thumb Code    48  stm32f0xx_hal_rcc.o(i.__ARM_common_ll_muluu)
    _is_digit                                0x0800265d   Thumb Code    14  __printf_wp.o(i._is_digit)
    _sys_exit                                0x0800266b   Thumb Code     2  uart_port.o(i._sys_exit)
    _ttywrch                                 0x0800266d   Thumb Code     2  uart_port.o(i._ttywrch)
    app_cmd_enable_receive                   0x08002741   Thumb Code    14  app_cmd.o(i.app_cmd_enable_receive)
    app_cmd_init                             0x08002861   Thumb Code    28  app_cmd.o(i.app_cmd_init)
    app_cmd_repeat_exe_cmd                   0x08002ba5   Thumb Code    22  app_cmd.o(i.app_cmd_repeat_exe_cmd)
    beep                                     0x08002d45   Thumb Code    34  main_run.o(i.beep)
    beep_callback                            0x08002d71   Thumb Code    48  main_run.o(i.beep_callback)
    buzzer_off                               0x08002da9   Thumb Code    16  main_run.o(i.buzzer_off)
    buzzer_on                                0x08002db9   Thumb Code    16  main_run.o(i.buzzer_on)
    check_if_reach_5mins                     0x08002dc9   Thumb Code    44  main_run.o(i.check_if_reach_5mins)
    com_handle_new_byte                      0x08002e01   Thumb Code    54  com.o(i.com_handle_new_byte)
    com_handle_new_received_data             0x08002e3d   Thumb Code    54  com.o(i.com_handle_new_received_data)
    com_init_by_file                         0x08002e79   Thumb Code     8  com.o(i.com_init_by_file)
    com_set_receive_handler                  0x08002e85   Thumb Code    36  com.o(i.com_set_receive_handler)
    com_to_file                              0x08002ed9   Thumb Code     8  com.o(i.com_to_file)
    drv_com_file                             0x08002ee5   Thumb Code    24  drv_com.o(i.drv_com_file)
    drv_com_init                             0x08002fb1   Thumb Code    56  drv_com.o(i.drv_com_init)
    drv_com_on_receive_one_byte              0x08002ff9   Thumb Code    34  drv_com.o(i.drv_com_on_receive_one_byte)
    drv_key_scan                             0x08003025   Thumb Code    26  drv_key.o(i.drv_key_scan)
    ds18b20_check_device                     0x08003045   Thumb Code    56  drv_18b20.o(i.ds18b20_check_device)
    ds18b20_read_byte                        0x0800307d   Thumb Code   104  drv_18b20.o(i.ds18b20_read_byte)
    ds18b20_read_temp                        0x080030e5   Thumb Code    92  drv_18b20.o(i.ds18b20_read_temp)
    ds18b20_write_byte                       0x08003141   Thumb Code    68  drv_18b20.o(i.ds18b20_write_byte)
    event_clear                              0x08003185   Thumb Code    28  event.o(i.event_clear)
    event_handle                             0x080031dd   Thumb Code    32  event.o(i.event_handle)
    event_is_set                             0x08003229   Thumb Code    32  event.o(i.event_is_set)
    event_set_handler                        0x08003285   Thumb Code    28  event.o(i.event_set_handler)
    fputc                                    0x080032cd   Thumb Code    20  uart_port.o(i.fputc)
    get_module_name                          0x080032e5   Thumb Code     8  common.o(i.get_module_name)
    gpio_is_valid                            0x080032f1   Thumb Code    26  drv_key.o(i.gpio_is_valid)
    is_module_enable_output                  0x0800330d   Thumb Code    10  common.o(i.is_module_enable_output)
    key_bind                                 0x0800331d   Thumb Code    54  main_run.o(i.key_bind)
    key_init                                 0x080034c1   Thumb Code    38  key.o(i.key_init)
    key_is_pressed                           0x080034f5   Thumb Code    38  key.o(i.key_is_pressed)
    key_scan                                 0x080036e1   Thumb Code   212  key.o(i.key_scan)
    key_set_handler                          0x080037f5   Thumb Code    48  key.o(i.key_set_handler)
    key_set_key_repeat_speed_by_time         0x08003865   Thumb Code    18  key.o(i.key_set_key_repeat_speed_by_time)
    key_start_scan                           0x0800387d   Thumb Code    46  key.o(i.key_start_scan)
    key_state                                0x080038b5   Thumb Code    34  key.o(i.key_state)
    main                                     0x080038dd   Thumb Code    34  main.o(i.main)
    main_handle_all                          0x080038ff   Thumb Code    40  main_run.o(i.main_handle_all)
    main_run                                 0x08003931   Thumb Code    96  main_run.o(i.main_run)
    msg_handle                               0x080039b1   Thumb Code    38  msg.o(i.msg_handle)
    msg_handle_all                           0x08003a0d   Thumb Code    34  msg.o(i.msg_handle_all)
    msg_init                                 0x08003a35   Thumb Code    26  msg.o(i.msg_init)
    read_channel_temp                        0x08003a5d   Thumb Code    14  drv_18b20.o(i.read_channel_temp)
    set_module_output                        0x08003ad9   Thumb Code    10  common.o(i.set_module_output)
    set_pin_mode_input                       0x08003ae9   Thumb Code    34  drv_18b20.o(i.set_pin_mode_input)
    set_pin_mode_output                      0x08003b0b   Thumb Code    34  drv_18b20.o(i.set_pin_mode_output)
    ssz_delay_us                             0x08003b2d   Thumb Code    32  ssz_stm32_hal_bsp.o(i.ssz_delay_us)
    ssz_deque_erase                          0x08003b55   Thumb Code   184  ssz_deque.o(i.ssz_deque_erase)
    ssz_deque_front                          0x08003c5d   Thumb Code    44  ssz_deque.o(i.ssz_deque_front)
    ssz_deque_init                           0x08003cad   Thumb Code    40  ssz_deque.o(i.ssz_deque_init)
    ssz_deque_is_empty                       0x08003d05   Thumb Code    32  ssz_deque.o(i.ssz_deque_is_empty)
    ssz_deque_pop_front                      0x08003d89   Thumb Code    38  ssz_deque.o(i.ssz_deque_pop_front)
    ssz_fgetc                                0x08003e01   Thumb Code    26  ssz_file.o(i.ssz_fgetc)
    ssz_file_init                            0x08003e1d   Thumb Code    34  ssz_file.o(i.ssz_file_init)
    ssz_fread                                0x08003e61   Thumb Code    10  ssz_file.o(i.ssz_fread)
    ssz_fread_ex                             0x08003e6d   Thumb Code    52  ssz_file.o(i.ssz_fread_ex)
    ssz_fsize                                0x08003ee1   Thumb Code    26  ssz_file.o(i.ssz_fsize)
    ssz_fwrite                               0x08003efb   Thumb Code    10  ssz_file.o(i.ssz_fwrite)
    ssz_fwrite_ex                            0x08003f05   Thumb Code    52  ssz_file.o(i.ssz_fwrite_ex)
    ssz_ioctl                                0x08003f7d   Thumb Code    46  ssz_file.o(i.ssz_ioctl)
    ssz_mem_zero                             0x08003fed   Thumb Code     8  ssz_common.o(i.ssz_mem_zero)
    ssz_on_assert_fail                       0x08003ff5   Thumb Code    16  ssz_common.o(i.ssz_on_assert_fail)
    ssz_on_check_fail                        0x08004021   Thumb Code    16  ssz_common.o(i.ssz_on_check_fail)
    ssz_queue_front                          0x08004049   Thumb Code     8  ssz_queue.o(i.ssz_queue_front)
    ssz_queue_init                           0x08004051   Thumb Code     8  ssz_queue.o(i.ssz_queue_init)
    ssz_queue_is_empty                       0x08004059   Thumb Code     8  ssz_queue.o(i.ssz_queue_is_empty)
    ssz_queue_pop                            0x08004061   Thumb Code     8  ssz_queue.o(i.ssz_queue_pop)
    ssz_safe_queue_front                     0x08004069   Thumb Code    44  ssz_safe_queue.o(i.ssz_safe_queue_front)
    ssz_safe_queue_init                      0x080040c1   Thumb Code    40  ssz_safe_queue.o(i.ssz_safe_queue_init)
    ssz_safe_queue_is_empty                  0x08004121   Thumb Code    20  ssz_safe_queue.o(i.ssz_safe_queue_is_empty)
    ssz_safe_queue_pop                       0x08004135   Thumb Code    28  ssz_safe_queue.o(i.ssz_safe_queue_pop)
    ssz_safe_queue_push                      0x08004151   Thumb Code    54  ssz_safe_queue.o(i.ssz_safe_queue_push)
    ssz_safe_queue_size                      0x08004187   Thumb Code    22  ssz_safe_queue.o(i.ssz_safe_queue_size)
    ssz_str_split                            0x0800419d   Thumb Code    70  ssz_str_utility.o(i.ssz_str_split)
    ssz_tick_time_elapsed                    0x080041e5   Thumb Code    12  ssz_tick_time.o(i.ssz_tick_time_elapsed)
    ssz_tick_time_elapsed_ex                 0x080041f5   Thumb Code    18  ssz_tick_time.o(i.ssz_tick_time_elapsed_ex)
    ssz_tick_time_increase                   0x0800420d   Thumb Code    28  ssz_tick_time.o(i.ssz_tick_time_increase)
    ssz_tick_time_is_after_or_eq             0x08004231   Thumb Code    22  ssz_tick_time.o(i.ssz_tick_time_is_after_or_eq)
    ssz_tick_time_next                       0x0800424d   Thumb Code    14  ssz_tick_time.o(i.ssz_tick_time_next)
    ssz_tick_time_next_ex                    0x08004261   Thumb Code    18  ssz_tick_time.o(i.ssz_tick_time_next_ex)
    ssz_tick_time_now                        0x08004279   Thumb Code     6  ssz_tick_time.o(i.ssz_tick_time_now)
    ssz_uart_write                           0x08004285   Thumb Code    32  ssz_stm32_hal_bsp.o(i.ssz_uart_write)
    timer_handle_all                         0x080042a5   Thumb Code    10  timer.o(i.timer_handle_all)
    timer_handle_all_of_group                0x080042b1   Thumb Code    80  timer.o(i.timer_handle_all_of_group)
    timer_set_handler                        0x08004305   Thumb Code    10  timer.o(i.timer_set_handler)
    timer_set_handler_and_group              0x08004311   Thumb Code    12  timer.o(i.timer_set_handler_and_group)
    timer_start_oneshot_after                0x08004321   Thumb Code    30  timer.o(i.timer_start_oneshot_after)
    timer_start_periodic_every               0x08004345   Thumb Code    24  timer.o(i.timer_start_periodic_every)
    timer_stop                               0x08004361   Thumb Code    14  timer.o(i.timer_stop)
    version_build_time                       0x08004375   Thumb Code     4  version.o(i.version_build_time)
    version_info                             0x0800437d   Thumb Code     4  version.o(i.version_info)
    version_software_name                    0x08004385   Thumb Code     4  version.o(i.version_software_name)
    version_str                              0x08004399   Thumb Code     4  version.o(i.version_str)
    _get_lc_ctype                            0x080043a1   Thumb Code    44  lc_ctype_c.o(locale$$code)
    __aeabi_fmul                             0x080043cd   Thumb Code     0  fmul.o(x$fpl$fmul)
    _fmul                                    0x080043cd   Thumb Code   172  fmul.o(x$fpl$fmul)
    __I$use$fp                               0x0800447c   Number         0  usenofp.o(x$fpl$usenofp)
    AHBPrescTable                            0x0800449c   Data          16  system_stm32f0xx.o(.constdata)
    APBPrescTable                            0x080044ac   Data           8  system_stm32f0xx.o(.constdata)
    thermometer                              0x0800453c   Data          16  drv_18b20.o(.constdata)
    kDrvComIODev                             0x0800454c   Data          16  drv_com.o(.constdata)
    Region$$Table$$Base                      0x0800490c   Number         0  anon$$obj.o(Region$$Table)
    Region$$Table$$Limit                     0x0800492c   Number         0  anon$$obj.o(Region$$Table)
    __ctype                                  0x08004939   Data           0  lc_ctype_c.o(locale$$data)
    uwTickFreq                               0x20000000   Data           1  stm32f0xx_hal.o(.data)
    uwTickPrio                               0x20000004   Data           4  stm32f0xx_hal.o(.data)
    uwTick                                   0x20000008   Data           4  stm32f0xx_hal.o(.data)
    SystemCoreClock                          0x2000000c   Data           4  system_stm32f0xx.o(.data)
    g_alarm_count                            0x20000040   Data           2  main_run.o(.data)
    g_alarm_beep_times                       0x20000042   Data           2  main_run.o(.data)
    g_total_cutting_counter                  0x20000044   Data           4  main_run.o(.data)
    g_cutting_time                           0x20000048   Data           4  main_run.o(.data)
    g_total_cutting_time                     0x2000004c   Data           4  main_run.o(.data)
    g_last_time                              0x20000050   Data           4  main_run.o(.data)
    __stdout                                 0x2000006c   Data           4  uart_port.o(.data)
    hi2c1                                    0x20000098   Data          84  i2c.o(.bss)
    hi2c2                                    0x200000ec   Data          84  i2c.o(.bss)
    huart1                                   0x20000140   Data         136  usart.o(.bss)
    huart2                                   0x200001c8   Data         136  usart.o(.bss)
    g_events                                 0x20000344   Data          12  event.o(.bss)
    __libspace_start                         0x200004d4   Data          96  libspace.o(.bss)
    __temporary_stack_top$libspace           0x20000534   Data           0  libspace.o(.bss)



==============================================================================

Memory Map of the image

  Image Entry point : 0x080000b5

  Load Region LR_IROM1 (Base: 0x08000000, Size: 0x00004ad4, Max: 0x00010000, ABSOLUTE)

    Execution Region ER_IROM1 (Exec base: 0x08000000, Load base: 0x08000000, Size: 0x00004a3c, Max: 0x00010000, ABSOLUTE)

    Exec Addr    Load Addr    Size         Type   Attr      Idx    E Section Name        Object

    0x08000000   0x08000000   0x000000b4   Data   RO            3    RESET               startup_stm32f030x8.o
    0x080000b4   0x080000b4   0x00000008   Code   RO         4096  * !!!main             c_p.l(__main.o)
    0x080000bc   0x080000bc   0x0000003c   Code   RO         4321    !!!scatter          c_p.l(__scatter.o)
    0x080000f8   0x080000f8   0x0000001a   Code   RO         4323    !!handler_copy      c_p.l(__scatter_copy.o)
    0x08000112   0x08000112   0x00000002   PAD
    0x08000114   0x08000114   0x0000001c   Code   RO         4325    !!handler_zi        c_p.l(__scatter_zi.o)
    0x08000130   0x08000130   0x00000002   Code   RO         4065    .ARM.Collect$$_printf_percent$$00000000  c_p.l(_printf_percent.o)
    0x08000132   0x08000132   0x0000000a   Code   RO         4063    .ARM.Collect$$_printf_percent$$00000009  c_p.l(_printf_d.o)
    0x0800013c   0x0800013c   0x0000000a   Code   RO         4064    .ARM.Collect$$_printf_percent$$0000000A  c_p.l(_printf_u.o)
    0x08000146   0x08000146   0x0000000a   Code   RO         4062    .ARM.Collect$$_printf_percent$$00000014  c_p.l(_printf_s.o)
    0x08000150   0x08000150   0x00000004   Code   RO         4140    .ARM.Collect$$_printf_percent$$00000017  c_p.l(_printf_percent_end.o)
    0x08000154   0x08000154   0x00000002   Code   RO         4254    .ARM.Collect$$libinit$$00000000  c_p.l(libinit.o)
    0x08000156   0x08000156   0x00000000   Code   RO         4188    .ARM.Collect$$libinit$$00000002  c_p.l(libinit2.o)
    0x08000156   0x08000156   0x00000000   Code   RO         4190    .ARM.Collect$$libinit$$00000004  c_p.l(libinit2.o)
    0x08000156   0x08000156   0x00000000   Code   RO         4193    .ARM.Collect$$libinit$$0000000A  c_p.l(libinit2.o)
    0x08000156   0x08000156   0x00000000   Code   RO         4195    .ARM.Collect$$libinit$$0000000C  c_p.l(libinit2.o)
    0x08000156   0x08000156   0x00000000   Code   RO         4197    .ARM.Collect$$libinit$$0000000E  c_p.l(libinit2.o)
    0x08000156   0x08000156   0x00000006   Code   RO         4198    .ARM.Collect$$libinit$$0000000F  c_p.l(libinit2.o)
    0x0800015c   0x0800015c   0x00000000   Code   RO         4200    .ARM.Collect$$libinit$$00000011  c_p.l(libinit2.o)
    0x0800015c   0x0800015c   0x0000000c   Code   RO         4201    .ARM.Collect$$libinit$$00000012  c_p.l(libinit2.o)
    0x08000168   0x08000168   0x00000000   Code   RO         4202    .ARM.Collect$$libinit$$00000013  c_p.l(libinit2.o)
    0x08000168   0x08000168   0x00000000   Code   RO         4204    .ARM.Collect$$libinit$$00000015  c_p.l(libinit2.o)
    0x08000168   0x08000168   0x00000000   Code   RO         4206    .ARM.Collect$$libinit$$00000017  c_p.l(libinit2.o)
    0x08000168   0x08000168   0x00000000   Code   RO         4208    .ARM.Collect$$libinit$$00000019  c_p.l(libinit2.o)
    0x08000168   0x08000168   0x00000000   Code   RO         4210    .ARM.Collect$$libinit$$0000001B  c_p.l(libinit2.o)
    0x08000168   0x08000168   0x00000000   Code   RO         4212    .ARM.Collect$$libinit$$0000001D  c_p.l(libinit2.o)
    0x08000168   0x08000168   0x00000000   Code   RO         4214    .ARM.Collect$$libinit$$0000001F  c_p.l(libinit2.o)
    0x08000168   0x08000168   0x00000000   Code   RO         4216    .ARM.Collect$$libinit$$00000021  c_p.l(libinit2.o)
    0x08000168   0x08000168   0x00000000   Code   RO         4218    .ARM.Collect$$libinit$$00000023  c_p.l(libinit2.o)
    0x08000168   0x08000168   0x00000000   Code   RO         4220    .ARM.Collect$$libinit$$00000025  c_p.l(libinit2.o)
    0x08000168   0x08000168   0x00000000   Code   RO         4224    .ARM.Collect$$libinit$$0000002C  c_p.l(libinit2.o)
    0x08000168   0x08000168   0x00000000   Code   RO         4226    .ARM.Collect$$libinit$$0000002E  c_p.l(libinit2.o)
    0x08000168   0x08000168   0x00000000   Code   RO         4228    .ARM.Collect$$libinit$$00000030  c_p.l(libinit2.o)
    0x08000168   0x08000168   0x00000000   Code   RO         4230    .ARM.Collect$$libinit$$00000032  c_p.l(libinit2.o)
    0x08000168   0x08000168   0x00000002   Code   RO         4231    .ARM.Collect$$libinit$$00000033  c_p.l(libinit2.o)
    0x0800016a   0x0800016a   0x00000002   Code   RO         4300    .ARM.Collect$$libshutdown$$00000000  c_p.l(libshutdown.o)
    0x0800016c   0x0800016c   0x00000000   Code   RO         4302    .ARM.Collect$$libshutdown$$00000002  c_p.l(libshutdown2.o)
    0x0800016c   0x0800016c   0x00000000   Code   RO         4304    .ARM.Collect$$libshutdown$$00000004  c_p.l(libshutdown2.o)
    0x0800016c   0x0800016c   0x00000000   Code   RO         4306    .ARM.Collect$$libshutdown$$00000006  c_p.l(libshutdown2.o)
    0x0800016c   0x0800016c   0x00000000   Code   RO         4309    .ARM.Collect$$libshutdown$$00000009  c_p.l(libshutdown2.o)
    0x0800016c   0x0800016c   0x00000000   Code   RO         4312    .ARM.Collect$$libshutdown$$0000000C  c_p.l(libshutdown2.o)
    0x0800016c   0x0800016c   0x00000000   Code   RO         4314    .ARM.Collect$$libshutdown$$0000000E  c_p.l(libshutdown2.o)
    0x0800016c   0x0800016c   0x00000000   Code   RO         4317    .ARM.Collect$$libshutdown$$00000011  c_p.l(libshutdown2.o)
    0x0800016c   0x0800016c   0x00000002   Code   RO         4318    .ARM.Collect$$libshutdown$$00000012  c_p.l(libshutdown2.o)
    0x0800016e   0x0800016e   0x00000000   Code   RO         4109    .ARM.Collect$$rtentry$$00000000  c_p.l(__rtentry.o)
    0x0800016e   0x0800016e   0x00000000   Code   RO         4157    .ARM.Collect$$rtentry$$00000002  c_p.l(__rtentry2.o)
    0x0800016e   0x0800016e   0x00000006   Code   RO         4169    .ARM.Collect$$rtentry$$00000004  c_p.l(__rtentry4.o)
    0x08000174   0x08000174   0x00000000   Code   RO         4159    .ARM.Collect$$rtentry$$00000009  c_p.l(__rtentry2.o)
    0x08000174   0x08000174   0x00000004   Code   RO         4160    .ARM.Collect$$rtentry$$0000000A  c_p.l(__rtentry2.o)
    0x08000178   0x08000178   0x00000000   Code   RO         4162    .ARM.Collect$$rtentry$$0000000C  c_p.l(__rtentry2.o)
    0x08000178   0x08000178   0x00000008   Code   RO         4163    .ARM.Collect$$rtentry$$0000000D  c_p.l(__rtentry2.o)
    0x08000180   0x08000180   0x00000002   Code   RO         4258    .ARM.Collect$$rtexit$$00000000  c_p.l(rtexit.o)
    0x08000182   0x08000182   0x00000000   Code   RO         4271    .ARM.Collect$$rtexit$$00000002  c_p.l(rtexit2.o)
    0x08000182   0x08000182   0x00000004   Code   RO         4272    .ARM.Collect$$rtexit$$00000003  c_p.l(rtexit2.o)
    0x08000186   0x08000186   0x00000006   Code   RO         4273    .ARM.Collect$$rtexit$$00000004  c_p.l(rtexit2.o)
    0x0800018c   0x0800018c   0x00000038   Code   RO         4082    .emb_text           c_p.l(rt_memcpy.o)
    0x080001c4   0x080001c4   0x00000038   Code   RO            4    .text               startup_stm32f030x8.o
    0x080001fc   0x080001fc   0x00000002   Code   RO         4018    .text               c_p.l(use_no_semi_2.o)
    0x080001fe   0x080001fe   0x00000002   PAD
    0x08000200   0x08000200   0x00000010   Code   RO         4020    .text               c_p.l(rt_ctype_table.o)
    0x08000210   0x08000210   0x00000102   Code   RO         4024    .text               c_p.l(lludiv.o)
    0x08000312   0x08000312   0x00000002   PAD
    0x08000314   0x08000314   0x0000001c   Code   RO         4030    .text               c_p.l(noretval__2printf.o)
    0x08000330   0x08000330   0x0000004e   Code   RO         4036    .text               c_p.l(_printf_pad.o)
    0x0800037e   0x0800037e   0x00000052   Code   RO         4038    .text               c_p.l(_printf_str.o)
    0x080003d0   0x080003d0   0x0000006c   Code   RO         4040    .text               c_p.l(_printf_dec.o)
    0x0800043c   0x0800043c   0x00000188   Code   RO         4059    .text               c_p.l(__printf_flags_ss_wp.o)
    0x080005c4   0x080005c4   0x0000001a   Code   RO         4066    .text               c_p.l(atoi.o)
    0x080005de   0x080005de   0x00000008   Code   RO         4068    .text               c_p.l(putc.o)
    0x080005e6   0x080005e6   0x00000002   PAD
    0x080005e8   0x080005e8   0x0000002c   Code   RO         4070    .text               c_p.l(puts.o)
    0x08000614   0x08000614   0x00000014   Code   RO         4072    .text               c_p.l(abort.o)
    0x08000628   0x08000628   0x00000014   Code   RO         4074    .text               c_p.l(strchr.o)
    0x0800063c   0x0800063c   0x0000004c   Code   RO         4076    .text               c_p.l(strcpy.o)
    0x08000688   0x08000688   0x00000044   Code   RO         4078    .text               c_p.l(strlen.o)
    0x080006cc   0x080006cc   0x000000a0   Code   RO         4080    .text               c_p.l(strncmp.o)
    0x0800076c   0x0800076c   0x00000082   Code   RO         4083    .text               c_p.l(rt_memcpy.o)
    0x080007ee   0x080007ee   0x00000040   Code   RO         4086    .text               c_p.l(rt_memclr.o)
    0x0800082e   0x0800082e   0x00000002   PAD
    0x08000830   0x08000830   0x00000088   Code   RO         4088    .text               c_p.l(strcmp.o)
    0x080008b8   0x080008b8   0x0000015a   Code   RO         4090    .text               c_p.l(aeabi_sdiv.o)
    0x08000a12   0x08000a12   0x00000006   Code   RO         4094    .text               c_p.l(heapauxi.o)
    0x08000a18   0x08000a18   0x00000160   Code   RO         4098    .text               fz_ps.l(fdiv.o)
    0x08000b78   0x08000b78   0x00000030   Code   RO         4101    .text               fz_ps.l(ffixui.o)
    0x08000ba8   0x08000ba8   0x0000005e   Code   RO         4103    .text               fz_ps.l(fflti.o)
    0x08000c06   0x08000c06   0x00000002   Code   RO         4107    .text               c_p.l(use_no_semi.o)
    0x08000c08   0x08000c08   0x00000008   Code   RO         4121    .text               c_p.l(rt_locale_intlibspace.o)
    0x08000c10   0x08000c10   0x00000008   Code   RO         4126    .text               c_p.l(rt_errno_addr_intlibspace.o)
    0x08000c18   0x08000c18   0x000000b0   Code   RO         4128    .text               c_p.l(_printf_intcommon.o)
    0x08000cc8   0x08000cc8   0x00000030   Code   RO         4130    .text               c_p.l(_printf_char_common.o)
    0x08000cf8   0x08000cf8   0x0000002e   Code   RO         4136    .text               c_p.l(_printf_char.o)
    0x08000d26   0x08000d26   0x00000002   PAD
    0x08000d28   0x08000d28   0x00000028   Code   RO         4138    .text               c_p.l(_printf_char_file.o)
    0x08000d50   0x08000d50   0x00000070   Code   RO         4141    .text               c_p.l(strtol.o)
    0x08000dc0   0x08000dc0   0x0000000c   Code   RO         4146    .text               c_p.l(defsig_abrt_outer.o)
    0x08000dcc   0x08000dcc   0x00000028   Code   RO         4150    .text               c_p.l(rtudiv10.o)
    0x08000df4   0x08000df4   0x00000008   Code   RO         4153    .text               c_p.l(libspace.o)
    0x08000dfc   0x08000dfc   0x000000a6   Code   RO         4177    .text               c_p.l(_strtoul.o)
    0x08000ea2   0x08000ea2   0x00000008   Code   RO         4179    .text               c_p.l(ferror.o)
    0x08000eaa   0x08000eaa   0x0000000c   Code   RO         4183    .text               c_p.l(defsig_exit.o)
    0x08000eb6   0x08000eb6   0x00000002   PAD
    0x08000eb8   0x08000eb8   0x00000030   Code   RO         4185    .text               c_p.l(defsig_abrt_inner.o)
    0x08000ee8   0x08000ee8   0x0000003e   Code   RO         4232    .text               c_p.l(sys_stackheap_outer.o)
    0x08000f26   0x08000f26   0x0000001e   Code   RO         4235    .text               c_p.l(_chval.o)
    0x08000f44   0x08000f44   0x00000010   Code   RO         4237    .text               c_p.l(exit.o)
    0x08000f54   0x08000f54   0x00000034   Code   RO         4241    .text               c_p.l(defsig_general.o)
    0x08000f88   0x08000f88   0x00000058   Code   RO         2470    i.DS18B20_check_ack  drv_18b20.o
    0x08000fe0   0x08000fe0   0x00000004   Code   RO           12    i.Error_Handler     main.o
    0x08000fe4   0x08000fe4   0x00000040   Code   RO         1222    i.HAL_DMA_Abort     stm32f0xx_hal_dma.o
    0x08001024   0x08001024   0x00000048   Code   RO         1223    i.HAL_DMA_Abort_IT  stm32f0xx_hal_dma.o
    0x0800106c   0x0800106c   0x000001a4   Code   RO         1161    i.HAL_GPIO_Init     stm32f0xx_hal_gpio.o
    0x08001210   0x08001210   0x0000000a   Code   RO         1163    i.HAL_GPIO_ReadPin  stm32f0xx_hal_gpio.o
    0x0800121a   0x0800121a   0x0000000c   Code   RO         1165    i.HAL_GPIO_WritePin  stm32f0xx_hal_gpio.o
    0x08001226   0x08001226   0x00000002   PAD
    0x08001228   0x08001228   0x0000000c   Code   RO         1009    i.HAL_GetTick       stm32f0xx_hal.o
    0x08001234   0x08001234   0x0000004a   Code   RO          835    i.HAL_I2CEx_ConfigAnalogFilter  stm32f0xx_hal_i2c_ex.o
    0x0800127e   0x0800127e   0x00000048   Code   RO          836    i.HAL_I2CEx_ConfigDigitalFilter  stm32f0xx_hal_i2c_ex.o
    0x080012c6   0x080012c6   0x00000002   PAD
    0x080012c8   0x080012c8   0x000000b4   Code   RO          378    i.HAL_I2C_Init      stm32f0xx_hal_i2c.o
    0x0800137c   0x0800137c   0x00000090   Code   RO          175    i.HAL_I2C_MspInit   i2c.o
    0x0800140c   0x0800140c   0x00000010   Code   RO         1015    i.HAL_IncTick       stm32f0xx_hal.o
    0x0800141c   0x0800141c   0x00000020   Code   RO         1016    i.HAL_Init          stm32f0xx_hal.o
    0x0800143c   0x0800143c   0x00000044   Code   RO         1017    i.HAL_InitTick      stm32f0xx_hal.o
    0x08001480   0x08001480   0x00000028   Code   RO          347    i.HAL_MspInit       stm32f0xx_hal_msp.o
    0x080014a8   0x080014a8   0x00000018   Code   RO         1320    i.HAL_NVIC_EnableIRQ  stm32f0xx_hal_cortex.o
    0x080014c0   0x080014c0   0x00000008   Code   RO         1324    i.HAL_NVIC_SetPriority  stm32f0xx_hal_cortex.o
    0x080014c8   0x080014c8   0x000000e8   Code   RO          970    i.HAL_RCCEx_PeriphCLKConfig  stm32f0xx_hal_rcc_ex.o
    0x080015b0   0x080015b0   0x00000108   Code   RO          874    i.HAL_RCC_ClockConfig  stm32f0xx_hal_rcc.o
    0x080016b8   0x080016b8   0x00000020   Code   RO          881    i.HAL_RCC_GetPCLK1Freq  stm32f0xx_hal_rcc.o
    0x080016d8   0x080016d8   0x00000054   Code   RO          882    i.HAL_RCC_GetSysClockFreq  stm32f0xx_hal_rcc.o
    0x0800172c   0x0800172c   0x00000388   Code   RO          885    i.HAL_RCC_OscConfig  stm32f0xx_hal_rcc.o
    0x08001ab4   0x08001ab4   0x00000030   Code   RO         1328    i.HAL_SYSTICK_Config  stm32f0xx_hal_cortex.o
    0x08001ae4   0x08001ae4   0x00000002   Code   RO         1795    i.HAL_UARTEx_RxEventCallback  stm32f0xx_hal_uart.o
    0x08001ae6   0x08001ae6   0x00000002   Code   RO         1811    i.HAL_UART_ErrorCallback  stm32f0xx_hal_uart.o
    0x08001ae8   0x08001ae8   0x00000294   Code   RO         1814    i.HAL_UART_IRQHandler  stm32f0xx_hal_uart.o
    0x08001d7c   0x08001d7c   0x0000006a   Code   RO         1815    i.HAL_UART_Init     stm32f0xx_hal_uart.o
    0x08001de6   0x08001de6   0x00000002   PAD
    0x08001de8   0x08001de8   0x000000b4   Code   RO          219    i.HAL_UART_MspInit  usart.o
    0x08001e9c   0x08001e9c   0x000000c0   Code   RO         1824    i.HAL_UART_Transmit  stm32f0xx_hal_uart.o
    0x08001f5c   0x08001f5c   0x00000002   Code   RO         1827    i.HAL_UART_TxCpltCallback  stm32f0xx_hal_uart.o
    0x08001f5e   0x08001f5e   0x00000002   Code   RO          262    i.HardFault_Handler  stm32f0xx_it.o
    0x08001f60   0x08001f60   0x000000dc   Code   RO          154    i.MX_GPIO_Init      gpio.o
    0x0800203c   0x0800203c   0x00000058   Code   RO          176    i.MX_I2C1_Init      i2c.o
    0x08002094   0x08002094   0x00000058   Code   RO          177    i.MX_I2C2_Init      i2c.o
    0x080020ec   0x080020ec   0x00000038   Code   RO          220    i.MX_USART1_UART_Init  usart.o
    0x08002124   0x08002124   0x00000038   Code   RO          221    i.MX_USART2_UART_Init  usart.o
    0x0800215c   0x0800215c   0x00000002   Code   RO          263    i.NMI_Handler       stm32f0xx_it.o
    0x0800215e   0x0800215e   0x00000002   Code   RO          264    i.PendSV_Handler    stm32f0xx_it.o
    0x08002160   0x08002160   0x00000002   Code   RO          265    i.SVC_Handler       stm32f0xx_it.o
    0x08002162   0x08002162   0x00000002   PAD
    0x08002164   0x08002164   0x00000018   Code   RO          266    i.SysTick_Handler   stm32f0xx_it.o
    0x0800217c   0x0800217c   0x00000078   Code   RO           13    i.SystemClock_Config  main.o
    0x080021f4   0x080021f4   0x00000002   Code   RO         2218    i.SystemInit        system_stm32f0xx.o
    0x080021f6   0x080021f6   0x000000ca   Code   RO         1829    i.UART_AdvFeatureConfig  stm32f0xx_hal_uart.o
    0x080022c0   0x080022c0   0x000000c4   Code   RO         1830    i.UART_CheckIdleState  stm32f0xx_hal_uart.o
    0x08002384   0x08002384   0x00000014   Code   RO         1831    i.UART_DMAAbortOnError  stm32f0xx_hal_uart.o
    0x08002398   0x08002398   0x00000060   Code   RO         1841    i.UART_EndRxTransfer  stm32f0xx_hal_uart.o
    0x080023f8   0x080023f8   0x00000130   Code   RO         1845    i.UART_SetConfig    stm32f0xx_hal_uart.o
    0x08002528   0x08002528   0x0000008a   Code   RO         1850    i.UART_WaitOnFlagUntilTimeout  stm32f0xx_hal_uart.o
    0x080025b2   0x080025b2   0x00000002   PAD
    0x080025b4   0x080025b4   0x00000024   Code   RO          267    i.USART1_IRQHandler  stm32f0xx_it.o
    0x080025d8   0x080025d8   0x00000010   Code   RO          268    i.USART2_IRQHandler  stm32f0xx_it.o
    0x080025e8   0x080025e8   0x00000030   Code   RO          960    i.__ARM_common_ll_muluu  stm32f0xx_hal_rcc.o
    0x08002618   0x08002618   0x00000044   Code   RO         1330    i.__NVIC_SetPriority  stm32f0xx_hal_cortex.o
    0x0800265c   0x0800265c   0x0000000e   Code   RO         4052    i._is_digit         c_p.l(__printf_wp.o)
    0x0800266a   0x0800266a   0x00000002   Code   RO         3838    i._sys_exit         uart_port.o
    0x0800266c   0x0800266c   0x00000002   Code   RO         3839    i._ttywrch          uart_port.o
    0x0800266e   0x0800266e   0x00000002   PAD
    0x08002670   0x08002670   0x00000068   Code   RO         2251    i.app_cmd_disable_output  app_cmd.o
    0x080026d8   0x080026d8   0x00000068   Code   RO         2254    i.app_cmd_enable_output  app_cmd.o
    0x08002740   0x08002740   0x00000014   Code   RO         2255    i.app_cmd_enable_receive  app_cmd.o
    0x08002754   0x08002754   0x00000018   Code   RO         2257    i.app_cmd_exit      app_cmd.o
    0x0800276c   0x0800276c   0x00000058   Code   RO         2258    i.app_cmd_handle_special_char  app_cmd.o
    0x080027c4   0x080027c4   0x0000009c   Code   RO         2259    i.app_cmd_help      app_cmd.o
    0x08002860   0x08002860   0x00000028   Code   RO         2260    i.app_cmd_init      app_cmd.o
    0x08002888   0x08002888   0x0000000a   Code   RO         2261    i.app_cmd_module    app_cmd.o
    0x08002892   0x08002892   0x00000002   PAD
    0x08002894   0x08002894   0x000000d0   Code   RO         2262    i.app_cmd_on_receive_byte  app_cmd.o
    0x08002964   0x08002964   0x00000070   Code   RO         2263    i.app_cmd_output_all_module_info  app_cmd.o
    0x080029d4   0x080029d4   0x00000148   Code   RO         2264    i.app_cmd_parse_from_str  app_cmd.o
    0x08002b1c   0x08002b1c   0x00000064   Code   RO         2265    i.app_cmd_read_temp  app_cmd.o
    0x08002b80   0x08002b80   0x00000022   Code   RO         2266    i.app_cmd_repeat    app_cmd.o
    0x08002ba2   0x08002ba2   0x00000002   PAD
    0x08002ba4   0x08002ba4   0x0000001c   Code   RO         2267    i.app_cmd_repeat_exe_cmd  app_cmd.o
    0x08002bc0   0x08002bc0   0x00000018   Code   RO         2268    i.app_cmd_send_return_flag  app_cmd.o
    0x08002bd8   0x08002bd8   0x00000050   Code   RO         2269    i.app_cmd_set_module_output_by_name  app_cmd.o
    0x08002c28   0x08002c28   0x00000034   Code   RO         2270    i.app_cmd_test_us   app_cmd.o
    0x08002c5c   0x08002c5c   0x00000030   Code   RO         2271    i.app_cmd_test_watchdog  app_cmd.o
    0x08002c8c   0x08002c8c   0x000000b8   Code   RO         2272    i.app_cmd_version   app_cmd.o
    0x08002d44   0x08002d44   0x0000002c   Code   RO         2875    i.beep              main_run.o
    0x08002d70   0x08002d70   0x00000038   Code   RO         2876    i.beep_callback     main_run.o
    0x08002da8   0x08002da8   0x00000010   Code   RO         2877    i.buzzer_off        main_run.o
    0x08002db8   0x08002db8   0x00000010   Code   RO         2878    i.buzzer_on         main_run.o
    0x08002dc8   0x08002dc8   0x00000038   Code   RO         2879    i.check_if_reach_5mins  main_run.o
    0x08002e00   0x08002e00   0x0000003c   Code   RO         2429    i.com_handle_new_byte  com.o
    0x08002e3c   0x08002e3c   0x0000003c   Code   RO         2430    i.com_handle_new_received_data  com.o
    0x08002e78   0x08002e78   0x0000000c   Code   RO         2431    i.com_init_by_file  com.o
    0x08002e84   0x08002e84   0x00000054   Code   RO         2432    i.com_set_receive_handler  com.o
    0x08002ed8   0x08002ed8   0x0000000c   Code   RO         2433    i.com_to_file       com.o
    0x08002ee4   0x08002ee4   0x00000048   Code   RO         2537    i.drv_com_file      drv_com.o
    0x08002f2c   0x08002f2c   0x0000001c   Code   RO         2538    i.drv_com_file_ctl  drv_com.o
    0x08002f48   0x08002f48   0x0000003e   Code   RO         2539    i.drv_com_file_read  drv_com.o
    0x08002f86   0x08002f86   0x00000028   Code   RO         2540    i.drv_com_file_write  drv_com.o
    0x08002fae   0x08002fae   0x00000002   PAD
    0x08002fb0   0x08002fb0   0x00000048   Code   RO         2541    i.drv_com_init      drv_com.o
    0x08002ff8   0x08002ff8   0x0000002c   Code   RO         2542    i.drv_com_on_receive_one_byte  drv_com.o
    0x08003024   0x08003024   0x00000020   Code   RO         2599    i.drv_key_scan      drv_key.o
    0x08003044   0x08003044   0x00000038   Code   RO         2471    i.ds18b20_check_device  drv_18b20.o
    0x0800307c   0x0800307c   0x00000068   Code   RO         2472    i.ds18b20_read_byte  drv_18b20.o
    0x080030e4   0x080030e4   0x0000005c   Code   RO         2473    i.ds18b20_read_temp  drv_18b20.o
    0x08003140   0x08003140   0x00000044   Code   RO         2474    i.ds18b20_write_byte  drv_18b20.o
    0x08003184   0x08003184   0x00000058   Code   RO         2625    i.event_clear       event.o
    0x080031dc   0x080031dc   0x0000004c   Code   RO         2626    i.event_handle      event.o
    0x08003228   0x08003228   0x0000005c   Code   RO         2627    i.event_is_set      event.o
    0x08003284   0x08003284   0x00000048   Code   RO         2629    i.event_set_handler  event.o
    0x080032cc   0x080032cc   0x00000018   Code   RO         3840    i.fputc             uart_port.o
    0x080032e4   0x080032e4   0x0000000c   Code   RO         3920    i.get_module_name   common.o
    0x080032f0   0x080032f0   0x0000001a   Code   RO         2600    i.gpio_is_valid     drv_key.o
    0x0800330a   0x0800330a   0x00000002   PAD
    0x0800330c   0x0800330c   0x00000010   Code   RO         3921    i.is_module_enable_output  common.o
    0x0800331c   0x0800331c   0x00000044   Code   RO         2880    i.key_bind          main_run.o
    0x08003360   0x08003360   0x0000008c   Code   RO         2678    i.key_combination_handle  key.o
    0x080033ec   0x080033ec   0x000000d4   Code   RO         2681    i.key_handle        key.o
    0x080034c0   0x080034c0   0x00000034   Code   RO         2683    i.key_init          key.o
    0x080034f4   0x080034f4   0x0000004c   Code   RO         2685    i.key_is_pressed    key.o
    0x08003540   0x08003540   0x00000018   Code   RO         2881    i.key_on_pressed    main_run.o
    0x08003558   0x08003558   0x00000038   Code   RO         2882    i.key_on_released   main_run.o
    0x08003590   0x08003590   0x000000e0   Code   RO         2686    i.key_press_handle  key.o
    0x08003670   0x08003670   0x0000001c   Code   RO         2687    i.key_pressed_counter  key.o
    0x0800368c   0x0800368c   0x00000054   Code   RO         2688    i.key_release_handle  key.o
    0x080036e0   0x080036e0   0x000000f8   Code   RO         2689    i.key_scan          key.o
    0x080037d8   0x080037d8   0x0000001c   Code   RO         2690    i.key_scan_timer_out  key.o
    0x080037f4   0x080037f4   0x00000070   Code   RO         2696    i.key_set_handler   key.o
    0x08003864   0x08003864   0x00000018   Code   RO         2699    i.key_set_key_repeat_speed_by_time  key.o
    0x0800387c   0x0800387c   0x00000038   Code   RO         2701    i.key_start_scan    key.o
    0x080038b4   0x080038b4   0x00000028   Code   RO         2702    i.key_state         key.o
    0x080038dc   0x080038dc   0x00000022   Code   RO           14    i.main              main.o
    0x080038fe   0x080038fe   0x00000028   Code   RO         2883    i.main_handle_all   main_run.o
    0x08003926   0x08003926   0x0000000a   Code   RO         2884    i.main_handle_pc_uart_recv  main_run.o
    0x08003930   0x08003930   0x00000080   Code   RO         2885    i.main_run          main_run.o
    0x080039b0   0x080039b0   0x0000005c   Code   RO         2964    i.msg_handle        msg.o
    0x08003a0c   0x08003a0c   0x00000028   Code   RO         2965    i.msg_handle_all    msg.o
    0x08003a34   0x08003a34   0x00000028   Code   RO         2966    i.msg_init          msg.o
    0x08003a5c   0x08003a5c   0x00000014   Code   RO         2475    i.read_channel_temp  drv_18b20.o
    0x08003a70   0x08003a70   0x00000068   Code   RO         2886    i.reset_key_on_pressed  main_run.o
    0x08003ad8   0x08003ad8   0x00000010   Code   RO         3922    i.set_module_output  common.o
    0x08003ae8   0x08003ae8   0x00000022   Code   RO         2476    i.set_pin_mode_input  drv_18b20.o
    0x08003b0a   0x08003b0a   0x00000022   Code   RO         2477    i.set_pin_mode_output  drv_18b20.o
    0x08003b2c   0x08003b2c   0x00000028   Code   RO         3589    i.ssz_delay_us      ssz_stm32_hal_bsp.o
    0x08003b54   0x08003b54   0x00000108   Code   RO         3137    i.ssz_deque_erase   ssz_deque.o
    0x08003c5c   0x08003c5c   0x00000050   Code   RO         3140    i.ssz_deque_front   ssz_deque.o
    0x08003cac   0x08003cac   0x00000058   Code   RO         3142    i.ssz_deque_init    ssz_deque.o
    0x08003d04   0x08003d04   0x00000044   Code   RO         3145    i.ssz_deque_is_empty  ssz_deque.o
    0x08003d48   0x08003d48   0x0000002a   Code   RO         3147    i.ssz_deque_is_node_of_index_valid  ssz_deque.o
    0x08003d72   0x08003d72   0x00000014   Code   RO         3149    i.ssz_deque_next_index_simple  ssz_deque.o
    0x08003d86   0x08003d86   0x00000002   PAD
    0x08003d88   0x08003d88   0x0000004c   Code   RO         3151    i.ssz_deque_pop_front  ssz_deque.o
    0x08003dd4   0x08003dd4   0x00000012   Code   RO         3154    i.ssz_deque_prev_index_simple  ssz_deque.o
    0x08003de6   0x08003de6   0x0000001a   Code   RO         3165    i.ssz_deque_tail_index_simple  ssz_deque.o
    0x08003e00   0x08003e00   0x0000001a   Code   RO         3365    i.ssz_fgetc         ssz_file.o
    0x08003e1a   0x08003e1a   0x00000002   PAD
    0x08003e1c   0x08003e1c   0x00000044   Code   RO         3366    i.ssz_file_init     ssz_file.o
    0x08003e60   0x08003e60   0x0000000a   Code   RO         3368    i.ssz_fread         ssz_file.o
    0x08003e6a   0x08003e6a   0x00000002   PAD
    0x08003e6c   0x08003e6c   0x00000074   Code   RO         3371    i.ssz_fread_ex      ssz_file.o
    0x08003ee0   0x08003ee0   0x0000001a   Code   RO         3373    i.ssz_fsize         ssz_file.o
    0x08003efa   0x08003efa   0x0000000a   Code   RO         3375    i.ssz_fwrite        ssz_file.o
    0x08003f04   0x08003f04   0x00000078   Code   RO         3378    i.ssz_fwrite_ex     ssz_file.o
    0x08003f7c   0x08003f7c   0x00000070   Code   RO         3379    i.ssz_ioctl         ssz_file.o
    0x08003fec   0x08003fec   0x00000008   Code   RO         3085    i.ssz_mem_zero      ssz_common.o
    0x08003ff4   0x08003ff4   0x0000002c   Code   RO         3086    i.ssz_on_assert_fail  ssz_common.o
    0x08004020   0x08004020   0x00000028   Code   RO         3087    i.ssz_on_check_fail  ssz_common.o
    0x08004048   0x08004048   0x00000008   Code   RO         3467    i.ssz_queue_front   ssz_queue.o
    0x08004050   0x08004050   0x00000008   Code   RO         3468    i.ssz_queue_init    ssz_queue.o
    0x08004058   0x08004058   0x00000008   Code   RO         3469    i.ssz_queue_is_empty  ssz_queue.o
    0x08004060   0x08004060   0x00000008   Code   RO         3471    i.ssz_queue_pop     ssz_queue.o
    0x08004068   0x08004068   0x00000058   Code   RO         3527    i.ssz_safe_queue_front  ssz_safe_queue.o
    0x080040c0   0x080040c0   0x00000060   Code   RO         3528    i.ssz_safe_queue_init  ssz_safe_queue.o
    0x08004120   0x08004120   0x00000014   Code   RO         3529    i.ssz_safe_queue_is_empty  ssz_safe_queue.o
    0x08004134   0x08004134   0x0000001c   Code   RO         3531    i.ssz_safe_queue_pop  ssz_safe_queue.o
    0x08004150   0x08004150   0x00000036   Code   RO         3532    i.ssz_safe_queue_push  ssz_safe_queue.o
    0x08004186   0x08004186   0x00000016   Code   RO         3533    i.ssz_safe_queue_size  ssz_safe_queue.o
    0x0800419c   0x0800419c   0x00000046   Code   RO         3953    i.ssz_str_split     ssz_str_utility.o
    0x080041e2   0x080041e2   0x00000002   PAD
    0x080041e4   0x080041e4   0x00000010   Code   RO         3649    i.ssz_tick_time_elapsed  ssz_tick_time.o
    0x080041f4   0x080041f4   0x00000018   Code   RO         3650    i.ssz_tick_time_elapsed_ex  ssz_tick_time.o
    0x0800420c   0x0800420c   0x00000024   Code   RO         3652    i.ssz_tick_time_increase  ssz_tick_time.o
    0x08004230   0x08004230   0x0000001c   Code   RO         3653    i.ssz_tick_time_is_after_or_eq  ssz_tick_time.o
    0x0800424c   0x0800424c   0x00000014   Code   RO         3654    i.ssz_tick_time_next  ssz_tick_time.o
    0x08004260   0x08004260   0x00000018   Code   RO         3655    i.ssz_tick_time_next_ex  ssz_tick_time.o
    0x08004278   0x08004278   0x0000000c   Code   RO         3656    i.ssz_tick_time_now  ssz_tick_time.o
    0x08004284   0x08004284   0x00000020   Code   RO         3594    i.ssz_uart_write    ssz_stm32_hal_bsp.o
    0x080042a4   0x080042a4   0x0000000a   Code   RO         3765    i.timer_handle_all  timer.o
    0x080042ae   0x080042ae   0x00000002   PAD
    0x080042b0   0x080042b0   0x00000054   Code   RO         3766    i.timer_handle_all_of_group  timer.o
    0x08004304   0x08004304   0x0000000a   Code   RO         3768    i.timer_set_handler  timer.o
    0x0800430e   0x0800430e   0x00000002   PAD
    0x08004310   0x08004310   0x00000010   Code   RO         3769    i.timer_set_handler_and_group  timer.o
    0x08004320   0x08004320   0x00000024   Code   RO         3770    i.timer_start_oneshot_after  timer.o
    0x08004344   0x08004344   0x0000001c   Code   RO         3772    i.timer_start_periodic_every  timer.o
    0x08004360   0x08004360   0x00000014   Code   RO         3773    i.timer_stop        timer.o
    0x08004374   0x08004374   0x00000008   Code   RO         3877    i.version_build_time  version.o
    0x0800437c   0x0800437c   0x00000008   Code   RO         3878    i.version_info      version.o
    0x08004384   0x08004384   0x00000014   Code   RO         3879    i.version_software_name  version.o
    0x08004398   0x08004398   0x00000008   Code   RO         3880    i.version_str       version.o
    0x080043a0   0x080043a0   0x0000002c   Code   RO         4144    locale$$code        c_p.l(lc_ctype_c.o)
    0x080043cc   0x080043cc   0x000000b0   Code   RO         4105    x$fpl$fmul          fz_ps.l(fmul.o)
    0x0800447c   0x0800447c   0x00000000   Code   RO         4152    x$fpl$usenofp       fz_ps.l(usenofp.o)
    0x0800447c   0x0800447c   0x00000020   Data   RO          886    .constdata          stm32f0xx_hal_rcc.o
    0x0800449c   0x0800449c   0x00000010   Data   RO         2219    .constdata          system_stm32f0xx.o
    0x080044ac   0x080044ac   0x00000008   Data   RO         2220    .constdata          system_stm32f0xx.o
    0x080044b4   0x080044b4   0x00000088   Data   RO         2274    .constdata          app_cmd.o
    0x0800453c   0x0800453c   0x00000010   Data   RO         2478    .constdata          drv_18b20.o
    0x0800454c   0x0800454c   0x00000010   Data   RO         2544    .constdata          drv_com.o
    0x0800455c   0x0800455c   0x00000018   Data   RO         2601    .constdata          drv_key.o
    0x08004574   0x08004574   0x00000044   Data   RO         3881    .constdata          version.o
    0x080045b8   0x080045b8   0x00000011   Data   RO         4060    .constdata          c_p.l(__printf_flags_ss_wp.o)
    0x080045c9   0x080045c9   0x00000040   Data   RO         4099    .constdata          fz_ps.l(fdiv.o)
    0x08004609   0x08004609   0x00000003   PAD
    0x0800460c   0x0800460c   0x00000201   Data   RO         2275    .conststring        app_cmd.o
    0x0800480d   0x0800480d   0x00000003   PAD
    0x08004810   0x08004810   0x00000069   Data   RO         2705    .conststring        key.o
    0x08004879   0x08004879   0x00000003   PAD
    0x0800487c   0x0800487c   0x00000054   Data   RO         2887    .conststring        main_run.o
    0x080048d0   0x080048d0   0x0000003a   Data   RO         3923    .conststring        common.o
    0x0800490a   0x0800490a   0x00000002   PAD
    0x0800490c   0x0800490c   0x00000020   Data   RO         4319    Region$$Table       anon$$obj.o
    0x0800492c   0x0800492c   0x00000110   Data   RO         4143    locale$$data        c_p.l(lc_ctype_c.o)


    Execution Region RW_IRAM1 (Exec base: 0x20000000, Load base: 0x08004a3c, Size: 0x00000b38, Max: 0x00002000, ABSOLUTE)

    Exec Addr    Load Addr    Size         Type   Attr      Idx    E Section Name        Object

    0x20000000   0x08004a3c   0x0000000c   Data   RW         1023    .data               stm32f0xx_hal.o
    0x2000000c   0x08004a48   0x00000004   Data   RW         2221    .data               system_stm32f0xx.o
    0x20000010   0x08004a4c   0x0000000c   Data   RW         2276    .data               app_cmd.o
    0x2000001c   0x08004a58   0x00000004   Data   RW         2435    .data               com.o
    0x20000020   0x08004a5c   0x00000008   Data   RW         2545    .data               drv_com.o
    0x20000028   0x08004a64   0x00000018   Data   RW         2706    .data               key.o
    0x20000040   0x08004a7c   0x00000014   Data   RW         2888    .data               main_run.o
    0x20000054   0x08004a90   0x0000000c   Data   RW         2981    .data               msg.o
    0x20000060   0x08004a9c   0x0000000c   Data   RW         3660    .data               ssz_tick_time.o
    0x2000006c   0x08004aa8   0x00000004   Data   RW         3841    .data               uart_port.o
    0x20000070   0x08004aac   0x00000028   Data   RW         3924    .data               common.o
    0x20000098        -       0x000000a8   Zero   RW          178    .bss                i2c.o
    0x20000140        -       0x00000110   Zero   RW          222    .bss                usart.o
    0x20000250        -       0x00000078   Zero   RW         2273    .bss                app_cmd.o
    0x200002c8        -       0x0000000c   Zero   RW         2434    .bss                com.o
    0x200002d4        -       0x00000064   Zero   RW         2543    .bss                drv_com.o
    0x20000338        -       0x00000018   Zero   RW         2630    .bss                event.o
    0x20000350        -       0x00000084   Zero   RW         2704    .bss                key.o
    0x200003d4        -       0x000000a0   Zero   RW         2979    .bss                msg.o
    0x20000474        -       0x00000010   Zero   RW         2980    .bss                msg.o
    0x20000484        -       0x00000050   Zero   RW         3776    .bss                timer.o
    0x200004d4        -       0x00000060   Zero   RW         4154    .bss                c_p.l(libspace.o)
    0x20000534   0x08004ad4   0x00000004   PAD
    0x20000538        -       0x00000200   Zero   RW            2    HEAP                startup_stm32f030x8.o
    0x20000738        -       0x00000400   Zero   RW            1    STACK               startup_stm32f030x8.o


==============================================================================

Image component sizes


      Code (inc. data)   RO Data    RW Data    ZI Data      Debug   Object Name

      1744        656        649         12        120      15167   app_cmd.o
       228         68          0          4         12       3308   com.o
        44         16         58         40          0       1884   common.o
       496          6         16          0          0       5507   drv_18b20.o
       318         74         16          8        100       5247   drv_com.o
        58          6         24          0          0       1655   drv_key.o
       328        208          0          0         24       3259   event.o
       220         16          0          0          0        927   gpio.o
       320         42          0          0        168       2126   i2c.o
      1324        360        105         24        132      10371   key.o
       158          0          0          0          0     249204   main.o
       618        158         84         20          0       6344   main_run.o
       172         74          0         12        176       2848   msg.o
        92         52          0          0          0       1946   ssz_common.o
       682        238          0          0          0       6490   ssz_deque.o
       488        232          0          0          0       5150   ssz_file.o
        32          0          0          0          0       2328   ssz_queue.o
       308        100          0          0          0       4096   ssz_safe_queue.o
        72          8          0          0          0       1608   ssz_stm32_hal_bsp.o
        70          0          0          0          0        980   ssz_str_utility.o
       160         42          0         12          0       4478   ssz_tick_time.o
        56         26        180          0       1536        612   startup_stm32f030x8.o
       128         26          0         12          0       7121   stm32f0xx_hal.o
       148         24          0          0          0      10181   stm32f0xx_hal_cortex.o
       136          0          0          0          0       1663   stm32f0xx_hal_dma.o
       442         24          0          0          0       2651   stm32f0xx_hal_gpio.o
       180          4          0          0          0       3159   stm32f0xx_hal_i2c.o
       146          0          0          0          0       1823   stm32f0xx_hal_i2c_ex.o
        40          6          0          0          0        774   stm32f0xx_hal_msp.o
      1332         64         32          0          0       4465   stm32f0xx_hal_rcc.o
       232         14          0          0          0       1308   stm32f0xx_hal_rcc_ex.o
      1920         42          0          0          0      15307   stm32f0xx_hal_uart.o
        84         14          0          0          0       5227   stm32f0xx_it.o
         2          0         24          4          0       1039   system_stm32f0xx.o
       204         24          0          0         80       4165   timer.o
        28          4          0          4          0       3057   uart_port.o
       292         30          0          0        272       2163   usart.o
        44         28         68          0          0       2458   version.o

    ----------------------------------------------------------------------
     13378       2686       1296        152       2620     402096   Object Totals
         0          0         32          0          0          0   (incl. Generated)
        32          0          8          0          0          0   (incl. Padding)

    ----------------------------------------------------------------------

      Code (inc. data)   RO Data    RW Data    ZI Data      Debug   Library Member Name

         8          0          0          0          0         68   __main.o
       392          6         17          0          0         76   __printf_flags_ss_wp.o
        14          0          0          0          0         60   __printf_wp.o
         0          0          0          0          0          0   __rtentry.o
        12          0          0          0          0          0   __rtentry2.o
         6          0          0          0          0          0   __rtentry4.o
        60          8          0          0          0          0   __scatter.o
        26          0          0          0          0          0   __scatter_copy.o
        28          0          0          0          0          0   __scatter_zi.o
        30          0          0          0          0         60   _chval.o
        46          0          0          0          0        100   _printf_char.o
        48          6          0          0          0         88   _printf_char_common.o
        40          6          0          0          0         72   _printf_char_file.o
        10          0          0          0          0          0   _printf_d.o
       108         18          0          0          0         76   _printf_dec.o
       176          0          0          0          0         84   _printf_intcommon.o
        78          0          0          0          0        100   _printf_pad.o
         2          0          0          0          0          0   _printf_percent.o
         4          0          0          0          0          0   _printf_percent_end.o
        10          0          0          0          0          0   _printf_s.o
        82          0          0          0          0         72   _printf_str.o
        10          0          0          0          0          0   _printf_u.o
       166          0          0          0          0         84   _strtoul.o
        20          0          0          0          0         68   abort.o
       346          0          0          0          0         92   aeabi_sdiv.o
        26          0          0          0          0         72   atoi.o
        48         34          0          0          0         68   defsig_abrt_inner.o
        12          0          0          0          0         68   defsig_abrt_outer.o
        12          0          0          0          0         68   defsig_exit.o
        52          0          0          0          0         72   defsig_general.o
        16          0          0          0          0         68   exit.o
         8          0          0          0          0         60   ferror.o
         6          0          0          0          0        136   heapauxi.o
        44         10        272          0          0         76   lc_ctype_c.o
         2          0          0          0          0          0   libinit.o
        20          0          0          0          0          0   libinit2.o
         2          0          0          0          0          0   libshutdown.o
         2          0          0          0          0          0   libshutdown2.o
         8          4          0          0         96         68   libspace.o
       258          0          0          0          0         88   lludiv.o
        28          6          0          0          0         84   noretval__2printf.o
         8          0          0          0          0         68   putc.o
        44          6          0          0          0         68   puts.o
        16          4          0          0          0         76   rt_ctype_table.o
         8          4          0          0          0         68   rt_errno_addr_intlibspace.o
         8          4          0          0          0         68   rt_locale_intlibspace.o
        64          0          0          0          0        108   rt_memclr.o
       186          0          0          0          0        144   rt_memcpy.o
         2          0          0          0          0          0   rtexit.o
        10          0          0          0          0          0   rtexit2.o
        40          0          0          0          0         60   rtudiv10.o
        20          0          0          0          0         60   strchr.o
       136          4          0          0          0         72   strcmp.o
        76          6          0          0          0         72   strcpy.o
        68          6          0          0          0         72   strlen.o
       160          6          0          0          0         76   strncmp.o
       112          4          0          0          0         76   strtol.o
        62          0          0          0          0         80   sys_stackheap_outer.o
         2          0          0          0          0         68   use_no_semi.o
         2          0          0          0          0         68   use_no_semi_2.o
       352         10         64          0          0         92   fdiv.o
        48          0          0          0          0         60   ffixui.o
        94          0          0          0          0         92   fflti.o
       176          4          0          0          0         80   fmul.o
         0          0          0          0          0          0   usenofp.o

    ----------------------------------------------------------------------
      3974        156        356          0        100       3656   Library Totals
        14          0          3          0          4          0   (incl. Padding)

    ----------------------------------------------------------------------

      Code (inc. data)   RO Data    RW Data    ZI Data      Debug   Library Name

      3290        142        289          0         96       3332   c_p.l
       670         14         64          0          0        324   fz_ps.l

    ----------------------------------------------------------------------
      3974        156        356          0        100       3656   Library Totals

    ----------------------------------------------------------------------

==============================================================================


      Code (inc. data)   RO Data    RW Data    ZI Data      Debug   

     17352       2842       1652        152       2720     396004   Grand Totals
     17352       2842       1652        152       2720     396004   ELF Image Totals
     17352       2842       1652        152          0          0   ROM Totals

==============================================================================

    Total RO  Size (Code + RO Data)                19004 (  18.56kB)
    Total RW  Size (RW Data + ZI Data)              2872 (   2.80kB)
    Total ROM Size (Code + RO Data + RW Data)      19156 (  18.71kB)

==============================================================================

