Component: ARM Compiler 5.06 update 7 (build 960) Tool: armlink [4d3601]

==============================================================================

Section Cross References

    startup_stm32f030x8.o(STACK) refers (Special) to heapauxi.o(.text) for __use_two_region_memory
    startup_stm32f030x8.o(HEAP) refers (Special) to heapauxi.o(.text) for __use_two_region_memory
    startup_stm32f030x8.o(RESET) refers (Special) to heapauxi.o(.text) for __use_two_region_memory
    startup_stm32f030x8.o(RESET) refers to startup_stm32f030x8.o(STACK) for __initial_sp
    startup_stm32f030x8.o(RESET) refers to startup_stm32f030x8.o(.text) for Reset_Handler
    startup_stm32f030x8.o(RESET) refers to stm32f0xx_it.o(i.NMI_Handler) for NMI_Handler
    startup_stm32f030x8.o(RESET) refers to stm32f0xx_it.o(i.HardFault_Handler) for HardFault_Handler
    startup_stm32f030x8.o(RESET) refers to stm32f0xx_it.o(i.SVC_Handler) for SVC_Handler
    startup_stm32f030x8.o(RESET) refers to stm32f0xx_it.o(i.PendSV_Handler) for PendSV_Handler
    startup_stm32f030x8.o(RESET) refers to stm32f0xx_it.o(i.SysTick_Handler) for SysTick_Handler
    startup_stm32f030x8.o(RESET) refers to stm32f0xx_it.o(i.USART1_IRQHandler) for USART1_IRQHandler
    startup_stm32f030x8.o(RESET) refers to stm32f0xx_it.o(i.USART2_IRQHandler) for USART2_IRQHandler
    startup_stm32f030x8.o(.text) refers (Special) to heapauxi.o(.text) for __use_two_region_memory
    startup_stm32f030x8.o(.text) refers to system_stm32f0xx.o(i.SystemInit) for SystemInit
    startup_stm32f030x8.o(.text) refers to __main.o(!!!main) for __main
    startup_stm32f030x8.o(.text) refers to startup_stm32f030x8.o(HEAP) for Heap_Mem
    startup_stm32f030x8.o(.text) refers to startup_stm32f030x8.o(STACK) for Stack_Mem
    main.o(i.SystemClock_Config) refers to rt_memclr.o(.text) for __aeabi_memclr4
    main.o(i.SystemClock_Config) refers to stm32f0xx_hal_rcc.o(i.HAL_RCC_OscConfig) for HAL_RCC_OscConfig
    main.o(i.SystemClock_Config) refers to stm32f0xx_hal_rcc.o(i.HAL_RCC_ClockConfig) for HAL_RCC_ClockConfig
    main.o(i.SystemClock_Config) refers to stm32f0xx_hal_rcc_ex.o(i.HAL_RCCEx_PeriphCLKConfig) for HAL_RCCEx_PeriphCLKConfig
    main.o(i.main) refers to stm32f0xx_hal.o(i.HAL_Init) for HAL_Init
    main.o(i.main) refers to main.o(i.SystemClock_Config) for SystemClock_Config
    main.o(i.main) refers to gpio.o(i.MX_GPIO_Init) for MX_GPIO_Init
    main.o(i.main) refers to i2c.o(i.MX_I2C1_Init) for MX_I2C1_Init
    main.o(i.main) refers to i2c.o(i.MX_I2C2_Init) for MX_I2C2_Init
    main.o(i.main) refers to usart.o(i.MX_USART1_UART_Init) for MX_USART1_UART_Init
    main.o(i.main) refers to usart.o(i.MX_USART2_UART_Init) for MX_USART2_UART_Init
    main.o(i.main) refers to main_run.o(i.main_run) for main_run
    gpio.o(i.MX_GPIO_Init) refers to rt_memclr.o(.text) for __aeabi_memclr4
    gpio.o(i.MX_GPIO_Init) refers to stm32f0xx_hal_gpio.o(i.HAL_GPIO_WritePin) for HAL_GPIO_WritePin
    gpio.o(i.MX_GPIO_Init) refers to stm32f0xx_hal_gpio.o(i.HAL_GPIO_Init) for HAL_GPIO_Init
    i2c.o(i.HAL_I2C_MspDeInit) refers to stm32f0xx_hal_gpio.o(i.HAL_GPIO_DeInit) for HAL_GPIO_DeInit
    i2c.o(i.HAL_I2C_MspInit) refers to rt_memclr.o(.text) for __aeabi_memclr4
    i2c.o(i.HAL_I2C_MspInit) refers to stm32f0xx_hal_gpio.o(i.HAL_GPIO_Init) for HAL_GPIO_Init
    i2c.o(i.MX_I2C1_Init) refers to stm32f0xx_hal_i2c.o(i.HAL_I2C_Init) for HAL_I2C_Init
    i2c.o(i.MX_I2C1_Init) refers to main.o(i.Error_Handler) for Error_Handler
    i2c.o(i.MX_I2C1_Init) refers to stm32f0xx_hal_i2c_ex.o(i.HAL_I2CEx_ConfigAnalogFilter) for HAL_I2CEx_ConfigAnalogFilter
    i2c.o(i.MX_I2C1_Init) refers to stm32f0xx_hal_i2c_ex.o(i.HAL_I2CEx_ConfigDigitalFilter) for HAL_I2CEx_ConfigDigitalFilter
    i2c.o(i.MX_I2C1_Init) refers to i2c.o(.bss) for .bss
    i2c.o(i.MX_I2C2_Init) refers to stm32f0xx_hal_i2c.o(i.HAL_I2C_Init) for HAL_I2C_Init
    i2c.o(i.MX_I2C2_Init) refers to main.o(i.Error_Handler) for Error_Handler
    i2c.o(i.MX_I2C2_Init) refers to stm32f0xx_hal_i2c_ex.o(i.HAL_I2CEx_ConfigAnalogFilter) for HAL_I2CEx_ConfigAnalogFilter
    i2c.o(i.MX_I2C2_Init) refers to stm32f0xx_hal_i2c_ex.o(i.HAL_I2CEx_ConfigDigitalFilter) for HAL_I2CEx_ConfigDigitalFilter
    i2c.o(i.MX_I2C2_Init) refers to i2c.o(.bss) for .bss
    usart.o(i.HAL_UART_MspDeInit) refers to stm32f0xx_hal_gpio.o(i.HAL_GPIO_DeInit) for HAL_GPIO_DeInit
    usart.o(i.HAL_UART_MspDeInit) refers to stm32f0xx_hal_cortex.o(i.HAL_NVIC_DisableIRQ) for HAL_NVIC_DisableIRQ
    usart.o(i.HAL_UART_MspInit) refers to rt_memclr.o(.text) for __aeabi_memclr4
    usart.o(i.HAL_UART_MspInit) refers to stm32f0xx_hal_gpio.o(i.HAL_GPIO_Init) for HAL_GPIO_Init
    usart.o(i.HAL_UART_MspInit) refers to stm32f0xx_hal_cortex.o(i.HAL_NVIC_SetPriority) for HAL_NVIC_SetPriority
    usart.o(i.HAL_UART_MspInit) refers to stm32f0xx_hal_cortex.o(i.HAL_NVIC_EnableIRQ) for HAL_NVIC_EnableIRQ
    usart.o(i.MX_USART1_UART_Init) refers to stm32f0xx_hal_uart.o(i.HAL_UART_Init) for HAL_UART_Init
[...]
    i.timer_set_handler_and_group            0x080042b8   Section        0  timer.o(i.timer_set_handler_and_group)
    i.timer_start_oneshot_after              0x080042c8   Section        0  timer.o(i.timer_start_oneshot_after)
    i.timer_start_periodic_every             0x080042ec   Section        0  timer.o(i.timer_start_periodic_every)
    i.timer_stop                             0x08004308   Section        0  timer.o(i.timer_stop)
    i.version_build_time                     0x0800431c   Section        0  version.o(i.version_build_time)
    i.version_info                           0x08004324   Section        0  version.o(i.version_info)
    i.version_software_name                  0x0800432c   Section        0  version.o(i.version_software_name)
    i.version_str                            0x08004340   Section        0  version.o(i.version_str)
    locale$$code                             0x08004348   Section       44  lc_ctype_c.o(locale$$code)
    x$fpl$fmul                               0x08004374   Section      176  fmul.o(x$fpl$fmul)
    .constdata                               0x08004424   Section       32  stm32f0xx_hal_rcc.o(.constdata)
    x$fpl$usenofp                            0x08004424   Section        0  usenofp.o(x$fpl$usenofp)
    aPLLMULFactorTable                       0x08004424   Data          16  stm32f0xx_hal_rcc.o(.constdata)
    aPredivFactorTable                       0x08004434   Data          16  stm32f0xx_hal_rcc.o(.constdata)
    .constdata                               0x08004444   Section       16  system_stm32f0xx.o(.constdata)
    .constdata                               0x08004454   Section        8  system_stm32f0xx.o(.constdata)
    .constdata                               0x0800445c   Section      124  app_cmd.o(.constdata)
    g_app_cmd_cmd_return_id                  0x0800445c   Data           1  app_cmd.o(.constdata)
    g_app_cmd_info                           0x08004460   Data         120  app_cmd.o(.constdata)
    .constdata                               0x080044d8   Section       16  drv_18b20.o(.constdata)
    .constdata                               0x080044e8   Section       16  drv_com.o(.constdata)
    .constdata                               0x080044f8   Section       24  drv_key.o(.constdata)
    g_key_gpios                              0x080044f8   Data          24  drv_key.o(.constdata)
    .constdata                               0x08004510   Section       68  version.o(.constdata)
    g_version_info                           0x08004510   Data          16  version.o(.constdata)
    g_version_str                            0x08004520   Data          24  version.o(.constdata)
    g_version_build_time                     0x08004538   Data          28  version.o(.constdata)
    .constdata                               0x08004554   Section       17  __printf_flags_ss_wp.o(.constdata)
    maptable                                 0x08004554   Data          17  __printf_flags_ss_wp.o(.constdata)
    .constdata                               0x08004565   Section       64  fdiv.o(.constdata)
    fdiv_tab                                 0x08004565   Data          64  fdiv.o(.constdata)
    .conststring                             0x080045a8   Section      489  app_cmd.o(.conststring)
    .conststring                             0x08004794   Section      105  key.o(.conststring)
    .conststring                             0x08004800   Section       84  main_run.o(.conststring)
    .conststring                             0x08004854   Section       58  common.o(.conststring)
    locale$$data                             0x080048b0   Section      272  lc_ctype_c.o(locale$$data)
    __lcctype_c_name                         0x080048b4   Data           2  lc_ctype_c.o(locale$$data)
    __lcctype_c_start                        0x080048bc   Data           0  lc_ctype_c.o(locale$$data)
    __lcctype_c_end                          0x080049c0   Data           0  lc_ctype_c.o(locale$$data)
    .data                                    0x20000000   Section       12  stm32f0xx_hal.o(.data)
    .data                                    0x2000000c   Section        4  system_stm32f0xx.o(.data)
    .data                                    0x20000010   Section       12  app_cmd.o(.data)
    g_app_cmd_is_enable_cmd                  0x20000010   Data           1  app_cmd.o(.data)
    g_app_cmd_is_enable_show_input           0x20000011   Data           1  app_cmd.o(.data)
    g_app_cmd_wait_line_end                  0x20000012   Data           1  app_cmd.o(.data)
    g_app_cmd_receive_index                  0x20000014   Data           4  app_cmd.o(.data)
    g_app_cmd_info_ptr                       0x20000018   Data           4  app_cmd.o(.data)
    .data                                    0x2000001c   Section        4  com.o(.data)
    g_com_files                              0x2000001c   Data           4  com.o(.data)
    .data                                    0x20000020   Section        8  drv_com.o(.data)
    g_drv_com_file                           0x20000020   Data           8  drv_com.o(.data)
    .data                                    0x20000028   Section       24  key.o(.data)
    g_key_current_key_is_handled             0x20000028   Data           1  key.o(.data)
    g_key_current_key_is_need_handle         0x20000029   Data           1  key.o(.data)
    g_key_last_read_time                     0x2000002c   Data           4  key.o(.data)
    g_key_monitor_funs                       0x20000030   Data           8  key.o(.data)
    g_combination_key_monitor_funs           0x20000038   Data           8  key.o(.data)
    .data                                    0x20000040   Section       20  main_run.o(.data)
    .data                                    0x20000054   Section       12  msg.o(.data)
    g_msg_queue                              0x20000054   Data           4  msg.o(.data)
    g_msg_handler_arr                        0x20000058   Data           8  msg.o(.data)
    .data                                    0x20000060   Section       12  ssz_tick_time.o(.data)
    g_tick_time_now_ms                       0x20000060   Data           4  ssz_tick_time.o(.data)
    g_tick_time_last_read_str_ms             0x20000064   Data           4  ssz_tick_time.o(.data)
    g_tick_time_new_tick_flag                0x20000068   Data           4  ssz_tick_time.o(.data)
    .data                                    0x2000006c   Section        4  uart_port.o(.data)
    .data                                    0x20000070   Section       40  common.o(.data)
    g_module_output_info                     0x20000070   Data          40  common.o(.data)
    .bss                                     0x20000098   Section      168  i2c.o(.bss)
    .bss                                     0x20000140   Section      272  usart.o(.bss)
    .bss                                     0x20000250   Section      120  app_cmd.o(.bss)
    g_app_cmd_receive_str                    0x20000250   Data          60  app_cmd.o(.bss)
    g_app_cmd_last_receive_str               0x2000028c   Data          60  app_cmd.o(.bss)
    .bss                                     0x200002c8   Section       12  com.o(.bss)
    g_com_receive_handlers                   0x200002c8   Data          12  com.o(.bss)
    .bss                                     0x200002d4   Section      100  drv_com.o(.bss)
    g_drv_pc_uart_recv_buff                  0x200002d4   Data          64  drv_com.o(.bss)
    g_drv_com_info                           0x20000314   Data          36  drv_com.o(.bss)
    .bss                                     0x20000338   Section       24  event.o(.bss)
    g_event_handlers                         0x20000338   Data          12  event.o(.bss)
    .bss                                     0x20000350   Section      132  key.o(.bss)
    g_key_infos                              0x20000350   Data          84  key.o(.bss)
    g_combination_key_infos                  0x200003a4   Data          48  key.o(.bss)
    .bss                                     0x200003d4   Section      160  msg.o(.bss)
    g_msg_nodes                              0x200003d4   Data         160  msg.o(.bss)
    .bss                                     0x20000474   Section       16  msg.o(.bss)
    g_msg_queue_inter                        0x20000474   Data          16  msg.o(.bss)
    .bss                                     0x20000484   Section       80  timer.o(.bss)
    g_timer_mgr                              0x20000484   Data          80  timer.o(.bss)
    .bss                                     0x200004d4   Section       96  libspace.o(.bss)
    HEAP                                     0x20000538   Section      512  startup_stm32f030x8.o(HEAP)
    Heap_Mem                                 0x20000538   Data         512  startup_stm32f030x8.o(HEAP)
    STACK                                    0x20000738   Section     1024  startup_stm32f030x8.o(STACK)
    Stack_Mem                                0x20000738   Data        1024  startup_stm32f030x8.o(STACK)
    __initial_sp                             0x20000b38   Data           0  startup_stm32f030x8.o(STACK)

    Global Symbols

    Symbol Name                              Value     Ov Type        Size  Object(Section)

    BuildAttributes$$THM_ISAv3M$S$PE$A:L22$X:L11$S22$IEEE1$IW$USESV6$~STKCKD$USESV7$~SHL$OSPACE$ROPI$EBA8$UX$STANDARDLIB$REQ8$PRES8$EABIv2 0x00000000   Number         0  anon$$obj.o ABSOLUTE
    __ARM_use_no_argv                        0x00000000   Number         0  main.o ABSOLUTE
    _printf_flags                            0x00000000   Number         0  printf_stubs.o ABSOLUTE
    _printf_return_value                     0x00000000   Number         0  printf_stubs.o ABSOLUTE
    _printf_sizespec                         0x00000000   Number         0  printf_stubs.o ABSOLUTE
    _printf_widthprec                        0x00000000   Number         0  printf_stubs.o ABSOLUTE
    __ARM_exceptions_init                     - Undefined Weak Reference
    __alloca_initialize                       - Undefined Weak Reference
    __arm_fini_                               - Undefined Weak Reference
    __arm_preinit_                            - Undefined Weak Reference
    __cpp_initialize__aeabi_                  - Undefined Weak Reference
    __cxa_finalize                            - Undefined Weak Reference
    __sigvec_lookup                           - Undefined Weak Reference
    _atexit_init                              - Undefined Weak Reference
    _call_atexit_fns                          - Undefined Weak Reference
    _clock_init                               - Undefined Weak Reference
    _fp_trap_init                             - Undefined Weak Reference
    _fp_trap_shutdown                         - Undefined Weak Reference
    _get_lc_collate                           - Undefined Weak Reference
    _get_lc_monetary                          - Undefined Weak Reference
    _get_lc_numeric                           - Undefined Weak Reference
    _get_lc_time                              - Undefined Weak Reference
    _getenv_init                              - Undefined Weak Reference
    _handle_redirection                       - Undefined Weak Reference
    _init_alloc                               - Undefined Weak Reference
    _init_user_alloc                          - Undefined Weak Reference
    _initio                                   - Undefined Weak Reference
    _mutex_acquire                            - Undefined Weak Reference
    _mutex_release                            - Undefined Weak Reference
    _printf_mbtowc                            - Undefined Weak Reference
    _printf_truncate_signed                   - Undefined Weak Reference
    _printf_truncate_unsigned                 - Undefined Weak Reference
    _rand_init                                - Undefined Weak Reference
    _signal_finish                            - Undefined Weak Reference
    _signal_init                              - Undefined Weak Reference
    _terminate_alloc                          - Undefined Weak Reference
    _terminate_user_alloc                     - Undefined Weak Reference
    _terminateio                              - Undefined Weak Reference
    __Vectors_Size                           0x000000b4   Number         0  startup_stm32f030x8.o ABSOLUTE
    __Vectors                                0x08000000   Data           4  startup_stm32f030x8.o(RESET)
    __Vectors_End                            0x080000b4   Data           0  startup_stm32f030x8.o(RESET)
    __main                                   0x080000b5   Thumb Code     8  __main.o(!!!main)
    __scatterload                            0x080000bd   Thumb Code     0  __scatter.o(!!!scatter)
    __scatterload_rt2                        0x080000bd   Thumb Code    52  __scatter.o(!!!scatter)
    __scatterload_rt2_thumb_only             0x080000bd   Thumb Code     0  __scatter.o(!!!scatter)
    __scatterload_null                       0x080000cd   Thumb Code     0  __scatter.o(!!!scatter)
    __scatterload_copy                       0x080000f9   Thumb Code    26  __scatter_copy.o(!!handler_copy)
    __scatterload_zeroinit                   0x08000115   Thumb Code    28  __scatter_zi.o(!!handler_zi)
    _printf_percent                          0x08000131   Thumb Code     0  _printf_percent.o(.ARM.Collect$$_printf_percent$$00000000)
    _printf_d                                0x08000133   Thumb Code     0  _printf_d.o(.ARM.Collect$$_printf_percent$$00000009)
    _printf_s                                0x0800013d   Thumb Code     0  _printf_s.o(.ARM.Collect$$_printf_percent$$00000014)
    _printf_percent_end                      0x08000147   Thumb Code     0  _printf_percent_end.o(.ARM.Collect$$_printf_percent$$00000017)
    __rt_lib_init                            0x0800014b   Thumb Code     0  libinit.o(.ARM.Collect$$libinit$$00000000)
    __rt_lib_init_fp_1                       0x0800014d   Thumb Code     0  libinit2.o(.ARM.Collect$$libinit$$00000002)
    __rt_lib_init_heap_1                     0x0800014d   Thumb Code     0  libinit2.o(.ARM.Collect$$libinit$$0000000A)
    __rt_lib_init_lc_common                  0x0800014d   Thumb Code     0  libinit2.o(.ARM.Collect$$libinit$$0000000F)
    __rt_lib_init_preinit_1                  0x0800014d   Thumb Code     0  libinit2.o(.ARM.Collect$$libinit$$00000004)
    __rt_lib_init_rand_1                     0x0800014d   Thumb Code     0  libinit2.o(.ARM.Collect$$libinit$$0000000E)
    __rt_lib_init_user_alloc_1               0x0800014d   Thumb Code     0  libinit2.o(.ARM.Collect$$libinit$$0000000C)
    __rt_lib_init_lc_collate_1               0x08000153   Thumb Code     0  libinit2.o(.ARM.Collect$$libinit$$00000011)
    __rt_lib_init_lc_ctype_2                 0x08000153   Thumb Code     0  libinit2.o(.ARM.Collect$$libinit$$00000012)
    __rt_lib_init_alloca_1                   0x0800015f   Thumb Code     0  libinit2.o(.ARM.Collect$$libinit$$0000002E)
    __rt_lib_init_argv_1                     0x0800015f   Thumb Code     0  libinit2.o(.ARM.Collect$$libinit$$0000002C)
    __rt_lib_init_atexit_1                   0x0800015f   Thumb Code     0  libinit2.o(.ARM.Collect$$libinit$$0000001B)
    __rt_lib_init_clock_1                    0x0800015f   Thumb Code     0  libinit2.o(.ARM.Collect$$libinit$$00000021)
    __rt_lib_init_cpp_1                      0x0800015f   Thumb Code     0  libinit2.o(.ARM.Collect$$libinit$$00000032)
    __rt_lib_init_exceptions_1               0x0800015f   Thumb Code     0  libinit2.o(.ARM.Collect$$libinit$$00000030)
    __rt_lib_init_fp_trap_1                  0x0800015f   Thumb Code     0  libinit2.o(.ARM.Collect$$libinit$$0000001F)
    __rt_lib_init_getenv_1                   0x0800015f   Thumb Code     0  libinit2.o(.ARM.Collect$$libinit$$00000023)
    __rt_lib_init_lc_ctype_1                 0x0800015f   Thumb Code     0  libinit2.o(.ARM.Collect$$libinit$$00000013)
    __rt_lib_init_lc_monetary_1              0x0800015f   Thumb Code     0  libinit2.o(.ARM.Collect$$libinit$$00000015)
    __rt_lib_init_lc_numeric_1               0x0800015f   Thumb Code     0  libinit2.o(.ARM.Collect$$libinit$$00000017)
    __rt_lib_init_lc_time_1                  0x0800015f   Thumb Code     0  libinit2.o(.ARM.Collect$$libinit$$00000019)
    __rt_lib_init_return                     0x0800015f   Thumb Code     0  libinit2.o(.ARM.Collect$$libinit$$00000033)
    __rt_lib_init_signal_1                   0x0800015f   Thumb Code     0  libinit2.o(.ARM.Collect$$libinit$$0000001D)
    __rt_lib_init_stdio_1                    0x0800015f   Thumb Code     0  libinit2.o(.ARM.Collect$$libinit$$00000025)
    __rt_lib_shutdown                        0x08000161   Thumb Code     0  libshutdown.o(.ARM.Collect$$libshutdown$$00000000)
    __rt_lib_shutdown_cpp_1                  0x08000163   Thumb Code     0  libshutdown2.o(.ARM.Collect$$libshutdown$$00000004)
    __rt_lib_shutdown_fini_1                 0x08000163   Thumb Code     0  libshutdown2.o(.ARM.Collect$$libshutdown$$00000002)
    __rt_lib_shutdown_fp_trap_1              0x08000163   Thumb Code     0  libshutdown2.o(.ARM.Collect$$libshutdown$$00000009)
    __rt_lib_shutdown_heap_1                 0x08000163   Thumb Code     0  libshutdown2.o(.ARM.Collect$$libshutdown$$00000011)
    __rt_lib_shutdown_return                 0x08000163   Thumb Code     0  libshutdown2.o(.ARM.Collect$$libshutdown$$00000012)
    __rt_lib_shutdown_signal_1               0x08000163   Thumb Code     0  libshutdown2.o(.ARM.Collect$$libshutdown$$0000000C)
    __rt_lib_shutdown_stdio_1                0x08000163   Thumb Code     0  libshutdown2.o(.ARM.Collect$$libshutdown$$00000006)
    __rt_lib_shutdown_user_alloc_1           0x08000163   Thumb Code     0  libshutdown2.o(.ARM.Collect$$libshutdown$$0000000E)
    __rt_entry                               0x08000165   Thumb Code     0  __rtentry.o(.ARM.Collect$$rtentry$$00000000)
    __rt_entry_presh_1                       0x08000165   Thumb Code     0  __rtentry2.o(.ARM.Collect$$rtentry$$00000002)
    __rt_entry_sh                            0x08000165   Thumb Code     0  __rtentry4.o(.ARM.Collect$$rtentry$$00000004)
    __rt_entry_li                            0x0800016b   Thumb Code     0  __rtentry2.o(.ARM.Collect$$rtentry$$0000000A)
    __rt_entry_postsh_1                      0x0800016b   Thumb Code     0  __rtentry2.o(.ARM.Collect$$rtentry$$00000009)
    __rt_entry_main                          0x0800016f   Thumb Code     0  __rtentry2.o(.ARM.Collect$$rtentry$$0000000D)
    __rt_entry_postli_1                      0x0800016f   Thumb Code     0  __rtentry2.o(.ARM.Collect$$rtentry$$0000000C)
    __rt_exit                                0x08000177   Thumb Code     0  rtexit.o(.ARM.Collect$$rtexit$$00000000)
    __rt_exit_ls                             0x08000179   Thumb Code     0  rtexit2.o(.ARM.Collect$$rtexit$$00000003)
    __rt_exit_prels_1                        0x08000179   Thumb Code     0  rtexit2.o(.ARM.Collect$$rtexit$$00000002)
    __rt_exit_exit                           0x0800017d   Thumb Code     0  rtexit2.o(.ARM.Collect$$rtexit$$00000004)
    __aeabi_memcpy4                          0x08000185   Thumb Code    56  rt_memcpy.o(.emb_text)
    __aeabi_memcpy8                          0x08000185   Thumb Code     0  rt_memcpy.o(.emb_text)
    Reset_Handler                            0x080001bd   Thumb Code     8  startup_stm32f030x8.o(.text)
    ADC1_IRQHandler                          0x080001cf   Thumb Code     0  startup_stm32f030x8.o(.text)
    DMA1_Channel1_IRQHandler                 0x080001cf   Thumb Code     0  startup_stm32f030x8.o(.text)
    DMA1_Channel2_3_IRQHandler               0x080001cf   Thumb Code     0  startup_stm32f030x8.o(.text)
    DMA1_Channel4_5_IRQHandler               0x080001cf   Thumb Code     0  startup_stm32f030x8.o(.text)
    EXTI0_1_IRQHandler                       0x080001cf   Thumb Code     0  startup_stm32f030x8.o(.text)
    EXTI2_3_IRQHandler                       0x080001cf   Thumb Code     0  startup_stm32f030x8.o(.text)
    EXTI4_15_IRQHandler                      0x080001cf   Thumb Code     0  startup_stm32f030x8.o(.text)
    FLASH_IRQHandler                         0x080001cf   Thumb Code     0  startup_stm32f030x8.o(.text)
    I2C1_IRQHandler                          0x080001cf   Thumb Code     0  startup_stm32f030x8.o(.text)
    I2C2_IRQHandler                          0x080001cf   Thumb Code     0  startup_stm32f030x8.o(.text)
    RCC_IRQHandler                           0x080001cf   Thumb Code     0  startup_stm32f030x8.o(.text)
    RTC_IRQHandler                           0x080001cf   Thumb Code     0  startup_stm32f030x8.o(.text)
    SPI1_IRQHandler                          0x080001cf   Thumb Code     0  startup_stm32f030x8.o(.text)
    SPI2_IRQHandler                          0x080001cf   Thumb Code     0  startup_stm32f030x8.o(.text)
    TIM14_IRQHandler                         0x080001cf   Thumb Code     0  startup_stm32f030x8.o(.text)
    TIM15_IRQHandler                         0x080001cf   Thumb Code     0  startup_stm32f030x8.o(.text)
    TIM16_IRQHandler                         0x080001cf   Thumb Code     0  startup_stm32f030x8.o(.text)
    TIM17_IRQHandler                         0x080001cf   Thumb Code     0  startup_stm32f030x8.o(.text)
    TIM1_BRK_UP_TRG_COM_IRQHandler           0x080001cf   Thumb Code     0  startup_stm32f030x8.o(.text)
    TIM1_CC_IRQHandler                       0x080001cf   Thumb Code     0  startup_stm32f030x8.o(.text)
    TIM3_IRQHandler                          0x080001cf   Thumb Code     0  startup_stm32f030x8.o(.text)
    TIM6_IRQHandler                          0x080001cf   Thumb Code     0  startup_stm32f030x8.o(.text)
    WWDG_IRQHandler                          0x080001cf   Thumb Code     0  startup_stm32f030x8.o(.text)
    __user_initial_stackheap                 0x080001d1   Thumb Code     0  startup_stm32f030x8.o(.text)
    __use_no_semihosting                     0x080001f5   Thumb Code     2  use_no_semi_2.o(.text)
    __rt_ctype_table                         0x080001f9   Thumb Code    16  rt_ctype_table.o(.text)
    __aeabi_uldivmod                         0x08000209   Thumb Code   258  lludiv.o(.text)
    _ll_udiv                                 0x08000209   Thumb Code     0  lludiv.o(.text)
    __2printf                                0x0800030d   Thumb Code    22  noretval__2printf.o(.text)
    _printf_pre_padding                      0x08000329   Thumb Code    44  _printf_pad.o(.text)
    _printf_post_padding                     0x08000355   Thumb Code    34  _printf_pad.o(.text)
    _printf_str                              0x08000377   Thumb Code    82  _printf_str.o(.text)
    _printf_int_dec                          0x080003c9   Thumb Code    90  _printf_dec.o(.text)
    __printf                                 0x08000435   Thumb Code   386  __printf_flags_ss_wp.o(.text)
    atoi                                     0x080005bd   Thumb Code    26  atoi.o(.text)
    putc                                     0x080005d7   Thumb Code     8  putc.o(.text)
    puts                                     0x080005e1   Thumb Code    38  puts.o(.text)
    abort                                    0x0800060d   Thumb Code    20  abort.o(.text)
    strchr                                   0x08000621   Thumb Code    20  strchr.o(.text)
    strcpy                                   0x08000635   Thumb Code    70  strcpy.o(.text)
    strlen                                   0x08000681   Thumb Code    62  strlen.o(.text)
    strncmp                                  0x080006c5   Thumb Code   154  strncmp.o(.text)
    __aeabi_memcpy                           0x08000765   Thumb Code   130  rt_memcpy.o(.text)
    __rt_memcpy                              0x08000765   Thumb Code     0  rt_memcpy.o(.text)
    _memset_w                                0x080007e7   Thumb Code    26  rt_memclr.o(.text)
    _memset                                  0x08000801   Thumb Code    30  rt_memclr.o(.text)
    __aeabi_memclr                           0x0800081f   Thumb Code     4  rt_memclr.o(.text)
    __rt_memclr                              0x0800081f   Thumb Code     0  rt_memclr.o(.text)
    __aeabi_memclr4                          0x08000823   Thumb Code     0  rt_memclr.o(.text)
    __aeabi_memclr8                          0x08000823   Thumb Code     0  rt_memclr.o(.text)
    __rt_memclr_w                            0x08000823   Thumb Code     4  rt_memclr.o(.text)
    strcmp                                   0x08000829   Thumb Code   132  strcmp.o(.text)
    __aeabi_uidiv                            0x080008b1   Thumb Code     0  aeabi_sdiv.o(.text)
    __aeabi_uidivmod                         0x080008b1   Thumb Code    20  aeabi_sdiv.o(.text)
    __aeabi_idiv                             0x080008c5   Thumb Code     0  aeabi_sdiv.o(.text)
    __aeabi_idivmod                          0x080008c5   Thumb Code   326  aeabi_sdiv.o(.text)
    __use_two_region_memory                  0x08000a0b   Thumb Code     2  heapauxi.o(.text)
    __rt_heap_escrow$2region                 0x08000a0d   Thumb Code     2  heapauxi.o(.text)
    __rt_heap_expand$2region                 0x08000a0f   Thumb Code     2  heapauxi.o(.text)
    __aeabi_fdiv                             0x08000a11   Thumb Code     0  fdiv.o(.text)
    _fdiv                                    0x08000a11   Thumb Code   334  fdiv.o(.text)
    _frdiv                                   0x08000b5f   Thumb Code     8  fdiv.o(.text)
    __aeabi_f2uiz                            0x08000b71   Thumb Code     0  ffixui.o(.text)
    _ffixu                                   0x08000b71   Thumb Code    48  ffixui.o(.text)
    __aeabi_i2f_normalise                    0x08000ba1   Thumb Code    72  fflti.o(.text)
    __aeabi_i2f                              0x08000be9   Thumb Code    16  fflti.o(.text)
    _fflt                                    0x08000be9   Thumb Code     0  fflti.o(.text)
    __aeabi_ui2f                             0x08000bf9   Thumb Code     6  fflti.o(.text)
    _ffltu                                   0x08000bf9   Thumb Code     0  fflti.o(.text)
    __I$use$semihosting                      0x08000bff   Thumb Code     0  use_no_semi.o(.text)
    __use_no_semihosting_swi                 0x08000bff   Thumb Code     2  use_no_semi.o(.text)
    __rt_locale                              0x08000c01   Thumb Code     8  rt_locale_intlibspace.o(.text)
    __aeabi_errno_addr                       0x08000c09   Thumb Code     8  rt_errno_addr_intlibspace.o(.text)
    __errno$intlibspace                      0x08000c09   Thumb Code     0  rt_errno_addr_intlibspace.o(.text)
    __rt_errno_addr$intlibspace              0x08000c09   Thumb Code     0  rt_errno_addr_intlibspace.o(.text)
    _printf_int_common                       0x08000c11   Thumb Code   176  _printf_intcommon.o(.text)
    _printf_char_common                      0x08000ccb   Thumb Code    32  _printf_char_common.o(.text)
    _printf_cs_common                        0x08000cf1   Thumb Code    22  _printf_char.o(.text)
    _printf_char                             0x08000d07   Thumb Code    16  _printf_char.o(.text)
    _printf_string                           0x08000d17   Thumb Code     8  _printf_char.o(.text)
    _printf_char_file                        0x08000d21   Thumb Code    34  _printf_char_file.o(.text)
    strtol                                   0x08000d49   Thumb Code   108  strtol.o(.text)
    __rt_SIGABRT                             0x08000db9   Thumb Code    12  defsig_abrt_outer.o(.text)
    __rt_udiv10                              0x08000dc5   Thumb Code    40  rtudiv10.o(.text)
    __user_libspace                          0x08000ded   Thumb Code     8  libspace.o(.text)
    __user_perproc_libspace                  0x08000ded   Thumb Code     0  libspace.o(.text)
    __user_perthread_libspace                0x08000ded   Thumb Code     0  libspace.o(.text)
    _strtoul                                 0x08000df5   Thumb Code   166  _strtoul.o(.text)
    ferror                                   0x08000e9b   Thumb Code     8  ferror.o(.text)
    __sig_exit                               0x08000ea3   Thumb Code    12  defsig_exit.o(.text)
    __rt_SIGABRT_inner                       0x08000eb1   Thumb Code    14  defsig_abrt_inner.o(.text)
    __user_setup_stackheap                   0x08000ee1   Thumb Code    62  sys_stackheap_outer.o(.text)
    _chval                                   0x08000f1f   Thumb Code    30  _chval.o(.text)
    exit                                     0x08000f3d   Thumb Code    16  exit.o(.text)
    __default_signal_display                 0x08000f4d   Thumb Code    52  defsig_general.o(.text)
    DS18B20_check_ack                        0x08000f81   Thumb Code    88  drv_18b20.o(i.DS18B20_check_ack)
    Error_Handler                            0x08000fd9   Thumb Code     4  main.o(i.Error_Handler)
    HAL_DMA_Abort                            0x08000fdd   Thumb Code    64  stm32f0xx_hal_dma.o(i.HAL_DMA_Abort)
    HAL_DMA_Abort_IT                         0x0800101d   Thumb Code    72  stm32f0xx_hal_dma.o(i.HAL_DMA_Abort_IT)
    HAL_GPIO_Init                            0x08001065   Thumb Code   396  stm32f0xx_hal_gpio.o(i.HAL_GPIO_Init)
    HAL_GPIO_ReadPin                         0x08001209   Thumb Code    10  stm32f0xx_hal_gpio.o(i.HAL_GPIO_ReadPin)
    HAL_GPIO_WritePin                        0x08001213   Thumb Code    12  stm32f0xx_hal_gpio.o(i.HAL_GPIO_WritePin)
    HAL_GetTick                              0x08001221   Thumb Code     6  stm32f0xx_hal.o(i.HAL_GetTick)
    HAL_I2CEx_ConfigAnalogFilter             0x0800122d   Thumb Code    74  stm32f0xx_hal_i2c_ex.o(i.HAL_I2CEx_ConfigAnalogFilter)
    HAL_I2CEx_ConfigDigitalFilter            0x08001277   Thumb Code    72  stm32f0xx_hal_i2c_ex.o(i.HAL_I2CEx_ConfigDigitalFilter)
    HAL_I2C_Init                             0x080012c1   Thumb Code   176  stm32f0xx_hal_i2c.o(i.HAL_I2C_Init)
    HAL_I2C_MspInit                          0x08001375   Thumb Code   126  i2c.o(i.HAL_I2C_MspInit)
    HAL_IncTick                              0x08001405   Thumb Code    12  stm32f0xx_hal.o(i.HAL_IncTick)
    HAL_Init                                 0x08001415   Thumb Code    26  stm32f0xx_hal.o(i.HAL_Init)
    HAL_InitTick                             0x08001435   Thumb Code    58  stm32f0xx_hal.o(i.HAL_InitTick)
    HAL_MspInit                              0x08001479   Thumb Code    34  stm32f0xx_hal_msp.o(i.HAL_MspInit)
    HAL_NVIC_EnableIRQ                       0x080014a1   Thumb Code    18  stm32f0xx_hal_cortex.o(i.HAL_NVIC_EnableIRQ)
    HAL_NVIC_SetPriority                     0x080014b9   Thumb Code     8  stm32f0xx_hal_cortex.o(i.HAL_NVIC_SetPriority)
    HAL_RCCEx_PeriphCLKConfig                0x080014c1   Thumb Code   218  stm32f0xx_hal_rcc_ex.o(i.HAL_RCCEx_PeriphCLKConfig)
    HAL_RCC_ClockConfig                      0x080015a9   Thumb Code   242  stm32f0xx_hal_rcc.o(i.HAL_RCC_ClockConfig)
    HAL_RCC_GetPCLK1Freq                     0x080016b1   Thumb Code    20  stm32f0xx_hal_rcc.o(i.HAL_RCC_GetPCLK1Freq)
    HAL_RCC_GetSysClockFreq                  0x080016d1   Thumb Code    68  stm32f0xx_hal_rcc.o(i.HAL_RCC_GetSysClockFreq)
    HAL_RCC_OscConfig                        0x08001725   Thumb Code   890  stm32f0xx_hal_rcc.o(i.HAL_RCC_OscConfig)
    HAL_SYSTICK_Config                       0x08001aad   Thumb Code    38  stm32f0xx_hal_cortex.o(i.HAL_SYSTICK_Config)
    HAL_UARTEx_RxEventCallback               0x08001add   Thumb Code     2  stm32f0xx_hal_uart.o(i.HAL_UARTEx_RxEventCallback)
    HAL_UART_ErrorCallback                   0x08001adf   Thumb Code     2  stm32f0xx_hal_uart.o(i.HAL_UART_ErrorCallback)
    HAL_UART_IRQHandler                      0x08001ae1   Thumb Code   648  stm32f0xx_hal_uart.o(i.HAL_UART_IRQHandler)
    HAL_UART_Init                            0x08001d75   Thumb Code   106  stm32f0xx_hal_uart.o(i.HAL_UART_Init)
    HAL_UART_MspInit                         0x08001de1   Thumb Code   166  usart.o(i.HAL_UART_MspInit)
    HAL_UART_Transmit                        0x08001e95   Thumb Code   192  stm32f0xx_hal_uart.o(i.HAL_UART_Transmit)
    HAL_UART_TxCpltCallback                  0x08001f55   Thumb Code     2  stm32f0xx_hal_uart.o(i.HAL_UART_TxCpltCallback)
    HardFault_Handler                        0x08001f57   Thumb Code     2  stm32f0xx_it.o(i.HardFault_Handler)
    MX_GPIO_Init                             0x08001f59   Thumb Code   204  gpio.o(i.MX_GPIO_Init)
    MX_I2C1_Init                             0x08002035   Thumb Code    76  i2c.o(i.MX_I2C1_Init)
    MX_I2C2_Init                             0x0800208d   Thumb Code    76  i2c.o(i.MX_I2C2_Init)
    MX_USART1_UART_Init                      0x080020e5   Thumb Code    48  usart.o(i.MX_USART1_UART_Init)
    MX_USART2_UART_Init                      0x0800211d   Thumb Code    48  usart.o(i.MX_USART2_UART_Init)
    NMI_Handler                              0x08002155   Thumb Code     2  stm32f0xx_it.o(i.NMI_Handler)
    PendSV_Handler                           0x08002157   Thumb Code     2  stm32f0xx_it.o(i.PendSV_Handler)
    SVC_Handler                              0x08002159   Thumb Code     2  stm32f0xx_it.o(i.SVC_Handler)
    SysTick_Handler                          0x0800215d   Thumb Code    20  stm32f0xx_it.o(i.SysTick_Handler)
    SystemClock_Config                       0x08002175   Thumb Code   120  main.o(i.SystemClock_Config)
    SystemInit                               0x080021ed   Thumb Code     2  system_stm32f0xx.o(i.SystemInit)
    UART_AdvFeatureConfig                    0x080021ef   Thumb Code   202  stm32f0xx_hal_uart.o(i.UART_AdvFeatureConfig)
    UART_CheckIdleState                      0x080022b9   Thumb Code   190  stm32f0xx_hal_uart.o(i.UART_CheckIdleState)
    UART_SetConfig                           0x080023f1   Thumb Code   280  stm32f0xx_hal_uart.o(i.UART_SetConfig)
    UART_WaitOnFlagUntilTimeout              0x08002521   Thumb Code   138  stm32f0xx_hal_uart.o(i.UART_WaitOnFlagUntilTimeout)
    USART1_IRQHandler                        0x080025ad   Thumb Code    32  stm32f0xx_it.o(i.USART1_IRQHandler)
    USART2_IRQHandler                        0x080025d1   Thumb Code    10  stm32f0xx_it.o(i.USART2_IRQHandler)
    __ARM_common_ll_muluu                    0x080025e1   Thumb Code    48  stm32f0xx_hal_rcc.o(i.__ARM_common_ll_muluu)
    _is_digit                                0x08002655   Thumb Code    14  __printf_wp.o(i._is_digit)
    _sys_exit                                0x08002663   Thumb Code     2  uart_port.o(i._sys_exit)
    _ttywrch                                 0x08002665   Thumb Code     2  uart_port.o(i._ttywrch)
    app_cmd_enable_receive                   0x08002739   Thumb Code    14  app_cmd.o(i.app_cmd_enable_receive)
    app_cmd_init                             0x08002859   Thumb Code    28  app_cmd.o(i.app_cmd_init)
    app_cmd_repeat_exe_cmd                   0x08002b7d   Thumb Code    22  app_cmd.o(i.app_cmd_repeat_exe_cmd)
    beep                                     0x08002ce9   Thumb Code    34  main_run.o(i.beep)
    beep_callback                            0x08002d15   Thumb Code    48  main_run.o(i.beep_callback)
    buzzer_off                               0x08002d4d   Thumb Code    16  main_run.o(i.buzzer_off)
    buzzer_on                                0x08002d5d   Thumb Code    16  main_run.o(i.buzzer_on)
    check_if_reach_5mins                     0x08002d6d   Thumb Code    44  main_run.o(i.check_if_reach_5mins)
    com_handle_new_byte                      0x08002da5   Thumb Code    54  com.o(i.com_handle_new_byte)
    com_handle_new_received_data             0x08002de1   Thumb Code    54  com.o(i.com_handle_new_received_data)
    com_init_by_file                         0x08002e1d   Thumb Code     8  com.o(i.com_init_by_file)
    com_set_receive_handler                  0x08002e29   Thumb Code    36  com.o(i.com_set_receive_handler)
    com_to_file                              0x08002e7d   Thumb Code     8  com.o(i.com_to_file)
    drv_com_file                             0x08002e89   Thumb Code    24  drv_com.o(i.drv_com_file)
    drv_com_init                             0x08002f55   Thumb Code    56  drv_com.o(i.drv_com_init)
    drv_com_on_receive_one_byte              0x08002f9d   Thumb Code    34  drv_com.o(i.drv_com_on_receive_one_byte)
    drv_key_scan                             0x08002fc9   Thumb Code    26  drv_key.o(i.drv_key_scan)
    ds18b20_check_device                     0x08002fe9   Thumb Code    54  drv_18b20.o(i.ds18b20_check_device)
    ds18b20_read_byte                        0x08003025   Thumb Code   104  drv_18b20.o(i.ds18b20_read_byte)
    ds18b20_read_temp                        0x0800308d   Thumb Code    92  drv_18b20.o(i.ds18b20_read_temp)
    ds18b20_write_byte                       0x080030e9   Thumb Code    68  drv_18b20.o(i.ds18b20_write_byte)
    event_clear                              0x0800312d   Thumb Code    28  event.o(i.event_clear)
    event_handle                             0x08003185   Thumb Code    32  event.o(i.event_handle)
    event_is_set                             0x080031d1   Thumb Code    32  event.o(i.event_is_set)
    event_set_handler                        0x0800322d   Thumb Code    28  event.o(i.event_set_handler)
    fputc                                    0x08003275   Thumb Code    20  uart_port.o(i.fputc)
    get_module_name                          0x0800328d   Thumb Code     8  common.o(i.get_module_name)
    gpio_is_valid                            0x08003299   Thumb Code    26  drv_key.o(i.gpio_is_valid)
    is_module_enable_output                  0x080032b5   Thumb Code    10  common.o(i.is_module_enable_output)
    key_bind                                 0x080032c5   Thumb Code    54  main_run.o(i.key_bind)
    key_init                                 0x08003469   Thumb Code    38  key.o(i.key_init)
    key_is_pressed                           0x0800349d   Thumb Code    38  key.o(i.key_is_pressed)
    key_scan                                 0x08003689   Thumb Code   212  key.o(i.key_scan)
    key_set_handler                          0x0800379d   Thumb Code    48  key.o(i.key_set_handler)
    key_set_key_repeat_speed_by_time         0x0800380d   Thumb Code    18  key.o(i.key_set_key_repeat_speed_by_time)
    key_start_scan                           0x08003825   Thumb Code    46  key.o(i.key_start_scan)
    key_state                                0x0800385d   Thumb Code    34  key.o(i.key_state)
    main                                     0x08003885   Thumb Code    34  main.o(i.main)
    main_handle_all                          0x080038a7   Thumb Code    40  main_run.o(i.main_handle_all)
    main_run                                 0x080038d9   Thumb Code    96  main_run.o(i.main_run)
    msg_handle                               0x08003959   Thumb Code    38  msg.o(i.msg_handle)
    msg_handle_all                           0x080039b5   Thumb Code    34  msg.o(i.msg_handle_all)
    msg_init                                 0x080039dd   Thumb Code    26  msg.o(i.msg_init)
    read_channel_temp                        0x08003a05   Thumb Code    14  drv_18b20.o(i.read_channel_temp)
    set_module_output                        0x08003a81   Thumb Code    10  common.o(i.set_module_output)
    set_pin_mode_input                       0x08003a91   Thumb Code    34  drv_18b20.o(i.set_pin_mode_input)
    set_pin_mode_output                      0x08003ab3   Thumb Code    34  drv_18b20.o(i.set_pin_mode_output)
    ssz_delay_us                             0x08003ad5   Thumb Code    32  ssz_stm32_hal_bsp.o(i.ssz_delay_us)
    ssz_deque_erase                          0x08003afd   Thumb Code   184  ssz_deque.o(i.ssz_deque_erase)
    ssz_deque_front                          0x08003c05   Thumb Code    44  ssz_deque.o(i.ssz_deque_front)
    ssz_deque_init                           0x08003c55   Thumb Code    40  ssz_deque.o(i.ssz_deque_init)
    ssz_deque_is_empty                       0x08003cad   Thumb Code    32  ssz_deque.o(i.ssz_deque_is_empty)
    ssz_deque_pop_front                      0x08003d31   Thumb Code    38  ssz_deque.o(i.ssz_deque_pop_front)
    ssz_fgetc                                0x08003da9   Thumb Code    26  ssz_file.o(i.ssz_fgetc)
    ssz_file_init                            0x08003dc5   Thumb Code    34  ssz_file.o(i.ssz_file_init)
    ssz_fread                                0x08003e09   Thumb Code    10  ssz_file.o(i.ssz_fread)
    ssz_fread_ex                             0x08003e15   Thumb Code    52  ssz_file.o(i.ssz_fread_ex)
    ssz_fsize                                0x08003e89   Thumb Code    26  ssz_file.o(i.ssz_fsize)
    ssz_fwrite                               0x08003ea3   Thumb Code    10  ssz_file.o(i.ssz_fwrite)
    ssz_fwrite_ex                            0x08003ead   Thumb Code    52  ssz_file.o(i.ssz_fwrite_ex)
    ssz_ioctl                                0x08003f25   Thumb Code    46  ssz_file.o(i.ssz_ioctl)
    ssz_mem_zero                             0x08003f95   Thumb Code     8  ssz_common.o(i.ssz_mem_zero)
    ssz_on_assert_fail                       0x08003f9d   Thumb Code    16  ssz_common.o(i.ssz_on_assert_fail)
    ssz_on_check_fail                        0x08003fc9   Thumb Code    16  ssz_common.o(i.ssz_on_check_fail)
    ssz_queue_front                          0x08003ff1   Thumb Code     8  ssz_queue.o(i.ssz_queue_front)
    ssz_queue_init                           0x08003ff9   Thumb Code     8  ssz_queue.o(i.ssz_queue_init)
    ssz_queue_is_empty                       0x08004001   Thumb Code     8  ssz_queue.o(i.ssz_queue_is_empty)
    ssz_queue_pop                            0x08004009   Thumb Code     8  ssz_queue.o(i.ssz_queue_pop)
    ssz_safe_queue_front                     0x08004011   Thumb Code    44  ssz_safe_queue.o(i.ssz_safe_queue_front)
    ssz_safe_queue_init                      0x08004069   Thumb Code    40  ssz_safe_queue.o(i.ssz_safe_queue_init)
    ssz_safe_queue_is_empty                  0x080040c9   Thumb Code    20  ssz_safe_queue.o(i.ssz_safe_queue_is_empty)
    ssz_safe_queue_pop                       0x080040dd   Thumb Code    28  ssz_safe_queue.o(i.ssz_safe_queue_pop)
    ssz_safe_queue_push                      0x080040f9   Thumb Code    54  ssz_safe_queue.o(i.ssz_safe_queue_push)
    ssz_safe_queue_size                      0x0800412f   Thumb Code    22  ssz_safe_queue.o(i.ssz_safe_queue_size)
    ssz_str_split                            0x08004145   Thumb Code    70  ssz_str_utility.o(i.ssz_str_split)
    ssz_tick_time_elapsed                    0x0800418d   Thumb Code    12  ssz_tick_time.o(i.ssz_tick_time_elapsed)
    ssz_tick_time_elapsed_ex                 0x0800419d   Thumb Code    18  ssz_tick_time.o(i.ssz_tick_time_elapsed_ex)
    ssz_tick_time_increase                   0x080041b5   Thumb Code    28  ssz_tick_time.o(i.ssz_tick_time_increase)
    ssz_tick_time_is_after_or_eq             0x080041d9   Thumb Code    22  ssz_tick_time.o(i.ssz_tick_time_is_after_or_eq)
    ssz_tick_time_next                       0x080041f5   Thumb Code    14  ssz_tick_time.o(i.ssz_tick_time_next)
    ssz_tick_time_next_ex                    0x08004209   Thumb Code    18  ssz_tick_time.o(i.ssz_tick_time_next_ex)
    ssz_tick_time_now                        0x08004221   Thumb Code     6  ssz_tick_time.o(i.ssz_tick_time_now)
    ssz_uart_write                           0x0800422d   Thumb Code    32  ssz_stm32_hal_bsp.o(i.ssz_uart_write)
    timer_handle_all                         0x0800424d   Thumb Code    10  timer.o(i.timer_handle_all)
    timer_handle_all_of_group                0x08004259   Thumb Code    80  timer.o(i.timer_handle_all_of_group)
    timer_set_handler                        0x080042ad   Thumb Code    10  timer.o(i.timer_set_handler)
    timer_set_handler_and_group              0x080042b9   Thumb Code    12  timer.o(i.timer_set_handler_and_group)
    timer_start_oneshot_after                0x080042c9   Thumb Code    30  timer.o(i.timer_start_oneshot_after)
    timer_start_periodic_every               0x080042ed   Thumb Code    24  timer.o(i.timer_start_periodic_every)
    timer_stop                               0x08004309   Thumb Code    14  timer.o(i.timer_stop)
    version_build_time                       0x0800431d   Thumb Code     4  version.o(i.version_build_time)
    version_info                             0x08004325   Thumb Code     4  version.o(i.version_info)
    version_software_name                    0x0800432d   Thumb Code     4  version.o(i.version_software_name)
    version_str                              0x08004341   Thumb Code     4  version.o(i.version_str)
    _get_lc_ctype                            0x08004349   Thumb Code    44  lc_ctype_c.o(locale$$code)
    __aeabi_fmul                             0x08004375   Thumb Code     0  fmul.o(x$fpl$fmul)
    _fmul                                    0x08004375   Thumb Code   172  fmul.o(x$fpl$fmul)
    __I$use$fp                               0x08004424   Number         0  usenofp.o(x$fpl$usenofp)
    AHBPrescTable                            0x08004444   Data          16  system_stm32f0xx.o(.constdata)
    APBPrescTable                            0x08004454   Data           8  system_stm32f0xx.o(.constdata)
    thermometer                              0x080044d8   Data          16  drv_18b20.o(.constdata)
    kDrvComIODev                             0x080044e8   Data          16  drv_com.o(.constdata)
    Region$$Table$$Base                      0x08004890   Number         0  anon$$obj.o(Region$$Table)
    Region$$Table$$Limit                     0x080048b0   Number         0  anon$$obj.o(Region$$Table)
    __ctype                                  0x080048bd   Data           0  lc_ctype_c.o(locale$$data)
    uwTickFreq                               0x20000000   Data           1  stm32f0xx_hal.o(.data)
    uwTickPrio                               0x20000004   Data           4  stm32f0xx_hal.o(.data)
    uwTick                                   0x20000008   Data           4  stm32f0xx_hal.o(.data)
    SystemCoreClock                          0x2000000c   Data           4  system_stm32f0xx.o(.data)
    g_alarm_count                            0x20000040   Data           2  main_run.o(.data)
    g_alarm_beep_times                       0x20000042   Data           2  main_run.o(.data)
    g_total_cutting_counter                  0x20000044   Data           4  main_run.o(.data)
    g_cutting_time                           0x20000048   Data           4  main_run.o(.data)
    g_total_cutting_time                     0x2000004c   Data           4  main_run.o(.data)
    g_last_time                              0x20000050   Data           4  main_run.o(.data)
    __stdout                                 0x2000006c   Data           4  uart_port.o(.data)
    hi2c1                                    0x20000098   Data          84  i2c.o(.bss)
    hi2c2                                    0x200000ec   Data          84  i2c.o(.bss)
    huart1                                   0x20000140   Data         136  usart.o(.bss)
    huart2                                   0x200001c8   Data         136  usart.o(.bss)
    g_events                                 0x20000344   Data          12  event.o(.bss)
    __libspace_start                         0x200004d4   Data          96  libspace.o(.bss)
    __temporary_stack_top$libspace           0x20000534   Data           0  libspace.o(.bss)



==============================================================================

Memory Map of the image

  Image Entry point : 0x080000b5

  Load Region LR_IROM1 (Base: 0x08000000, Size: 0x00004a58, Max: 0x00010000, ABSOLUTE)

    Execution Region ER_IROM1 (Exec base: 0x08000000, Load base: 0x08000000, Size: 0x000049c0, Max: 0x00010000, ABSOLUTE)

    Exec Addr    Load Addr    Size         Type   Attr      Idx    E Section Name        Object

    0x08000000   0x08000000   0x000000b4   Data   RO            3    RESET               startup_stm32f030x8.o
    0x080000b4   0x080000b4   0x00000008   Code   RO         4090  * !!!main             c_p.l(__main.o)
    0x080000bc   0x080000bc   0x0000003c   Code   RO         4315    !!!scatter          c_p.l(__scatter.o)
    0x080000f8   0x080000f8   0x0000001a   Code   RO         4317    !!handler_copy      c_p.l(__scatter_copy.o)
    0x08000112   0x08000112   0x00000002   PAD
    0x08000114   0x08000114   0x0000001c   Code   RO         4319    !!handler_zi        c_p.l(__scatter_zi.o)
    0x08000130   0x08000130   0x00000002   Code   RO         4059    .ARM.Collect$$_printf_percent$$00000000  c_p.l(_printf_percent.o)
    0x08000132   0x08000132   0x0000000a   Code   RO         4058    .ARM.Collect$$_printf_percent$$00000009  c_p.l(_printf_d.o)
    0x0800013c   0x0800013c   0x0000000a   Code   RO         4057    .ARM.Collect$$_printf_percent$$00000014  c_p.l(_printf_s.o)
    0x08000146   0x08000146   0x00000004   Code   RO         4134    .ARM.Collect$$_printf_percent$$00000017  c_p.l(_printf_percent_end.o)
    0x0800014a   0x0800014a   0x00000002   Code   RO         4248    .ARM.Collect$$libinit$$00000000  c_p.l(libinit.o)
    0x0800014c   0x0800014c   0x00000000   Code   RO         4182    .ARM.Collect$$libinit$$00000002  c_p.l(libinit2.o)
    0x0800014c   0x0800014c   0x00000000   Code   RO         4184    .ARM.Collect$$libinit$$00000004  c_p.l(libinit2.o)
    0x0800014c   0x0800014c   0x00000000   Code   RO         4187    .ARM.Collect$$libinit$$0000000A  c_p.l(libinit2.o)
    0x0800014c   0x0800014c   0x00000000   Code   RO         4189    .ARM.Collect$$libinit$$0000000C  c_p.l(libinit2.o)
    0x0800014c   0x0800014c   0x00000000   Code   RO         4191    .ARM.Collect$$libinit$$0000000E  c_p.l(libinit2.o)
    0x0800014c   0x0800014c   0x00000006   Code   RO         4192    .ARM.Collect$$libinit$$0000000F  c_p.l(libinit2.o)
    0x08000152   0x08000152   0x00000000   Code   RO         4194    .ARM.Collect$$libinit$$00000011  c_p.l(libinit2.o)
    0x08000152   0x08000152   0x0000000c   Code   RO         4195    .ARM.Collect$$libinit$$00000012  c_p.l(libinit2.o)
    0x0800015e   0x0800015e   0x00000000   Code   RO         4196    .ARM.Collect$$libinit$$00000013  c_p.l(libinit2.o)
    0x0800015e   0x0800015e   0x00000000   Code   RO         4198    .ARM.Collect$$libinit$$00000015  c_p.l(libinit2.o)
    0x0800015e   0x0800015e   0x00000000   Code   RO         4200    .ARM.Collect$$libinit$$00000017  c_p.l(libinit2.o)
    0x0800015e   0x0800015e   0x00000000   Code   RO         4202    .ARM.Collect$$libinit$$00000019  c_p.l(libinit2.o)
    0x0800015e   0x0800015e   0x00000000   Code   RO         4204    .ARM.Collect$$libinit$$0000001B  c_p.l(libinit2.o)
    0x0800015e   0x0800015e   0x00000000   Code   RO         4206    .ARM.Collect$$libinit$$0000001D  c_p.l(libinit2.o)
    0x0800015e   0x0800015e   0x00000000   Code   RO         4208    .ARM.Collect$$libinit$$0000001F  c_p.l(libinit2.o)
    0x0800015e   0x0800015e   0x00000000   Code   RO         4210    .ARM.Collect$$libinit$$00000021  c_p.l(libinit2.o)
    0x0800015e   0x0800015e   0x00000000   Code   RO         4212    .ARM.Collect$$libinit$$00000023  c_p.l(libinit2.o)
    0x0800015e   0x0800015e   0x00000000   Code   RO         4214    .ARM.Collect$$libinit$$00000025  c_p.l(libinit2.o)
    0x0800015e   0x0800015e   0x00000000   Code   RO         4218    .ARM.Collect$$libinit$$0000002C  c_p.l(libinit2.o)
    0x0800015e   0x0800015e   0x00000000   Code   RO         4220    .ARM.Collect$$libinit$$0000002E  c_p.l(libinit2.o)
    0x0800015e   0x0800015e   0x00000000   Code   RO         4222    .ARM.Collect$$libinit$$00000030  c_p.l(libinit2.o)
    0x0800015e   0x0800015e   0x00000000   Code   RO         4224    .ARM.Collect$$libinit$$00000032  c_p.l(libinit2.o)
    0x0800015e   0x0800015e   0x00000002   Code   RO         4225    .ARM.Collect$$libinit$$00000033  c_p.l(libinit2.o)
    0x08000160   0x08000160   0x00000002   Code   RO         4294    .ARM.Collect$$libshutdown$$00000000  c_p.l(libshutdown.o)
    0x08000162   0x08000162   0x00000000   Code   RO         4296    .ARM.Collect$$libshutdown$$00000002  c_p.l(libshutdown2.o)
    0x08000162   0x08000162   0x00000000   Code   RO         4298    .ARM.Collect$$libshutdown$$00000004  c_p.l(libshutdown2.o)
    0x08000162   0x08000162   0x00000000   Code   RO         4300    .ARM.Collect$$libshutdown$$00000006  c_p.l(libshutdown2.o)
    0x08000162   0x08000162   0x00000000   Code   RO         4303    .ARM.Collect$$libshutdown$$00000009  c_p.l(libshutdown2.o)
    0x08000162   0x08000162   0x00000000   Code   RO         4306    .ARM.Collect$$libshutdown$$0000000C  c_p.l(libshutdown2.o)
    0x08000162   0x08000162   0x00000000   Code   RO         4308    .ARM.Collect$$libshutdown$$0000000E  c_p.l(libshutdown2.o)
    0x08000162   0x08000162   0x00000000   Code   RO         4311    .ARM.Collect$$libshutdown$$00000011  c_p.l(libshutdown2.o)
    0x08000162   0x08000162   0x00000002   Code   RO         4312    .ARM.Collect$$libshutdown$$00000012  c_p.l(libshutdown2.o)
    0x08000164   0x08000164   0x00000000   Code   RO         4103    .ARM.Collect$$rtentry$$00000000  c_p.l(__rtentry.o)
    0x08000164   0x08000164   0x00000000   Code   RO         4151    .ARM.Collect$$rtentry$$00000002  c_p.l(__rtentry2.o)
    0x08000164   0x08000164   0x00000006   Code   RO         4163    .ARM.Collect$$rtentry$$00000004  c_p.l(__rtentry4.o)
    0x0800016a   0x0800016a   0x00000000   Code   RO         4153    .ARM.Collect$$rtentry$$00000009  c_p.l(__rtentry2.o)
    0x0800016a   0x0800016a   0x00000004   Code   RO         4154    .ARM.Collect$$rtentry$$0000000A  c_p.l(__rtentry2.o)
    0x0800016e   0x0800016e   0x00000000   Code   RO         4156    .ARM.Collect$$rtentry$$0000000C  c_p.l(__rtentry2.o)
    0x0800016e   0x0800016e   0x00000008   Code   RO         4157    .ARM.Collect$$rtentry$$0000000D  c_p.l(__rtentry2.o)
    0x08000176   0x08000176   0x00000002   Code   RO         4252    .ARM.Collect$$rtexit$$00000000  c_p.l(rtexit.o)
    0x08000178   0x08000178   0x00000000   Code   RO         4265    .ARM.Collect$$rtexit$$00000002  c_p.l(rtexit2.o)
    0x08000178   0x08000178   0x00000004   Code   RO         4266    .ARM.Collect$$rtexit$$00000003  c_p.l(rtexit2.o)
    0x0800017c   0x0800017c   0x00000006   Code   RO         4267    .ARM.Collect$$rtexit$$00000004  c_p.l(rtexit2.o)
    0x08000182   0x08000182   0x00000002   PAD
    0x08000184   0x08000184   0x00000038   Code   RO         4076    .emb_text           c_p.l(rt_memcpy.o)
    0x080001bc   0x080001bc   0x00000038   Code   RO            4    .text               startup_stm32f030x8.o
    0x080001f4   0x080001f4   0x00000002   Code   RO         4013    .text               c_p.l(use_no_semi_2.o)
    0x080001f6   0x080001f6   0x00000002   PAD
    0x080001f8   0x080001f8   0x00000010   Code   RO         4015    .text               c_p.l(rt_ctype_table.o)
    0x08000208   0x08000208   0x00000102   Code   RO         4019    .text               c_p.l(lludiv.o)
    0x0800030a   0x0800030a   0x00000002   PAD
    0x0800030c   0x0800030c   0x0000001c   Code   RO         4025    .text               c_p.l(noretval__2printf.o)
    0x08000328   0x08000328   0x0000004e   Code   RO         4031    .text               c_p.l(_printf_pad.o)
    0x08000376   0x08000376   0x00000052   Code   RO         4033    .text               c_p.l(_printf_str.o)
    0x080003c8   0x080003c8   0x0000006c   Code   RO         4035    .text               c_p.l(_printf_dec.o)
    0x08000434   0x08000434   0x00000188   Code   RO         4054    .text               c_p.l(__printf_flags_ss_wp.o)
    0x080005bc   0x080005bc   0x0000001a   Code   RO         4060    .text               c_p.l(atoi.o)
    0x080005d6   0x080005d6   0x00000008   Code   RO         4062    .text               c_p.l(putc.o)
    0x080005de   0x080005de   0x00000002   PAD
    0x080005e0   0x080005e0   0x0000002c   Code   RO         4064    .text               c_p.l(puts.o)
    0x0800060c   0x0800060c   0x00000014   Code   RO         4066    .text               c_p.l(abort.o)
    0x08000620   0x08000620   0x00000014   Code   RO         4068    .text               c_p.l(strchr.o)
    0x08000634   0x08000634   0x0000004c   Code   RO         4070    .text               c_p.l(strcpy.o)
    0x08000680   0x08000680   0x00000044   Code   RO         4072    .text               c_p.l(strlen.o)
    0x080006c4   0x080006c4   0x000000a0   Code   RO         4074    .text               c_p.l(strncmp.o)
    0x08000764   0x08000764   0x00000082   Code   RO         4077    .text               c_p.l(rt_memcpy.o)
    0x080007e6   0x080007e6   0x00000040   Code   RO         4080    .text               c_p.l(rt_memclr.o)
    0x08000826   0x08000826   0x00000002   PAD
    0x08000828   0x08000828   0x00000088   Code   RO         4082    .text               c_p.l(strcmp.o)
    0x080008b0   0x080008b0   0x0000015a   Code   RO         4084    .text               c_p.l(aeabi_sdiv.o)
    0x08000a0a   0x08000a0a   0x00000006   Code   RO         4088    .text               c_p.l(heapauxi.o)
    0x08000a10   0x08000a10   0x00000160   Code   RO         4092    .text               fz_ps.l(fdiv.o)
    0x08000b70   0x08000b70   0x00000030   Code   RO         4095    .text               fz_ps.l(ffixui.o)
    0x08000ba0   0x08000ba0   0x0000005e   Code   RO         4097    .text               fz_ps.l(fflti.o)
    0x08000bfe   0x08000bfe   0x00000002   Code   RO         4101    .text               c_p.l(use_no_semi.o)
    0x08000c00   0x08000c00   0x00000008   Code   RO         4115    .text               c_p.l(rt_locale_intlibspace.o)
    0x08000c08   0x08000c08   0x00000008   Code   RO         4120    .text               c_p.l(rt_errno_addr_intlibspace.o)
    0x08000c10   0x08000c10   0x000000b0   Code   RO         4122    .text               c_p.l(_printf_intcommon.o)
    0x08000cc0   0x08000cc0   0x00000030   Code   RO         4124    .text               c_p.l(_printf_char_common.o)
    0x08000cf0   0x08000cf0   0x0000002e   Code   RO         4130    .text               c_p.l(_printf_char.o)
    0x08000d1e   0x08000d1e   0x00000002   PAD
    0x08000d20   0x08000d20   0x00000028   Code   RO         4132    .text               c_p.l(_printf_char_file.o)
    0x08000d48   0x08000d48   0x00000070   Code   RO         4135    .text               c_p.l(strtol.o)
    0x08000db8   0x08000db8   0x0000000c   Code   RO         4140    .text               c_p.l(defsig_abrt_outer.o)
    0x08000dc4   0x08000dc4   0x00000028   Code   RO         4144    .text               c_p.l(rtudiv10.o)
    0x08000dec   0x08000dec   0x00000008   Code   RO         4147    .text               c_p.l(libspace.o)
    0x08000df4   0x08000df4   0x000000a6   Code   RO         4171    .text               c_p.l(_strtoul.o)
    0x08000e9a   0x08000e9a   0x00000008   Code   RO         4173    .text               c_p.l(ferror.o)
    0x08000ea2   0x08000ea2   0x0000000c   Code   RO         4177    .text               c_p.l(defsig_exit.o)
    0x08000eae   0x08000eae   0x00000002   PAD
    0x08000eb0   0x08000eb0   0x00000030   Code   RO         4179    .text               c_p.l(defsig_abrt_inner.o)
    0x08000ee0   0x08000ee0   0x0000003e   Code   RO         4226    .text               c_p.l(sys_stackheap_outer.o)
    0x08000f1e   0x08000f1e   0x0000001e   Code   RO         4229    .text               c_p.l(_chval.o)
    0x08000f3c   0x08000f3c   0x00000010   Code   RO         4231    .text               c_p.l(exit.o)
    0x08000f4c   0x08000f4c   0x00000034   Code   RO         4235    .text               c_p.l(defsig_general.o)
    0x08000f80   0x08000f80   0x00000058   Code   RO         2465    i.DS18B20_check_ack  drv_18b20.o
    0x08000fd8   0x08000fd8   0x00000004   Code   RO           12    i.Error_Handler     main.o
    0x08000fdc   0x08000fdc   0x00000040   Code   RO         1222    i.HAL_DMA_Abort     stm32f0xx_hal_dma.o
    0x0800101c   0x0800101c   0x00000048   Code   RO         1223    i.HAL_DMA_Abort_IT  stm32f0xx_hal_dma.o
    0x08001064   0x08001064   0x000001a4   Code   RO         1161    i.HAL_GPIO_Init     stm32f0xx_hal_gpio.o
    0x08001208   0x08001208   0x0000000a   Code   RO         1163    i.HAL_GPIO_ReadPin  stm32f0xx_hal_gpio.o
    0x08001212   0x08001212   0x0000000c   Code   RO         1165    i.HAL_GPIO_WritePin  stm32f0xx_hal_gpio.o
    0x0800121e   0x0800121e   0x00000002   PAD
    0x08001220   0x08001220   0x0000000c   Code   RO         1009    i.HAL_GetTick       stm32f0xx_hal.o
    0x0800122c   0x0800122c   0x0000004a   Code   RO          835    i.HAL_I2CEx_ConfigAnalogFilter  stm32f0xx_hal_i2c_ex.o
    0x08001276   0x08001276   0x00000048   Code   RO          836    i.HAL_I2CEx_ConfigDigitalFilter  stm32f0xx_hal_i2c_ex.o
    0x080012be   0x080012be   0x00000002   PAD
    0x080012c0   0x080012c0   0x000000b4   Code   RO          378    i.HAL_I2C_Init      stm32f0xx_hal_i2c.o
    0x08001374   0x08001374   0x00000090   Code   RO          175    i.HAL_I2C_MspInit   i2c.o
    0x08001404   0x08001404   0x00000010   Code   RO         1015    i.HAL_IncTick       stm32f0xx_hal.o
    0x08001414   0x08001414   0x00000020   Code   RO         1016    i.HAL_Init          stm32f0xx_hal.o
    0x08001434   0x08001434   0x00000044   Code   RO         1017    i.HAL_InitTick      stm32f0xx_hal.o
    0x08001478   0x08001478   0x00000028   Code   RO          347    i.HAL_MspInit       stm32f0xx_hal_msp.o
    0x080014a0   0x080014a0   0x00000018   Code   RO         1320    i.HAL_NVIC_EnableIRQ  stm32f0xx_hal_cortex.o
    0x080014b8   0x080014b8   0x00000008   Code   RO         1324    i.HAL_NVIC_SetPriority  stm32f0xx_hal_cortex.o
    0x080014c0   0x080014c0   0x000000e8   Code   RO          970    i.HAL_RCCEx_PeriphCLKConfig  stm32f0xx_hal_rcc_ex.o
    0x080015a8   0x080015a8   0x00000108   Code   RO          874    i.HAL_RCC_ClockConfig  stm32f0xx_hal_rcc.o
    0x080016b0   0x080016b0   0x00000020   Code   RO          881    i.HAL_RCC_GetPCLK1Freq  stm32f0xx_hal_rcc.o
    0x080016d0   0x080016d0   0x00000054   Code   RO          882    i.HAL_RCC_GetSysClockFreq  stm32f0xx_hal_rcc.o
    0x08001724   0x08001724   0x00000388   Code   RO          885    i.HAL_RCC_OscConfig  stm32f0xx_hal_rcc.o
    0x08001aac   0x08001aac   0x00000030   Code   RO         1328    i.HAL_SYSTICK_Config  stm32f0xx_hal_cortex.o
    0x08001adc   0x08001adc   0x00000002   Code   RO         1795    i.HAL_UARTEx_RxEventCallback  stm32f0xx_hal_uart.o
    0x08001ade   0x08001ade   0x00000002   Code   RO         1811    i.HAL_UART_ErrorCallback  stm32f0xx_hal_uart.o
    0x08001ae0   0x08001ae0   0x00000294   Code   RO         1814    i.HAL_UART_IRQHandler  stm32f0xx_hal_uart.o
    0x08001d74   0x08001d74   0x0000006a   Code   RO         1815    i.HAL_UART_Init     stm32f0xx_hal_uart.o
    0x08001dde   0x08001dde   0x00000002   PAD
    0x08001de0   0x08001de0   0x000000b4   Code   RO          219    i.HAL_UART_MspInit  usart.o
    0x08001e94   0x08001e94   0x000000c0   Code   RO         1824    i.HAL_UART_Transmit  stm32f0xx_hal_uart.o
    0x08001f54   0x08001f54   0x00000002   Code   RO         1827    i.HAL_UART_TxCpltCallback  stm32f0xx_hal_uart.o
    0x08001f56   0x08001f56   0x00000002   Code   RO          262    i.HardFault_Handler  stm32f0xx_it.o
    0x08001f58   0x08001f58   0x000000dc   Code   RO          154    i.MX_GPIO_Init      gpio.o
    0x08002034   0x08002034   0x00000058   Code   RO          176    i.MX_I2C1_Init      i2c.o
    0x0800208c   0x0800208c   0x00000058   Code   RO          177    i.MX_I2C2_Init      i2c.o
    0x080020e4   0x080020e4   0x00000038   Code   RO          220    i.MX_USART1_UART_Init  usart.o
    0x0800211c   0x0800211c   0x00000038   Code   RO          221    i.MX_USART2_UART_Init  usart.o
    0x08002154   0x08002154   0x00000002   Code   RO          263    i.NMI_Handler       stm32f0xx_it.o
    0x08002156   0x08002156   0x00000002   Code   RO          264    i.PendSV_Handler    stm32f0xx_it.o
    0x08002158   0x08002158   0x00000002   Code   RO          265    i.SVC_Handler       stm32f0xx_it.o
    0x0800215a   0x0800215a   0x00000002   PAD
    0x0800215c   0x0800215c   0x00000018   Code   RO          266    i.SysTick_Handler   stm32f0xx_it.o
    0x08002174   0x08002174   0x00000078   Code   RO           13    i.SystemClock_Config  main.o
    0x080021ec   0x080021ec   0x00000002   Code   RO         2218    i.SystemInit        system_stm32f0xx.o
    0x080021ee   0x080021ee   0x000000ca   Code   RO         1829    i.UART_AdvFeatureConfig  stm32f0xx_hal_uart.o
    0x080022b8   0x080022b8   0x000000c4   Code   RO         1830    i.UART_CheckIdleState  stm32f0xx_hal_uart.o
    0x0800237c   0x0800237c   0x00000014   Code   RO         1831    i.UART_DMAAbortOnError  stm32f0xx_hal_uart.o
    0x08002390   0x08002390   0x00000060   Code   RO         1841    i.UART_EndRxTransfer  stm32f0xx_hal_uart.o
    0x080023f0   0x080023f0   0x00000130   Code   RO         1845    i.UART_SetConfig    stm32f0xx_hal_uart.o
    0x08002520   0x08002520   0x0000008a   Code   RO         1850    i.UART_WaitOnFlagUntilTimeout  stm32f0xx_hal_uart.o
    0x080025aa   0x080025aa   0x00000002   PAD
    0x080025ac   0x080025ac   0x00000024   Code   RO          267    i.USART1_IRQHandler  stm32f0xx_it.o
    0x080025d0   0x080025d0   0x00000010   Code   RO          268    i.USART2_IRQHandler  stm32f0xx_it.o
    0x080025e0   0x080025e0   0x00000030   Code   RO          960    i.__ARM_common_ll_muluu  stm32f0xx_hal_rcc.o
    0x08002610   0x08002610   0x00000044   Code   RO         1330    i.__NVIC_SetPriority  stm32f0xx_hal_cortex.o
    0x08002654   0x08002654   0x0000000e   Code   RO         4047    i._is_digit         c_p.l(__printf_wp.o)
    0x08002662   0x08002662   0x00000002   Code   RO         3833    i._sys_exit         uart_port.o
    0x08002664   0x08002664   0x00000002   Code   RO         3834    i._ttywrch          uart_port.o
    0x08002666   0x08002666   0x00000002   PAD
    0x08002668   0x08002668   0x00000068   Code   RO         2251    i.app_cmd_disable_output  app_cmd.o
    0x080026d0   0x080026d0   0x00000068   Code   RO         2254    i.app_cmd_enable_output  app_cmd.o
    0x08002738   0x08002738   0x00000014   Code   RO         2255    i.app_cmd_enable_receive  app_cmd.o
    0x0800274c   0x0800274c   0x00000018   Code   RO         2257    i.app_cmd_exit      app_cmd.o
    0x08002764   0x08002764   0x00000058   Code   RO         2258    i.app_cmd_handle_special_char  app_cmd.o
    0x080027bc   0x080027bc   0x0000009c   Code   RO         2259    i.app_cmd_help      app_cmd.o
    0x08002858   0x08002858   0x00000028   Code   RO         2260    i.app_cmd_init      app_cmd.o
    0x08002880   0x08002880   0x0000000a   Code   RO         2261    i.app_cmd_module    app_cmd.o
    0x0800288a   0x0800288a   0x00000002   PAD
    0x0800288c   0x0800288c   0x000000d0   Code   RO         2262    i.app_cmd_on_receive_byte  app_cmd.o
    0x0800295c   0x0800295c   0x00000070   Code   RO         2263    i.app_cmd_output_all_module_info  app_cmd.o
    0x080029cc   0x080029cc   0x00000148   Code   RO         2264    i.app_cmd_parse_from_str  app_cmd.o
    0x08002b14   0x08002b14   0x00000044   Code   RO         2265    i.app_cmd_read_temp  app_cmd.o
    0x08002b58   0x08002b58   0x00000022   Code   RO         2266    i.app_cmd_repeat    app_cmd.o
    0x08002b7a   0x08002b7a   0x00000002   PAD
    0x08002b7c   0x08002b7c   0x0000001c   Code   RO         2267    i.app_cmd_repeat_exe_cmd  app_cmd.o
    0x08002b98   0x08002b98   0x00000018   Code   RO         2268    i.app_cmd_send_return_flag  app_cmd.o
    0x08002bb0   0x08002bb0   0x00000050   Code   RO         2269    i.app_cmd_set_module_output_by_name  app_cmd.o
    0x08002c00   0x08002c00   0x00000030   Code   RO         2270    i.app_cmd_test_watchdog  app_cmd.o
    0x08002c30   0x08002c30   0x000000b8   Code   RO         2271    i.app_cmd_version   app_cmd.o
    0x08002ce8   0x08002ce8   0x0000002c   Code   RO         2870    i.beep              main_run.o
    0x08002d14   0x08002d14   0x00000038   Code   RO         2871    i.beep_callback     main_run.o
    0x08002d4c   0x08002d4c   0x00000010   Code   RO         2872    i.buzzer_off        main_run.o
    0x08002d5c   0x08002d5c   0x00000010   Code   RO         2873    i.buzzer_on         main_run.o
    0x08002d6c   0x08002d6c   0x00000038   Code   RO         2874    i.check_if_reach_5mins  main_run.o
    0x08002da4   0x08002da4   0x0000003c   Code   RO         2424    i.com_handle_new_byte  com.o
    0x08002de0   0x08002de0   0x0000003c   Code   RO         2425    i.com_handle_new_received_data  com.o
    0x08002e1c   0x08002e1c   0x0000000c   Code   RO         2426    i.com_init_by_file  com.o
    0x08002e28   0x08002e28   0x00000054   Code   RO         2427    i.com_set_receive_handler  com.o
    0x08002e7c   0x08002e7c   0x0000000c   Code   RO         2428    i.com_to_file       com.o
    0x08002e88   0x08002e88   0x00000048   Code   RO         2532    i.drv_com_file      drv_com.o
    0x08002ed0   0x08002ed0   0x0000001c   Code   RO         2533    i.drv_com_file_ctl  drv_com.o
    0x08002eec   0x08002eec   0x0000003e   Code   RO         2534    i.drv_com_file_read  drv_com.o
    0x08002f2a   0x08002f2a   0x00000028   Code   RO         2535    i.drv_com_file_write  drv_com.o
    0x08002f52   0x08002f52   0x00000002   PAD
    0x08002f54   0x08002f54   0x00000048   Code   RO         2536    i.drv_com_init      drv_com.o
    0x08002f9c   0x08002f9c   0x0000002c   Code   RO         2537    i.drv_com_on_receive_one_byte  drv_com.o
    0x08002fc8   0x08002fc8   0x00000020   Code   RO         2594    i.drv_key_scan      drv_key.o
    0x08002fe8   0x08002fe8   0x0000003c   Code   RO         2466    i.ds18b20_check_device  drv_18b20.o
    0x08003024   0x08003024   0x00000068   Code   RO         2467    i.ds18b20_read_byte  drv_18b20.o
    0x0800308c   0x0800308c   0x0000005c   Code   RO         2468    i.ds18b20_read_temp  drv_18b20.o
    0x080030e8   0x080030e8   0x00000044   Code   RO         2469    i.ds18b20_write_byte  drv_18b20.o
    0x0800312c   0x0800312c   0x00000058   Code   RO         2620    i.event_clear       event.o
    0x08003184   0x08003184   0x0000004c   Code   RO         2621    i.event_handle      event.o
    0x080031d0   0x080031d0   0x0000005c   Code   RO         2622    i.event_is_set      event.o
    0x0800322c   0x0800322c   0x00000048   Code   RO         2624    i.event_set_handler  event.o
    0x08003274   0x08003274   0x00000018   Code   RO         3835    i.fputc             uart_port.o
    0x0800328c   0x0800328c   0x0000000c   Code   RO         3915    i.get_module_name   common.o
    0x08003298   0x08003298   0x0000001a   Code   RO         2595    i.gpio_is_valid     drv_key.o
    0x080032b2   0x080032b2   0x00000002   PAD
    0x080032b4   0x080032b4   0x00000010   Code   RO         3916    i.is_module_enable_output  common.o
    0x080032c4   0x080032c4   0x00000044   Code   RO         2875    i.key_bind          main_run.o
    0x08003308   0x08003308   0x0000008c   Code   RO         2673    i.key_combination_handle  key.o
    0x08003394   0x08003394   0x000000d4   Code   RO         2676    i.key_handle        key.o
    0x08003468   0x08003468   0x00000034   Code   RO         2678    i.key_init          key.o
    0x0800349c   0x0800349c   0x0000004c   Code   RO         2680    i.key_is_pressed    key.o
    0x080034e8   0x080034e8   0x00000018   Code   RO         2876    i.key_on_pressed    main_run.o
    0x08003500   0x08003500   0x00000038   Code   RO         2877    i.key_on_released   main_run.o
    0x08003538   0x08003538   0x000000e0   Code   RO         2681    i.key_press_handle  key.o
    0x08003618   0x08003618   0x0000001c   Code   RO         2682    i.key_pressed_counter  key.o
    0x08003634   0x08003634   0x00000054   Code   RO         2683    i.key_release_handle  key.o
    0x08003688   0x08003688   0x000000f8   Code   RO         2684    i.key_scan          key.o
    0x08003780   0x08003780   0x0000001c   Code   RO         2685    i.key_scan_timer_out  key.o
    0x0800379c   0x0800379c   0x00000070   Code   RO         2691    i.key_set_handler   key.o
    0x0800380c   0x0800380c   0x00000018   Code   RO         2694    i.key_set_key_repeat_speed_by_time  key.o
    0x08003824   0x08003824   0x00000038   Code   RO         2696    i.key_start_scan    key.o
    0x0800385c   0x0800385c   0x00000028   Code   RO         2697    i.key_state         key.o
    0x08003884   0x08003884   0x00000022   Code   RO           14    i.main              main.o
    0x080038a6   0x080038a6   0x00000028   Code   RO         2878    i.main_handle_all   main_run.o
    0x080038ce   0x080038ce   0x0000000a   Code   RO         2879    i.main_handle_pc_uart_recv  main_run.o
    0x080038d8   0x080038d8   0x00000080   Code   RO         2880    i.main_run          main_run.o
    0x08003958   0x08003958   0x0000005c   Code   RO         2959    i.msg_handle        msg.o
    0x080039b4   0x080039b4   0x00000028   Code   RO         2960    i.msg_handle_all    msg.o
    0x080039dc   0x080039dc   0x00000028   Code   RO         2961    i.msg_init          msg.o
    0x08003a04   0x08003a04   0x00000014   Code   RO         2470    i.read_channel_temp  drv_18b20.o
    0x08003a18   0x08003a18   0x00000068   Code   RO         2881    i.reset_key_on_pressed  main_run.o
    0x08003a80   0x08003a80   0x00000010   Code   RO         3917    i.set_module_output  common.o
    0x08003a90   0x08003a90   0x00000022   Code   RO         2471    i.set_pin_mode_input  drv_18b20.o
    0x08003ab2   0x08003ab2   0x00000022   Code   RO         2472    i.set_pin_mode_output  drv_18b20.o
    0x08003ad4   0x08003ad4   0x00000028   Code   RO         3584    i.ssz_delay_us      ssz_stm32_hal_bsp.o
    0x08003afc   0x08003afc   0x00000108   Code   RO         3132    i.ssz_deque_erase   ssz_deque.o
    0x08003c04   0x08003c04   0x00000050   Code   RO         3135    i.ssz_deque_front   ssz_deque.o
    0x08003c54   0x08003c54   0x00000058   Code   RO         3137    i.ssz_deque_init    ssz_deque.o
    0x08003cac   0x08003cac   0x00000044   Code   RO         3140    i.ssz_deque_is_empty  ssz_deque.o
    0x08003cf0   0x08003cf0   0x0000002a   Code   RO         3142    i.ssz_deque_is_node_of_index_valid  ssz_deque.o
    0x08003d1a   0x08003d1a   0x00000014   Code   RO         3144    i.ssz_deque_next_index_simple  ssz_deque.o
    0x08003d2e   0x08003d2e   0x00000002   PAD
    0x08003d30   0x08003d30   0x0000004c   Code   RO         3146    i.ssz_deque_pop_front  ssz_deque.o
    0x08003d7c   0x08003d7c   0x00000012   Code   RO         3149    i.ssz_deque_prev_index_simple  ssz_deque.o
    0x08003d8e   0x08003d8e   0x0000001a   Code   RO         3160    i.ssz_deque_tail_index_simple  ssz_deque.o
    0x08003da8   0x08003da8   0x0000001a   Code   RO         3360    i.ssz_fgetc         ssz_file.o
    0x08003dc2   0x08003dc2   0x00000002   PAD
    0x08003dc4   0x08003dc4   0x00000044   Code   RO         3361    i.ssz_file_init     ssz_file.o
    0x08003e08   0x08003e08   0x0000000a   Code   RO         3363    i.ssz_fread         ssz_file.o
    0x08003e12   0x08003e12   0x00000002   PAD
    0x08003e14   0x08003e14   0x00000074   Code   RO         3366    i.ssz_fread_ex      ssz_file.o
    0x08003e88   0x08003e88   0x0000001a   Code   RO         3368    i.ssz_fsize         ssz_file.o
    0x08003ea2   0x08003ea2   0x0000000a   Code   RO         3370    i.ssz_fwrite        ssz_file.o
    0x08003eac   0x08003eac   0x00000078   Code   RO         3373    i.ssz_fwrite_ex     ssz_file.o
    0x08003f24   0x08003f24   0x00000070   Code   RO         3374    i.ssz_ioctl         ssz_file.o
    0x08003f94   0x08003f94   0x00000008   Code   RO         3080    i.ssz_mem_zero      ssz_common.o
    0x08003f9c   0x08003f9c   0x0000002c   Code   RO         3081    i.ssz_on_assert_fail  ssz_common.o
    0x08003fc8   0x08003fc8   0x00000028   Code   RO         3082    i.ssz_on_check_fail  ssz_common.o
    0x08003ff0   0x08003ff0   0x00000008   Code   RO         3462    i.ssz_queue_front   ssz_queue.o
    0x08003ff8   0x08003ff8   0x00000008   Code   RO         3463    i.ssz_queue_init    ssz_queue.o
    0x08004000   0x08004000   0x00000008   Code   RO         3464    i.ssz_queue_is_empty  ssz_queue.o
    0x08004008   0x08004008   0x00000008   Code   RO         3466    i.ssz_queue_pop     ssz_queue.o
    0x08004010   0x08004010   0x00000058   Code   RO         3522    i.ssz_safe_queue_front  ssz_safe_queue.o
    0x08004068   0x08004068   0x00000060   Code   RO         3523    i.ssz_safe_queue_init  ssz_safe_queue.o
    0x080040c8   0x080040c8   0x00000014   Code   RO         3524    i.ssz_safe_queue_is_empty  ssz_safe_queue.o
    0x080040dc   0x080040dc   0x0000001c   Code   RO         3526    i.ssz_safe_queue_pop  ssz_safe_queue.o
    0x080040f8   0x080040f8   0x00000036   Code   RO         3527    i.ssz_safe_queue_push  ssz_safe_queue.o
    0x0800412e   0x0800412e   0x00000016   Code   RO         3528    i.ssz_safe_queue_size  ssz_safe_queue.o
    0x08004144   0x08004144   0x00000046   Code   RO         3948    i.ssz_str_split     ssz_str_utility.o
    0x0800418a   0x0800418a   0x00000002   PAD
    0x0800418c   0x0800418c   0x00000010   Code   RO         3644    i.ssz_tick_time_elapsed  ssz_tick_time.o
    0x0800419c   0x0800419c   0x00000018   Code   RO         3645    i.ssz_tick_time_elapsed_ex  ssz_tick_time.o
    0x080041b4   0x080041b4   0x00000024   Code   RO         3647    i.ssz_tick_time_increase  ssz_tick_time.o
    0x080041d8   0x080041d8   0x0000001c   Code   RO         3648    i.ssz_tick_time_is_after_or_eq  ssz_tick_time.o
    0x080041f4   0x080041f4   0x00000014   Code   RO         3649    i.ssz_tick_time_next  ssz_tick_time.o
    0x08004208   0x08004208   0x00000018   Code   RO         3650    i.ssz_tick_time_next_ex  ssz_tick_time.o
    0x08004220   0x08004220   0x0000000c   Code   RO         3651    i.ssz_tick_time_now  ssz_tick_time.o
    0x0800422c   0x0800422c   0x00000020   Code   RO         3589    i.ssz_uart_write    ssz_stm32_hal_bsp.o
    0x0800424c   0x0800424c   0x0000000a   Code   RO         3760    i.timer_handle_all  timer.o
    0x08004256   0x08004256   0x00000002   PAD
    0x08004258   0x08004258   0x00000054   Code   RO         3761    i.timer_handle_all_of_group  timer.o
    0x080042ac   0x080042ac   0x0000000a   Code   RO         3763    i.timer_set_handler  timer.o
    0x080042b6   0x080042b6   0x00000002   PAD
    0x080042b8   0x080042b8   0x00000010   Code   RO         3764    i.timer_set_handler_and_group  timer.o
    0x080042c8   0x080042c8   0x00000024   Code   RO         3765    i.timer_start_oneshot_after  timer.o
    0x080042ec   0x080042ec   0x0000001c   Code   RO         3767    i.timer_start_periodic_every  timer.o
    0x08004308   0x08004308   0x00000014   Code   RO         3768    i.timer_stop        timer.o
    0x0800431c   0x0800431c   0x00000008   Code   RO         3872    i.version_build_time  version.o
    0x08004324   0x08004324   0x00000008   Code   RO         3873    i.version_info      version.o
    0x0800432c   0x0800432c   0x00000014   Code   RO         3874    i.version_software_name  version.o
    0x08004340   0x08004340   0x00000008   Code   RO         3875    i.version_str       version.o
    0x08004348   0x08004348   0x0000002c   Code   RO         4138    locale$$code        c_p.l(lc_ctype_c.o)
    0x08004374   0x08004374   0x000000b0   Code   RO         4099    x$fpl$fmul          fz_ps.l(fmul.o)
    0x08004424   0x08004424   0x00000000   Code   RO         4146    x$fpl$usenofp       fz_ps.l(usenofp.o)
    0x08004424   0x08004424   0x00000020   Data   RO          886    .constdata          stm32f0xx_hal_rcc.o
    0x08004444   0x08004444   0x00000010   Data   RO         2219    .constdata          system_stm32f0xx.o
    0x08004454   0x08004454   0x00000008   Data   RO         2220    .constdata          system_stm32f0xx.o
    0x0800445c   0x0800445c   0x0000007c   Data   RO         2273    .constdata          app_cmd.o
    0x080044d8   0x080044d8   0x00000010   Data   RO         2473    .constdata          drv_18b20.o
    0x080044e8   0x080044e8   0x00000010   Data   RO         2539    .constdata          drv_com.o
    0x080044f8   0x080044f8   0x00000018   Data   RO         2596    .constdata          drv_key.o
    0x08004510   0x08004510   0x00000044   Data   RO         3876    .constdata          version.o
    0x08004554   0x08004554   0x00000011   Data   RO         4055    .constdata          c_p.l(__printf_flags_ss_wp.o)
    0x08004565   0x08004565   0x00000040   Data   RO         4093    .constdata          fz_ps.l(fdiv.o)
    0x080045a5   0x080045a5   0x00000003   PAD
    0x080045a8   0x080045a8   0x000001e9   Data   RO         2274    .conststring        app_cmd.o
    0x08004791   0x08004791   0x00000003   PAD
    0x08004794   0x08004794   0x00000069   Data   RO         2700    .conststring        key.o
    0x080047fd   0x080047fd   0x00000003   PAD
    0x08004800   0x08004800   0x00000054   Data   RO         2882    .conststring        main_run.o
    0x08004854   0x08004854   0x0000003a   Data   RO         3918    .conststring        common.o
    0x0800488e   0x0800488e   0x00000002   PAD
    0x08004890   0x08004890   0x00000020   Data   RO         4313    Region$$Table       anon$$obj.o
    0x080048b0   0x080048b0   0x00000110   Data   RO         4137    locale$$data        c_p.l(lc_ctype_c.o)


    Execution Region RW_IRAM1 (Exec base: 0x20000000, Load base: 0x080049c0, Size: 0x00000b38, Max: 0x00002000, ABSOLUTE)

    Exec Addr    Load Addr    Size         Type   Attr      Idx    E Section Name        Object

    0x20000000   0x080049c0   0x0000000c   Data   RW         1023    .data               stm32f0xx_hal.o
    0x2000000c   0x080049cc   0x00000004   Data   RW         2221    .data               system_stm32f0xx.o
    0x20000010   0x080049d0   0x0000000c   Data   RW         2275    .data               app_cmd.o
    0x2000001c   0x080049dc   0x00000004   Data   RW         2430    .data               com.o
    0x20000020   0x080049e0   0x00000008   Data   RW         2540    .data               drv_com.o
    0x20000028   0x080049e8   0x00000018   Data   RW         2701    .data               key.o
    0x20000040   0x08004a00   0x00000014   Data   RW         2883    .data               main_run.o
    0x20000054   0x08004a14   0x0000000c   Data   RW         2976    .data               msg.o
    0x20000060   0x08004a20   0x0000000c   Data   RW         3655    .data               ssz_tick_time.o
    0x2000006c   0x08004a2c   0x00000004   Data   RW         3836    .data               uart_port.o
    0x20000070   0x08004a30   0x00000028   Data   RW         3919    .data               common.o
    0x20000098        -       0x000000a8   Zero   RW          178    .bss                i2c.o
    0x20000140        -       0x00000110   Zero   RW          222    .bss                usart.o
    0x20000250        -       0x00000078   Zero   RW         2272    .bss                app_cmd.o
    0x200002c8        -       0x0000000c   Zero   RW         2429    .bss                com.o
    0x200002d4        -       0x00000064   Zero   RW         2538    .bss                drv_com.o
    0x20000338        -       0x00000018   Zero   RW         2625    .bss                event.o
    0x20000350        -       0x00000084   Zero   RW         2699    .bss                key.o
    0x200003d4        -       0x000000a0   Zero   RW         2974    .bss                msg.o
    0x20000474        -       0x00000010   Zero   RW         2975    .bss                msg.o
    0x20000484        -       0x00000050   Zero   RW         3771    .bss                timer.o
    0x200004d4        -       0x00000060   Zero   RW         4148    .bss                c_p.l(libspace.o)
    0x20000534   0x08004a58   0x00000004   PAD
    0x20000538        -       0x00000200   Zero   RW            2    HEAP                startup_stm32f030x8.o
    0x20000738        -       0x00000400   Zero   RW            1    STACK               startup_stm32f030x8.o


==============================================================================

Image component sizes


      Code (inc. data)   RO Data    RW Data    ZI Data      Debug   Object Name

      1660        622        613         12        120      14595   app_cmd.o
       228         68          0          4         12       3308   com.o
        44         16         58         40          0       1884   common.o
       500         12         16          0          0       5507   drv_18b20.o
       318         74         16          8        100       5247   drv_com.o
        58          6         24          0          0       1655   drv_key.o
       328        208          0          0         24       3259   event.o
       220         16          0          0          0        927   gpio.o
       320         42          0          0        168       2126   i2c.o
      1324        360        105         24        132      10371   key.o
       158          0          0          0          0     249204   main.o
       618        158         84         20          0       6344   main_run.o
       172         74          0         12        176       2848   msg.o
        92         52          0          0          0       1946   ssz_common.o
       682        238          0          0          0       6490   ssz_deque.o
       488        232          0          0          0       5150   ssz_file.o
        32          0          0          0          0       2328   ssz_queue.o
       308        100          0          0          0       4096   ssz_safe_queue.o
        72          8          0          0          0       1608   ssz_stm32_hal_bsp.o
        70          0          0          0          0        980   ssz_str_utility.o
       160         42          0         12          0       4478   ssz_tick_time.o
        56         26        180          0       1536        612   startup_stm32f030x8.o
       128         26          0         12          0       7121   stm32f0xx_hal.o
       148         24          0          0          0      10181   stm32f0xx_hal_cortex.o
       136          0          0          0          0       1663   stm32f0xx_hal_dma.o
       442         24          0          0          0       2651   stm32f0xx_hal_gpio.o
       180          4          0          0          0       3159   stm32f0xx_hal_i2c.o
       146          0          0          0          0       1823   stm32f0xx_hal_i2c_ex.o
        40          6          0          0          0        774   stm32f0xx_hal_msp.o
      1332         64         32          0          0       4465   stm32f0xx_hal_rcc.o
       232         14          0          0          0       1308   stm32f0xx_hal_rcc_ex.o
      1920         42          0          0          0      15307   stm32f0xx_hal_uart.o
        84         14          0          0          0       5227   stm32f0xx_it.o
         2          0         24          4          0       1039   system_stm32f0xx.o
       204         24          0          0         80       4165   timer.o
        28          4          0          4          0       3057   uart_port.o
       292         30          0          0        272       2163   usart.o
        44         28         68          0          0       2458   version.o

    ----------------------------------------------------------------------
     13298       2658       1260        152       2620     401524   Object Totals
         0          0         32          0          0          0   (incl. Generated)
        32          0          8          0          0          0   (incl. Padding)

    ----------------------------------------------------------------------

      Code (inc. data)   RO Data    RW Data    ZI Data      Debug   Library Member Name

         8          0          0          0          0         68   __main.o
       392          6         17          0          0         76   __printf_flags_ss_wp.o
        14          0          0          0          0         60   __printf_wp.o
         0          0          0          0          0          0   __rtentry.o
        12          0          0          0          0          0   __rtentry2.o
         6          0          0          0          0          0   __rtentry4.o
        60          8          0          0          0          0   __scatter.o
        26          0          0          0          0          0   __scatter_copy.o
        28          0          0          0          0          0   __scatter_zi.o
        30          0          0          0          0         60   _chval.o
        46          0          0          0          0        100   _printf_char.o
        48          6          0          0          0         88   _printf_char_common.o
        40          6          0          0          0         72   _printf_char_file.o
        10          0          0          0          0          0   _printf_d.o
       108         18          0          0          0         76   _printf_dec.o
       176          0          0          0          0         84   _printf_intcommon.o
        78          0          0          0          0        100   _printf_pad.o
         2          0          0          0          0          0   _printf_percent.o
         4          0          0          0          0          0   _printf_percent_end.o
        10          0          0          0          0          0   _printf_s.o
        82          0          0          0          0         72   _printf_str.o
       166          0          0          0          0         84   _strtoul.o
        20          0          0          0          0         68   abort.o
       346          0          0          0          0         92   aeabi_sdiv.o
        26          0          0          0          0         72   atoi.o
        48         34          0          0          0         68   defsig_abrt_inner.o
        12          0          0          0          0         68   defsig_abrt_outer.o
        12          0          0          0          0         68   defsig_exit.o
        52          0          0          0          0         72   defsig_general.o
        16          0          0          0          0         68   exit.o
         8          0          0          0          0         60   ferror.o
         6          0          0          0          0        136   heapauxi.o
        44         10        272          0          0         76   lc_ctype_c.o
         2          0          0          0          0          0   libinit.o
        20          0          0          0          0          0   libinit2.o
         2          0          0          0          0          0   libshutdown.o
         2          0          0          0          0          0   libshutdown2.o
         8          4          0          0         96         68   libspace.o
       258          0          0          0          0         88   lludiv.o
        28          6          0          0          0         84   noretval__2printf.o
         8          0          0          0          0         68   putc.o
        44          6          0          0          0         68   puts.o
        16          4          0          0          0         76   rt_ctype_table.o
         8          4          0          0          0         68   rt_errno_addr_intlibspace.o
         8          4          0          0          0         68   rt_locale_intlibspace.o
        64          0          0          0          0        108   rt_memclr.o
       186          0          0          0          0        144   rt_memcpy.o
         2          0          0          0          0          0   rtexit.o
        10          0          0          0          0          0   rtexit2.o
        40          0          0          0          0         60   rtudiv10.o
        20          0          0          0          0         60   strchr.o
       136          4          0          0          0         72   strcmp.o
        76          6          0          0          0         72   strcpy.o
        68          6          0          0          0         72   strlen.o
       160          6          0          0          0         76   strncmp.o
       112          4          0          0          0         76   strtol.o
        62          0          0          0          0         80   sys_stackheap_outer.o
         2          0          0          0          0         68   use_no_semi.o
         2          0          0          0          0         68   use_no_semi_2.o
       352         10         64          0          0         92   fdiv.o
        48          0          0          0          0         60   ffixui.o
        94          0          0          0          0         92   fflti.o
       176          4          0          0          0         80   fmul.o
         0          0          0          0          0          0   usenofp.o

    ----------------------------------------------------------------------
      3966        156        356          0        100       3656   Library Totals
        16          0          3          0          4          0   (incl. Padding)

    ----------------------------------------------------------------------

      Code (inc. data)   RO Data    RW Data    ZI Data      Debug   Library Name

      3280        142        289          0         96       3332   c_p.l
       670         14         64          0          0        324   fz_ps.l

    ----------------------------------------------------------------------
      3966        156        356          0        100       3656   Library Totals

    ----------------------------------------------------------------------

==============================================================================


      Code (inc. data)   RO Data    RW Data    ZI Data      Debug   

     17264       2814       1616        152       2720     395476   Grand Totals
     17264       2814       1616        152       2720     395476   ELF Image Totals
     17264       2814       1616        152          0          0   ROM Totals

==============================================================================

    Total RO  Size (Code + RO Data)                18880 (  18.44kB)
    Total RW  Size (RW Data + ZI Data)              2872 (   2.80kB)
    Total ROM Size (Code + RO Data + RW Data)      19032 (  18.59kB)

==============================================================================

